Archive member included to satisfy reference by file (symbol)

c:/program files (x86)/atollic/truestudio for stm32 9.1.0/armtools/bin/../lib/gcc/arm-atollic-eabi/6.3.1/../../../../arm-atollic-eabi/lib/armv7e-m/fpu/fpv5-d16\libc_nano.a(lib_a-errno.o)
                              Src\syscalls.o (__errno)
c:/program files (x86)/atollic/truestudio for stm32 9.1.0/armtools/bin/../lib/gcc/arm-atollic-eabi/6.3.1/../../../../arm-atollic-eabi/lib/armv7e-m/fpu/fpv5-d16\libc_nano.a(lib_a-impure.o)
                              c:/program files (x86)/atollic/truestudio for stm32 9.1.0/armtools/bin/../lib/gcc/arm-atollic-eabi/6.3.1/../../../../arm-atollic-eabi/lib/armv7e-m/fpu/fpv5-d16\libc_nano.a(lib_a-errno.o) (_impure_ptr)
c:/program files (x86)/atollic/truestudio for stm32 9.1.0/armtools/bin/../lib/gcc/arm-atollic-eabi/6.3.1/../../../../arm-atollic-eabi/lib/armv7e-m/fpu/fpv5-d16\libc_nano.a(lib_a-init.o)
                              startup\startup_stm32h743xx.o (__libc_init_array)
c:/program files (x86)/atollic/truestudio for stm32 9.1.0/armtools/bin/../lib/gcc/arm-atollic-eabi/6.3.1/../../../../arm-atollic-eabi/lib/armv7e-m/fpu/fpv5-d16\libc_nano.a(lib_a-memset.o)
                              Src\dac.o (memset)

Allocating common symbols
Common symbol       size              file

Switch2_ModulationEnable
                    0x1               Src\adc.o
yout                0x8               Src\main.o
li                  0x2               Src\main.o
hdac1               0x14              Src\dac.o
InstancePID2        0xc0              Src\adc.o
charI               0x20              Src\main.o
DACoutput1          0x2               Src\main.o
ADCBuf              0x8               Src\main.o
pData               0x2               Src\main.o
uwTick              0x4               Drivers\STM32H7xx_HAL_Driver\Src\stm32h7xx_hal.o
tty4                0x4               Src\adc.o
pFlash              0x1c              Drivers\STM32H7xx_HAL_Driver\Src\stm32h7xx_hal_flash.o
duration_sum        0x8               Src\main.o
Switch2_DACOffset   0x8               Src\adc.o
hadc1               0x64              Src\adc.o
hadc3               0x64              Src\adc.o
InstancePID1        0xc0              Src\adc.o
paramFreq           0x8               Src\main.o
DACoutput2          0x2               Src\main.o
tty2                0x4               Src\adc.o
acValBuffer         0x4               Src\main.o
hspi4               0x88              Src\spi.o
Tim2ARR             0x4               Src\main.o
tty3                0x4               Src\adc.o
Switch1_offsetEnable
                    0x1               Src\adc.o
Switch1_PID1Enable  0x1               Src\adc.o
Switch2_PID1Enable  0x1               Src\adc.o
hexString           0x2               Src\main.o
hspi1               0x88              Src\spi.o
htim2               0x4c              Src\tim.o
Switch1_PID2Enable  0x1               Src\adc.o
Switch2_PID2Enable  0x1               Src\adc.o
Switch2_offsetEnable
                    0x1               Src\adc.o
pdata               0x2               Src\main.o
tty1                0x4               Src\adc.o
Switch1_ModulationEnable
                    0x1               Src\adc.o
Switch1_DACOffset   0x8               Src\adc.o

Discarded input sections

 .text          0x00000000        0x0 c:/program files (x86)/atollic/truestudio for stm32 9.1.0/armtools/bin/../lib/gcc/arm-atollic-eabi/6.3.1/armv7e-m/fpu/fpv5-d16/crti.o
 .data          0x00000000        0x0 c:/program files (x86)/atollic/truestudio for stm32 9.1.0/armtools/bin/../lib/gcc/arm-atollic-eabi/6.3.1/armv7e-m/fpu/fpv5-d16/crti.o
 .bss           0x00000000        0x0 c:/program files (x86)/atollic/truestudio for stm32 9.1.0/armtools/bin/../lib/gcc/arm-atollic-eabi/6.3.1/armv7e-m/fpu/fpv5-d16/crti.o
 .data          0x00000000        0x4 c:/program files (x86)/atollic/truestudio for stm32 9.1.0/armtools/bin/../lib/gcc/arm-atollic-eabi/6.3.1/armv7e-m/fpu/fpv5-d16/crtbegin.o
 .text          0x00000000        0x0 Drivers\STM32H7xx_HAL_Driver\Src\stm32h7xx_hal.o
 .data          0x00000000        0x0 Drivers\STM32H7xx_HAL_Driver\Src\stm32h7xx_hal.o
 .bss           0x00000000        0x0 Drivers\STM32H7xx_HAL_Driver\Src\stm32h7xx_hal.o
 .text.HAL_MspInit
                0x00000000        0x4 Drivers\STM32H7xx_HAL_Driver\Src\stm32h7xx_hal.o
 .text.HAL_MspDeInit
                0x00000000        0x4 Drivers\STM32H7xx_HAL_Driver\Src\stm32h7xx_hal.o
 .text.HAL_DeInit
                0x00000000       0x84 Drivers\STM32H7xx_HAL_Driver\Src\stm32h7xx_hal.o
 .text.HAL_GetTickPrio
                0x00000000        0xc Drivers\STM32H7xx_HAL_Driver\Src\stm32h7xx_hal.o
 .text.HAL_SetTickFreq
                0x00000000       0x28 Drivers\STM32H7xx_HAL_Driver\Src\stm32h7xx_hal.o
 .text.HAL_GetTickFreq
                0x00000000        0xc Drivers\STM32H7xx_HAL_Driver\Src\stm32h7xx_hal.o
 .text.HAL_SuspendTick
[...]
Memory Configuration

Name             Origin             Length             Attributes
DTCMRAM          0x20000000         0x00020000         xrw
RAM_D1           0x24000000         0x00080000         xrw
RAM_D2           0x30000000         0x00048000         xrw
RAM_D3           0x38000000         0x00010000         xrw
ITCMRAM          0x00000000         0x00010000         xrw
FLASH            0x08000000         0x00200000         xr
*default*        0x00000000         0xffffffff

Linker script and memory map

LOAD c:/program files (x86)/atollic/truestudio for stm32 9.1.0/armtools/bin/../lib/gcc/arm-atollic-eabi/6.3.1/armv7e-m/fpu/fpv5-d16/crti.o
LOAD c:/program files (x86)/atollic/truestudio for stm32 9.1.0/armtools/bin/../lib/gcc/arm-atollic-eabi/6.3.1/armv7e-m/fpu/fpv5-d16/crtbegin.o
LOAD Drivers\STM32H7xx_HAL_Driver\Src\stm32h7xx_hal.o
LOAD Drivers\STM32H7xx_HAL_Driver\Src\stm32h7xx_hal_adc.o
LOAD Drivers\STM32H7xx_HAL_Driver\Src\stm32h7xx_hal_adc_ex.o
LOAD Drivers\STM32H7xx_HAL_Driver\Src\stm32h7xx_hal_cortex.o
LOAD Drivers\STM32H7xx_HAL_Driver\Src\stm32h7xx_hal_dac.o
LOAD Drivers\STM32H7xx_HAL_Driver\Src\stm32h7xx_hal_dac_ex.o
LOAD Drivers\STM32H7xx_HAL_Driver\Src\stm32h7xx_hal_dma.o
LOAD Drivers\STM32H7xx_HAL_Driver\Src\stm32h7xx_hal_dma_ex.o
LOAD Drivers\STM32H7xx_HAL_Driver\Src\stm32h7xx_hal_exti.o
LOAD Drivers\STM32H7xx_HAL_Driver\Src\stm32h7xx_hal_flash.o
LOAD Drivers\STM32H7xx_HAL_Driver\Src\stm32h7xx_hal_flash_ex.o
LOAD Drivers\STM32H7xx_HAL_Driver\Src\stm32h7xx_hal_gpio.o
LOAD Drivers\STM32H7xx_HAL_Driver\Src\stm32h7xx_hal_hsem.o
LOAD Drivers\STM32H7xx_HAL_Driver\Src\stm32h7xx_hal_i2c.o
LOAD Drivers\STM32H7xx_HAL_Driver\Src\stm32h7xx_hal_i2c_ex.o
LOAD Drivers\STM32H7xx_HAL_Driver\Src\stm32h7xx_hal_mdma.o
LOAD Drivers\STM32H7xx_HAL_Driver\Src\stm32h7xx_hal_pwr.o
LOAD Drivers\STM32H7xx_HAL_Driver\Src\stm32h7xx_hal_pwr_ex.o
LOAD Drivers\STM32H7xx_HAL_Driver\Src\stm32h7xx_hal_rcc.o
LOAD Drivers\STM32H7xx_HAL_Driver\Src\stm32h7xx_hal_rcc_ex.o
LOAD Drivers\STM32H7xx_HAL_Driver\Src\stm32h7xx_hal_spi.o
LOAD Drivers\STM32H7xx_HAL_Driver\Src\stm32h7xx_hal_spi_ex.o
LOAD Drivers\STM32H7xx_HAL_Driver\Src\stm32h7xx_hal_tim.o
LOAD Drivers\STM32H7xx_HAL_Driver\Src\stm32h7xx_hal_tim_ex.o
LOAD Src\adc.o
LOAD Src\dac.o
LOAD Src\gpio.o
LOAD Src\main.o
LOAD Src\spi.o
LOAD Src\stm32h7xx_hal_msp.o
LOAD Src\stm32h7xx_it.o
LOAD Src\syscalls.o
LOAD Src\system_stm32h7xx.o
LOAD Src\tim.o
LOAD startup\startup_stm32h743xx.o
                0x00000080                malloc_getpagesize_P = 0x80
START GROUP
LOAD c:/program files (x86)/atollic/truestudio for stm32 9.1.0/armtools/bin/../lib/gcc/arm-atollic-eabi/6.3.1/../../../../arm-atollic-eabi/lib/armv7e-m/fpu/fpv5-d16\libc_nano.a
LOAD c:/program files (x86)/atollic/truestudio for stm32 9.1.0/armtools/bin/../lib/gcc/arm-atollic-eabi/6.3.1/../../../../arm-atollic-eabi/lib/armv7e-m/fpu/fpv5-d16\libm.a
END GROUP
START GROUP
LOAD c:/program files (x86)/atollic/truestudio for stm32 9.1.0/armtools/bin/../lib/gcc/arm-atollic-eabi/6.3.1/armv7e-m/fpu/fpv5-d16\libgcc.a
LOAD c:/program files (x86)/atollic/truestudio for stm32 9.1.0/armtools/bin/../lib/gcc/arm-atollic-eabi/6.3.1/../../../../arm-atollic-eabi/lib/armv7e-m/fpu/fpv5-d16\libc_nano.a
END GROUP
START GROUP
LOAD c:/program files (x86)/atollic/truestudio for stm32 9.1.0/armtools/bin/../lib/gcc/arm-atollic-eabi/6.3.1/armv7e-m/fpu/fpv5-d16\libgcc.a
LOAD c:/program files (x86)/atollic/truestudio for stm32 9.1.0/armtools/bin/../lib/gcc/arm-atollic-eabi/6.3.1/../../../../arm-atollic-eabi/lib/armv7e-m/fpu/fpv5-d16\libc_nano.a
LOAD c:/program files (x86)/atollic/truestudio for stm32 9.1.0/armtools/bin/../lib/gcc/arm-atollic-eabi/6.3.1/../../../../arm-atollic-eabi/lib/armv7e-m/fpu/fpv5-d16\libnosys.a
END GROUP
START GROUP
LOAD c:/program files (x86)/atollic/truestudio for stm32 9.1.0/armtools/bin/../lib/gcc/arm-atollic-eabi/6.3.1/armv7e-m/fpu/fpv5-d16\libgcc.a
LOAD c:/program files (x86)/atollic/truestudio for stm32 9.1.0/armtools/bin/../lib/gcc/arm-atollic-eabi/6.3.1/../../../../arm-atollic-eabi/lib/armv7e-m/fpu/fpv5-d16\libc_nano.a
LOAD c:/program files (x86)/atollic/truestudio for stm32 9.1.0/armtools/bin/../lib/gcc/arm-atollic-eabi/6.3.1/../../../../arm-atollic-eabi/lib/armv7e-m/fpu/fpv5-d16\libnosys.a
END GROUP
LOAD c:/program files (x86)/atollic/truestudio for stm32 9.1.0/armtools/bin/../lib/gcc/arm-atollic-eabi/6.3.1/armv7e-m/fpu/fpv5-d16/crtend.o
LOAD c:/program files (x86)/atollic/truestudio for stm32 9.1.0/armtools/bin/../lib/gcc/arm-atollic-eabi/6.3.1/armv7e-m/fpu/fpv5-d16/crtn.o
                0x20020000                _estack = 0x20020000
                0x00003000                _Min_Heap_Size = 0x3000
                0x00000400                _Min_Stack_Size = 0x400

.isr_vector     0x08000000      0x298
                0x08000000                . = ALIGN (0x4)
 *(.isr_vector)
 .isr_vector    0x08000000      0x298 startup\startup_stm32h743xx.o
                0x08000000                g_pfnVectors
                0x08000298                . = ALIGN (0x4)

.text           0x08000298     0x4928
                0x08000298                . = ALIGN (0x4)
 *(.text)
 .text          0x08000298       0x40 c:/program files (x86)/atollic/truestudio for stm32 9.1.0/armtools/bin/../lib/gcc/arm-atollic-eabi/6.3.1/armv7e-m/fpu/fpv5-d16/crtbegin.o
 *(.text*)
 .text.HAL_InitTick
                0x080002d8       0x4c Drivers\STM32H7xx_HAL_Driver\Src\stm32h7xx_hal.o
                0x080002d8                HAL_InitTick
 .text.HAL_Init
                0x08000324       0x64 Drivers\STM32H7xx_HAL_Driver\Src\stm32h7xx_hal.o
                0x08000324                HAL_Init
 .text.HAL_IncTick
                0x08000388       0x18 Drivers\STM32H7xx_HAL_Driver\Src\stm32h7xx_hal.o
                0x08000388                HAL_IncTick
 .text.HAL_GetTick
                0x080003a0        0xc Drivers\STM32H7xx_HAL_Driver\Src\stm32h7xx_hal.o
                0x080003a0                HAL_GetTick
 .text.HAL_Delay
                0x080003ac       0x24 Drivers\STM32H7xx_HAL_Driver\Src\stm32h7xx_hal.o
                0x080003ac                HAL_Delay
 .text.HAL_GetREVID
                0x080003d0        0xc Drivers\STM32H7xx_HAL_Driver\Src\stm32h7xx_hal.o
                0x080003d0                HAL_GetREVID
 .text.HAL_SYSCFG_AnalogSwitchConfig
                0x080003dc       0x14 Drivers\STM32H7xx_HAL_Driver\Src\stm32h7xx_hal.o
                0x080003dc                HAL_SYSCFG_AnalogSwitchConfig
 .text.HAL_ADC_ConfigChannel
                0x080003f0      0x45c Drivers\STM32H7xx_HAL_Driver\Src\stm32h7xx_hal_adc.o
                0x080003f0                HAL_ADC_ConfigChannel
 .text.ADC_Enable
                0x0800084c       0xb8 Drivers\STM32H7xx_HAL_Driver\Src\stm32h7xx_hal_adc.o
                0x0800084c                ADC_Enable
 .text.ADC_ConfigureBoostMode
                0x08000904      0x16c Drivers\STM32H7xx_HAL_Driver\Src\stm32h7xx_hal_adc.o
                0x08000904                ADC_ConfigureBoostMode
 .text.HAL_ADC_Init
                0x08000a70      0x21c Drivers\STM32H7xx_HAL_Driver\Src\stm32h7xx_hal_adc.o
                0x08000a70                HAL_ADC_Init
 .text.HAL_ADCEx_MultiModeConfigChannel
                0x08000c8c       0xc0 Drivers\STM32H7xx_HAL_Driver\Src\stm32h7xx_hal_adc_ex.o
                0x08000c8c                HAL_ADCEx_MultiModeConfigChannel
 .text.HAL_NVIC_SetPriorityGrouping
                0x08000d4c       0x28 Drivers\STM32H7xx_HAL_Driver\Src\stm32h7xx_hal_cortex.o
                0x08000d4c                HAL_NVIC_SetPriorityGrouping
 .text.HAL_NVIC_SetPriority
                0x08000d74       0x74 Drivers\STM32H7xx_HAL_Driver\Src\stm32h7xx_hal_cortex.o
                0x08000d74                HAL_NVIC_SetPriority
 .text.HAL_NVIC_EnableIRQ
                0x08000de8       0x1c Drivers\STM32H7xx_HAL_Driver\Src\stm32h7xx_hal_cortex.o
                0x08000de8                HAL_NVIC_EnableIRQ
 .text.HAL_SYSTICK_Config
                0x08000e04       0x30 Drivers\STM32H7xx_HAL_Driver\Src\stm32h7xx_hal_cortex.o
                0x08000e04                HAL_SYSTICK_Config
 .text.HAL_DAC_Init
                0x08000e34       0x2c Drivers\STM32H7xx_HAL_Driver\Src\stm32h7xx_hal_dac.o
                0x08000e34                HAL_DAC_Init
 .text.HAL_DAC_ConfigChannel
                0x08000e60      0x150 Drivers\STM32H7xx_HAL_Driver\Src\stm32h7xx_hal_dac.o
                0x08000e60                HAL_DAC_ConfigChannel
 .text.HAL_GPIO_Init
                0x08000fb0      0x220 Drivers\STM32H7xx_HAL_Driver\Src\stm32h7xx_hal_gpio.o
                0x08000fb0                HAL_GPIO_Init
 .text.HAL_GPIO_WritePin
                0x080011d0        0x8 Drivers\STM32H7xx_HAL_Driver\Src\stm32h7xx_hal_gpio.o
                0x080011d0                HAL_GPIO_WritePin
 .text.HAL_GPIO_TogglePin
                0x080011d8       0x14 Drivers\STM32H7xx_HAL_Driver\Src\stm32h7xx_hal_gpio.o
                0x080011d8                HAL_GPIO_TogglePin
 .text.HAL_PWREx_ConfigSupply
                0x080011ec       0x4c Drivers\STM32H7xx_HAL_Driver\Src\stm32h7xx_hal_pwr_ex.o
                0x080011ec                HAL_PWREx_ConfigSupply
 .text.HAL_RCC_GetSysClockFreq.part.0
                0x08001238      0x108 Drivers\STM32H7xx_HAL_Driver\Src\stm32h7xx_hal_rcc.o
 .text.HAL_RCC_OscConfig
                0x08001340      0x5f8 Drivers\STM32H7xx_HAL_Driver\Src\stm32h7xx_hal_rcc.o
                0x08001340                HAL_RCC_OscConfig
 .text.HAL_RCC_GetSysClockFreq
                0x08001938      0x13c Drivers\STM32H7xx_HAL_Driver\Src\stm32h7xx_hal_rcc.o
                0x08001938                HAL_RCC_GetSysClockFreq
 .text.HAL_RCC_ClockConfig
                0x08001a74      0x254 Drivers\STM32H7xx_HAL_Driver\Src\stm32h7xx_hal_rcc.o
                0x08001a74                HAL_RCC_ClockConfig
 .text.HAL_RCC_GetHCLKFreq
                0x08001cc8       0x80 Drivers\STM32H7xx_HAL_Driver\Src\stm32h7xx_hal_rcc.o
                0x08001cc8                HAL_RCC_GetHCLKFreq
 .text.RCCEx_PLL2_Config
                0x08001d48       0xf8 Drivers\STM32H7xx_HAL_Driver\Src\stm32h7xx_hal_rcc_ex.o
 .text.RCCEx_PLL3_Config
                0x08001e40       0xf8 Drivers\STM32H7xx_HAL_Driver\Src\stm32h7xx_hal_rcc_ex.o
 .text.HAL_RCCEx_PeriphCLKConfig
                0x08001f38      0xacc Drivers\STM32H7xx_HAL_Driver\Src\stm32h7xx_hal_rcc_ex.o
                0x08001f38                HAL_RCCEx_PeriphCLKConfig
 .text.HAL_RCCEx_GetPLL2ClockFreq
                0x08002a04      0x154 Drivers\STM32H7xx_HAL_Driver\Src\stm32h7xx_hal_rcc_ex.o
                0x08002a04                HAL_RCCEx_GetPLL2ClockFreq
 .text.HAL_RCCEx_GetPLL3ClockFreq
                0x08002b58      0x154 Drivers\STM32H7xx_HAL_Driver\Src\stm32h7xx_hal_rcc_ex.o
                0x08002b58                HAL_RCCEx_GetPLL3ClockFreq
 .text.HAL_RCCEx_GetPLL1ClockFreq
                0x08002cac      0x154 Drivers\STM32H7xx_HAL_Driver\Src\stm32h7xx_hal_rcc_ex.o
                0x08002cac                HAL_RCCEx_GetPLL1ClockFreq
 .text.HAL_RCCEx_GetPeriphCLKFreq
                0x08002e00      0x340 Drivers\STM32H7xx_HAL_Driver\Src\stm32h7xx_hal_rcc_ex.o
                0x08002e00                HAL_RCCEx_GetPeriphCLKFreq
 .text.HAL_SPI_Init
                0x08003140      0x16c Drivers\STM32H7xx_HAL_Driver\Src\stm32h7xx_hal_spi.o
                0x08003140                HAL_SPI_Init
 .text.HAL_TIM_Base_Init
                0x080032ac      0x130 Drivers\STM32H7xx_HAL_Driver\Src\stm32h7xx_hal_tim.o
                0x080032ac                HAL_TIM_Base_Init
 .text.HAL_TIM_Base_Start_IT
                0x080033dc       0xb0 Drivers\STM32H7xx_HAL_Driver\Src\stm32h7xx_hal_tim.o
                0x080033dc                HAL_TIM_Base_Start_IT
 .text.HAL_TIM_PWM_MspInit
                0x0800348c        0x4 Drivers\STM32H7xx_HAL_Driver\Src\stm32h7xx_hal_tim.o
                0x0800348c                HAL_TIM_PWM_MspInit
 .text.HAL_TIM_PWM_Init
                0x08003490      0x130 Drivers\STM32H7xx_HAL_Driver\Src\stm32h7xx_hal_tim.o
                0x08003490                HAL_TIM_PWM_Init
 .text.HAL_TIM_PWM_ConfigChannel
                0x080035c0      0x398 Drivers\STM32H7xx_HAL_Driver\Src\stm32h7xx_hal_tim.o
                0x080035c0                HAL_TIM_PWM_ConfigChannel
 .text.HAL_TIM_ConfigClockSource
                0x08003958      0x17c Drivers\STM32H7xx_HAL_Driver\Src\stm32h7xx_hal_tim.o
                0x08003958                HAL_TIM_ConfigClockSource
 .text.HAL_TIM_OC_DelayElapsedCallback
                0x08003ad4        0x4 Drivers\STM32H7xx_HAL_Driver\Src\stm32h7xx_hal_tim.o
                0x08003ad4                HAL_TIM_OC_DelayElapsedCallback
 .text.HAL_TIM_IC_CaptureCallback
                0x08003ad8        0x4 Drivers\STM32H7xx_HAL_Driver\Src\stm32h7xx_hal_tim.o
                0x08003ad8                HAL_TIM_IC_CaptureCallback
 .text.HAL_TIM_PWM_PulseFinishedCallback
                0x08003adc        0x4 Drivers\STM32H7xx_HAL_Driver\Src\stm32h7xx_hal_tim.o
                0x08003adc                HAL_TIM_PWM_PulseFinishedCallback
 .text.HAL_TIM_TriggerCallback
                0x08003ae0        0x4 Drivers\STM32H7xx_HAL_Driver\Src\stm32h7xx_hal_tim.o
                0x08003ae0                HAL_TIM_TriggerCallback
 .text.HAL_TIM_IRQHandler
                0x08003ae4      0x170 Drivers\STM32H7xx_HAL_Driver\Src\stm32h7xx_hal_tim.o
                0x08003ae4                HAL_TIM_IRQHandler
 .text.HAL_TIMEx_MasterConfigSynchronization
                0x08003c54       0xb4 Drivers\STM32H7xx_HAL_Driver\Src\stm32h7xx_hal_tim_ex.o
                0x08003c54                HAL_TIMEx_MasterConfigSynchronization
 .text.HAL_TIMEx_CommutCallback
                0x08003d08        0x4 Drivers\STM32H7xx_HAL_Driver\Src\stm32h7xx_hal_tim_ex.o
                0x08003d08                HAL_TIMEx_CommutCallback
 .text.HAL_TIMEx_BreakCallback
                0x08003d0c        0x4 Drivers\STM32H7xx_HAL_Driver\Src\stm32h7xx_hal_tim_ex.o
                0x08003d0c                HAL_TIMEx_BreakCallback
 .text.HAL_TIMEx_Break2Callback
                0x08003d10        0x4 Drivers\STM32H7xx_HAL_Driver\Src\stm32h7xx_hal_tim_ex.o
                0x08003d10                HAL_TIMEx_Break2Callback
 .text.MX_ADC1_Init
                0x08003d14       0xa4 Src\adc.o
                0x08003d14                MX_ADC1_Init
 .text.MX_ADC3_Init
                0x08003db8       0x8c Src\adc.o
                0x08003db8                MX_ADC3_Init
 .text.HAL_ADC_MspInit
                0x08003e44       0xb8 Src\adc.o
                0x08003e44                HAL_ADC_MspInit
 .text.MX_DAC1_Init
                0x08003efc       0x60 Src\dac.o
                0x08003efc                MX_DAC1_Init
 .text.HAL_DAC_MspInit
                0x08003f5c       0x70 Src\dac.o
                0x08003f5c                HAL_DAC_MspInit
 .text.MX_GPIO_Init
                0x08003fcc      0x21c Src\gpio.o
                0x08003fcc                MX_GPIO_Init
 .text.PID_vInit
                0x080041e8       0xac Src\main.o
                0x080041e8                PID_vInit
 .text.SPI1_start
                0x08004294       0x28 Src\main.o
                0x08004294                SPI1_start
 *fill*         0x080042bc        0x4 
 .text.HAL_TIM_PeriodElapsedCallback
                0x080042c0      0x268 Src\main.o
                0x080042c0                HAL_TIM_PeriodElapsedCallback
 .text.SystemClock_Config
                0x08004528       0xd0 Src\main.o
                0x08004528                SystemClock_Config
 .text.PeriphCommonClock_Config
                0x080045f8       0x5c Src\main.o
                0x080045f8                PeriphCommonClock_Config
 *fill*         0x08004654        0x4 
 .text.startup.main
                0x08004658       0xa4 Src\main.o
                0x08004658                main
 .text.Error_Handler
                0x080046fc        0x4 Src\main.o
                0x080046fc                Error_Handler
 .text.MX_SPI1_Init
                0x08004700       0x60 Src\spi.o
                0x08004700                MX_SPI1_Init
 .text.MX_SPI4_Init
                0x08004760       0x64 Src\spi.o
                0x08004760                MX_SPI4_Init
 .text.HAL_SPI_MspInit
                0x080047c4       0xcc Src\spi.o
                0x080047c4                HAL_SPI_MspInit
 .text.HAL_MspInit
                0x08004890       0x24 Src\stm32h7xx_hal_msp.o
                0x08004890                HAL_MspInit
 .text.NMI_Handler
                0x080048b4        0x4 Src\stm32h7xx_it.o
                0x080048b4                NMI_Handler
 .text.HardFault_Handler
                0x080048b8        0x4 Src\stm32h7xx_it.o
                0x080048b8                HardFault_Handler
 .text.MemManage_Handler
                0x080048bc        0x4 Src\stm32h7xx_it.o
                0x080048bc                MemManage_Handler
 .text.BusFault_Handler
                0x080048c0        0x4 Src\stm32h7xx_it.o
                0x080048c0                BusFault_Handler
 .text.UsageFault_Handler
                0x080048c4        0x4 Src\stm32h7xx_it.o
                0x080048c4                UsageFault_Handler
 .text.SVC_Handler
                0x080048c8        0x4 Src\stm32h7xx_it.o
                0x080048c8                SVC_Handler
 .text.DebugMon_Handler
                0x080048cc        0x4 Src\stm32h7xx_it.o
                0x080048cc                DebugMon_Handler
 .text.PendSV_Handler
                0x080048d0        0x4 Src\stm32h7xx_it.o
                0x080048d0                PendSV_Handler
 .text.SysTick_Handler
                0x080048d4        0x4 Src\stm32h7xx_it.o
                0x080048d4                SysTick_Handler
 .text.TIM2_IRQHandler
                0x080048d8        0xc Src\stm32h7xx_it.o
                0x080048d8                TIM2_IRQHandler
 .text.SystemInit
                0x080048e4       0xd8 Src\system_stm32h7xx.o
                0x080048e4                SystemInit
 .text.MX_TIM2_Init
                0x080049bc      0x100 Src\tim.o
                0x080049bc                MX_TIM2_Init
 .text.HAL_TIM_Base_MspInit
                0x08004abc       0x40 Src\tim.o
                0x08004abc                HAL_TIM_Base_MspInit
 .text.Reset_Handler
                0x08004afc       0x50 startup\startup_stm32h743xx.o
                0x08004afc                Reset_Handler
 .text.Default_Handler
                0x08004b4c        0x2 startup\startup_stm32h743xx.o
                0x08004b4c                RTC_Alarm_IRQHandler
                0x08004b4c                EXTI2_IRQHandler
                0x08004b4c                TIM8_CC_IRQHandler
                0x08004b4c                HRTIM1_Master_IRQHandler
                0x08004b4c                UART8_IRQHandler
                0x08004b4c                SPI4_IRQHandler
                0x08004b4c                TIM1_CC_IRQHandler
                0x08004b4c                BDMA_Channel6_IRQHandler
                0x08004b4c                DMA2_Stream5_IRQHandler
                0x08004b4c                HRTIM1_FLT_IRQHandler
                0x08004b4c                JPEG_IRQHandler
                0x08004b4c                DMA1_Stream5_IRQHandler
                0x08004b4c                BDMA_Channel1_IRQHandler
                0x08004b4c                HRTIM1_TIMD_IRQHandler
                0x08004b4c                TAMP_STAMP_IRQHandler
                0x08004b4c                EXTI3_IRQHandler
                0x08004b4c                LPTIM4_IRQHandler
                0x08004b4c                TIM8_TRG_COM_TIM14_IRQHandler
                0x08004b4c                LPTIM2_IRQHandler
                0x08004b4c                DFSDM1_FLT1_IRQHandler
                0x08004b4c                DMAMUX2_OVR_IRQHandler
                0x08004b4c                TIM8_UP_TIM13_IRQHandler
                0x08004b4c                I2C3_ER_IRQHandler
                0x08004b4c                DFSDM1_FLT2_IRQHandler
                0x08004b4c                MDMA_IRQHandler
                0x08004b4c                LPTIM3_IRQHandler
                0x08004b4c                HSEM1_IRQHandler
                0x08004b4c                EXTI0_IRQHandler
                0x08004b4c                I2C2_EV_IRQHandler
                0x08004b4c                DMA1_Stream2_IRQHandler
                0x08004b4c                FPU_IRQHandler
                0x08004b4c                OTG_HS_WKUP_IRQHandler
                0x08004b4c                FDCAN1_IT1_IRQHandler
                0x08004b4c                LTDC_ER_IRQHandler
                0x08004b4c                DMA2_Stream2_IRQHandler
                0x08004b4c                HRTIM1_TIME_IRQHandler
                0x08004b4c                SPI1_IRQHandler
                0x08004b4c                TIM6_DAC_IRQHandler
                0x08004b4c                DCMI_IRQHandler
                0x08004b4c                HRTIM1_TIMC_IRQHandler
                0x08004b4c                DMA2_Stream3_IRQHandler
                0x08004b4c                SAI2_IRQHandler
                0x08004b4c                DFSDM1_FLT3_IRQHandler
                0x08004b4c                USART6_IRQHandler
                0x08004b4c                TIM17_IRQHandler
                0x08004b4c                USART3_IRQHandler
                0x08004b4c                BDMA_Channel7_IRQHandler
                0x08004b4c                LPTIM5_IRQHandler
                0x08004b4c                UART5_IRQHandler
                0x08004b4c                ADC3_IRQHandler
                0x08004b4c                DMA2_Stream0_IRQHandler
                0x08004b4c                TIM4_IRQHandler
                0x08004b4c                BDMA_Channel2_IRQHandler
                0x08004b4c                QUADSPI_IRQHandler
                0x08004b4c                I2C1_EV_IRQHandler
                0x08004b4c                DMA1_Stream6_IRQHandler
                0x08004b4c                DMAMUX1_OVR_IRQHandler
                0x08004b4c                DMA1_Stream1_IRQHandler
                0x08004b4c                TIM16_IRQHandler
                0x08004b4c                UART4_IRQHandler
                0x08004b4c                BDMA_Channel5_IRQHandler
                0x08004b4c                TIM3_IRQHandler
                0x08004b4c                RCC_IRQHandler
                0x08004b4c                TIM8_BRK_TIM12_IRQHandler
                0x08004b4c                TIM1_TRG_COM_IRQHandler
                0x08004b4c                Default_Handler
                0x08004b4c                ECC_IRQHandler
                0x08004b4c                CEC_IRQHandler
                0x08004b4c                EXTI15_10_IRQHandler
                0x08004b4c                BDMA_Channel0_IRQHandler
                0x08004b4c                ADC_IRQHandler
                0x08004b4c                DMA1_Stream7_IRQHandler
                0x08004b4c                HRTIM1_TIMA_IRQHandler
                0x08004b4c                SPI5_IRQHandler
                0x08004b4c                TIM7_IRQHandler
                0x08004b4c                SDMMC1_IRQHandler
                0x08004b4c                TIM5_IRQHandler
                0x08004b4c                DMA2_Stream7_IRQHandler
                0x08004b4c                TIM15_IRQHandler
                0x08004b4c                PVD_AVD_IRQHandler
                0x08004b4c                I2C3_EV_IRQHandler
                0x08004b4c                EXTI9_5_IRQHandler
                0x08004b4c                RTC_WKUP_IRQHandler
                0x08004b4c                LTDC_IRQHandler
                0x08004b4c                SAI3_IRQHandler
                0x08004b4c                ETH_WKUP_IRQHandler
                0x08004b4c                SPDIF_RX_IRQHandler
                0x08004b4c                SPI2_IRQHandler
                0x08004b4c                OTG_HS_EP1_IN_IRQHandler
                0x08004b4c                DMA1_Stream0_IRQHandler
                0x08004b4c                CRS_IRQHandler
                0x08004b4c                EXTI4_IRQHandler
                0x08004b4c                RNG_IRQHandler
                0x08004b4c                HRTIM1_TIMB_IRQHandler
                0x08004b4c                FDCAN2_IT1_IRQHandler
                0x08004b4c                ETH_IRQHandler
                0x08004b4c                TIM1_UP_IRQHandler
                0x08004b4c                BDMA_Channel4_IRQHandler
                0x08004b4c                OTG_HS_EP1_OUT_IRQHandler
                0x08004b4c                WWDG_IRQHandler
                0x08004b4c                SPI6_IRQHandler
                0x08004b4c                MDIOS_IRQHandler
                0x08004b4c                I2C4_EV_IRQHandler
                0x08004b4c                FDCAN2_IT0_IRQHandler
                0x08004b4c                LPUART1_IRQHandler
                0x08004b4c                FDCAN1_IT0_IRQHandler
                0x08004b4c                OTG_FS_WKUP_IRQHandler
                0x08004b4c                OTG_HS_IRQHandler
                0x08004b4c                DMA2D_IRQHandler
                0x08004b4c                TIM1_BRK_IRQHandler
                0x08004b4c                EXTI1_IRQHandler
                0x08004b4c                SDMMC2_IRQHandler
                0x08004b4c                OTG_FS_EP1_OUT_IRQHandler
                0x08004b4c                BDMA_Channel3_IRQHandler
                0x08004b4c                UART7_IRQHandler
                0x08004b4c                MDIOS_WKUP_IRQHandler
                0x08004b4c                USART2_IRQHandler
                0x08004b4c                DFSDM1_FLT0_IRQHandler
                0x08004b4c                SAI4_IRQHandler
                0x08004b4c                I2C2_ER_IRQHandler
                0x08004b4c                DMA2_Stream1_IRQHandler
                0x08004b4c                FLASH_IRQHandler
                0x08004b4c                DMA2_Stream4_IRQHandler
                0x08004b4c                USART1_IRQHandler
                0x08004b4c                OTG_FS_IRQHandler
                0x08004b4c                SPI3_IRQHandler
                0x08004b4c                WAKEUP_PIN_IRQHandler
                0x08004b4c                DMA1_Stream4_IRQHandler
                0x08004b4c                OTG_FS_EP1_IN_IRQHandler
                0x08004b4c                I2C1_ER_IRQHandler
                0x08004b4c                FMC_IRQHandler
                0x08004b4c                FDCAN_CAL_IRQHandler
                0x08004b4c                SWPMI1_IRQHandler
                0x08004b4c                COMP1_IRQHandler
                0x08004b4c                LPTIM1_IRQHandler
                0x08004b4c                I2C4_ER_IRQHandler
                0x08004b4c                DMA2_Stream6_IRQHandler
                0x08004b4c                SAI1_IRQHandler
                0x08004b4c                DMA1_Stream3_IRQHandler
 *fill*         0x08004b4e        0x2 
 .text.__libc_init_array
                0x08004b50       0x48 c:/program files (x86)/atollic/truestudio for stm32 9.1.0/armtools/bin/../lib/gcc/arm-atollic-eabi/6.3.1/../../../../arm-atollic-eabi/lib/armv7e-m/fpu/fpv5-d16\libc_nano.a(lib_a-init.o)
                0x08004b50                __libc_init_array
 .text.memset   0x08004b98       0x10 c:/program files (x86)/atollic/truestudio for stm32 9.1.0/armtools/bin/../lib/gcc/arm-atollic-eabi/6.3.1/../../../../arm-atollic-eabi/lib/armv7e-m/fpu/fpv5-d16\libc_nano.a(lib_a-memset.o)
                0x08004b98                memset
 *(.glue_7)
 .glue_7        0x08004ba8        0x0 linker stubs
 *(.glue_7t)
 .glue_7t       0x08004ba8        0x0 linker stubs
 *(.eh_frame)
 .eh_frame      0x08004ba8        0x0 c:/program files (x86)/atollic/truestudio for stm32 9.1.0/armtools/bin/../lib/gcc/arm-atollic-eabi/6.3.1/armv7e-m/fpu/fpv5-d16/crtbegin.o
 *(.init)
 .init          0x08004ba8        0x4 c:/program files (x86)/atollic/truestudio for stm32 9.1.0/armtools/bin/../lib/gcc/arm-atollic-eabi/6.3.1/armv7e-m/fpu/fpv5-d16/crti.o
                0x08004ba8                _init
 .init          0x08004bac        0x8 c:/program files (x86)/atollic/truestudio for stm32 9.1.0/armtools/bin/../lib/gcc/arm-atollic-eabi/6.3.1/armv7e-m/fpu/fpv5-d16/crtn.o
 *(.fini)
 .fini          0x08004bb4        0x4 c:/program files (x86)/atollic/truestudio for stm32 9.1.0/armtools/bin/../lib/gcc/arm-atollic-eabi/6.3.1/armv7e-m/fpu/fpv5-d16/crti.o
                0x08004bb4                _fini
 .fini          0x08004bb8        0x8 c:/program files (x86)/atollic/truestudio for stm32 9.1.0/armtools/bin/../lib/gcc/arm-atollic-eabi/6.3.1/armv7e-m/fpu/fpv5-d16/crtn.o
                0x08004bc0                . = ALIGN (0x4)
                0x08004bc0                _etext = .

.vfp11_veneer   0x08004bc0        0x0
 .vfp11_veneer  0x08004bc0        0x0 linker stubs

.v4_bx          0x08004bc0        0x0
 .v4_bx         0x08004bc0        0x0 linker stubs

.iplt           0x08004bc0        0x0
 .iplt          0x08004bc0        0x0 c:/program files (x86)/atollic/truestudio for stm32 9.1.0/armtools/bin/../lib/gcc/arm-atollic-eabi/6.3.1/armv7e-m/fpu/fpv5-d16/crtbegin.o

.rodata         0x08004bc0       0x10
                0x08004bc0                . = ALIGN (0x4)
 *(.rodata)
 *(.rodata*)
 .rodata.D1CorePrescTable
                0x08004bc0       0x10 Src\system_stm32h7xx.o
                0x08004bc0                D1CorePrescTable
                0x08004bd0                . = ALIGN (0x4)

.rel.dyn        0x08004bd0        0x0
 .rel.iplt      0x08004bd0        0x0 c:/program files (x86)/atollic/truestudio for stm32 9.1.0/armtools/bin/../lib/gcc/arm-atollic-eabi/6.3.1/armv7e-m/fpu/fpv5-d16/crtbegin.o

.ARM.extab
 *(.ARM.extab* .gnu.linkonce.armextab.*)

.ARM            0x08004bd0        0x0
                0x08004bd0                __exidx_start = .
 *(.ARM.exidx*)
                0x08004bd0                __exidx_end = .

.preinit_array  0x08004bd0        0x0
                0x08004bd0                PROVIDE (__preinit_array_start, .)
 *(.preinit_array*)
                0x08004bd0                PROVIDE (__preinit_array_end, .)

.init_array     0x08004bd0        0x4
                0x08004bd0                PROVIDE (__init_array_start, .)
 *(SORT(.init_array.*))
 *(.init_array*)
 .init_array    0x08004bd0        0x4 c:/program files (x86)/atollic/truestudio for stm32 9.1.0/armtools/bin/../lib/gcc/arm-atollic-eabi/6.3.1/armv7e-m/fpu/fpv5-d16/crtbegin.o
                0x08004bd4                PROVIDE (__init_array_end, .)

.fini_array     0x08004bd4        0x4
                [!provide]                PROVIDE (__fini_array_start, .)
 *(SORT(.fini_array.*))
 *(.fini_array*)
 .fini_array    0x08004bd4        0x4 c:/program files (x86)/atollic/truestudio for stm32 9.1.0/armtools/bin/../lib/gcc/arm-atollic-eabi/6.3.1/armv7e-m/fpu/fpv5-d16/crtbegin.o
                [!provide]                PROVIDE (__fini_array_end, .)
                0x08004bd8                _sidata = LOADADDR (.data)

.data           0x24000000       0x1c load address 0x08004bd8
                0x24000000                . = ALIGN (0x4)
                0x24000000                _sdata = .
 *(.data)
 *(.data*)
 .data.uwTickFreq
                0x24000000        0x1 Drivers\STM32H7xx_HAL_Driver\Src\stm32h7xx_hal.o
                0x24000000                uwTickFreq
 *fill*         0x24000001        0x3 
 .data.uwTickPrio
                0x24000004        0x4 Drivers\STM32H7xx_HAL_Driver\Src\stm32h7xx_hal.o
                0x24000004                uwTickPrio
 .data.PIDInputOption
                0x24000008        0x1 Src\main.o
                0x24000008                PIDInputOption
 *fill*         0x24000009        0x3 
 .data.pPID1    0x2400000c        0x4 Src\main.o
                0x2400000c                pPID1
 .data.ptxdr_16bits
                0x24000010        0x4 Src\main.o
                0x24000010                ptxdr_16bits
 .data.SystemCoreClock
                0x24000014        0x4 Src\system_stm32h7xx.o
                0x24000014                SystemCoreClock
 .data.SystemD2Clock
                0x24000018        0x4 Src\system_stm32h7xx.o
                0x24000018                SystemD2Clock
                0x2400001c                . = ALIGN (0x4)
                0x2400001c                _edata = .

.igot.plt       0x2400001c        0x0 load address 0x08004bf4
 .igot.plt      0x2400001c        0x0 c:/program files (x86)/atollic/truestudio for stm32 9.1.0/armtools/bin/../lib/gcc/arm-atollic-eabi/6.3.1/armv7e-m/fpu/fpv5-d16/crtbegin.o
                0x2400001c                . = ALIGN (0x4)

.bss            0x24000020      0x4cc load address 0x08004bf4
                0x24000020                _sbss = .
                0x24000020                __bss_start__ = _sbss
 *(.bss)
 .bss           0x24000020       0x1c c:/program files (x86)/atollic/truestudio for stm32 9.1.0/armtools/bin/../lib/gcc/arm-atollic-eabi/6.3.1/armv7e-m/fpu/fpv5-d16/crtbegin.o
 *(.bss*)
 .bss.ADC_End   0x2400003c        0x4 Src\main.o
                0x2400003c                ADC_End
 .bss.ADC_duration
                0x24000040        0x8 Src\main.o
                0x24000040                ADC_duration
 .bss.LockInOutput
                0x24000048        0x8 Src\main.o
                0x24000048                LockInOutput
 .bss.PID_End   0x24000050        0x4 Src\main.o
                0x24000050                PID_End
 *fill*         0x24000054        0x4 
 .bss.PID_duration
                0x24000058        0x8 Src\main.o
                0x24000058                PID_duration
 .bss.PT_Anf    0x24000060        0x4 Src\main.o
                0x24000060                PT_Anf
 .bss.PT_End    0x24000064        0x4 Src\main.o
                0x24000064                PT_End
 .bss.SPI_Anf   0x24000068        0x4 Src\main.o
                0x24000068                SPI_Anf
 .bss.SPI_End   0x2400006c        0x4 Src\main.o
                0x2400006c                SPI_End
 .bss.SPI_duration
                0x24000070        0x8 Src\main.o
                0x24000070                SPI_duration
 .bss.adc_value
                0x24000078        0x4 Src\main.o
                0x24000078                adc_value
 *fill*         0x2400007c        0x4 
 .bss.duration  0x24000080        0x8 Src\main.o
                0x24000080                duration
 .bss.volt_value
                0x24000088        0x8 Src\main.o
                0x24000088                volt_value
 *(COMMON)
 COMMON         0x24000090        0x4 Drivers\STM32H7xx_HAL_Driver\Src\stm32h7xx_hal.o
                0x24000090                uwTick
 *fill*         0x24000094        0x4 
 COMMON         0x24000098      0x280 Src\adc.o
                0x24000098                Switch2_ModulationEnable
                0x240000a0                InstancePID2
                0x24000160                tty4
                0x24000168                Switch2_DACOffset
                0x24000170                hadc1
                0x240001d4                hadc3
                0x24000238                InstancePID1
                0x240002f8                tty2
                0x240002fc                tty3
                0x24000300                Switch1_offsetEnable
                0x24000301                Switch1_PID1Enable
                0x24000302                Switch2_PID1Enable
                0x24000303                Switch1_PID2Enable
                0x24000304                Switch2_PID2Enable
                0x24000305                Switch2_offsetEnable
                0x24000308                tty1
                0x2400030c                Switch1_ModulationEnable
                0x24000310                Switch1_DACOffset
 COMMON         0x24000318       0x14 Src\dac.o
                0x24000318                hdac1
 *fill*         0x2400032c        0x4 
 COMMON         0x24000330       0x60 Src\main.o
                0x24000330                yout
                0x24000338                li
                0x2400033c                charI
                0x2400035c                DACoutput1
                0x24000360                ADCBuf
                0x24000368                pData
                0x24000370                duration_sum
                0x24000378                paramFreq
                0x24000380                DACoutput2
                0x24000384                acValBuffer
                0x24000388                Tim2ARR
                0x2400038c                hexString
                0x2400038e                pdata
 COMMON         0x24000390      0x110 Src\spi.o
                0x24000390                hspi4
                0x24000418                hspi1
 COMMON         0x240004a0       0x4c Src\tim.o
                0x240004a0                htim2
                0x240004ec                . = ALIGN (0x4)
                0x240004ec                _ebss = .
                0x240004ec                __bss_end__ = _ebss

._user_heap_stack
                0x240004ec     0x3400 load address 0x08004bf4
                0x240004ec                . = ALIGN (0x4)
                0x240004ec                PROVIDE (end, .)
                [!provide]                PROVIDE (_end, .)
                0x240034ec                . = (. + _Min_Heap_Size)
 *fill*         0x240004ec     0x3000 
                0x240038ec                . = (. + _Min_Stack_Size)
 *fill*         0x240034ec      0x400 
                0x240038ec                . = ALIGN (0x4)

/DISCARD/
 libc.a(*)
 libm.a(*)
 libgcc.a(*)

.ARM.attributes
                0x00000000       0x2e
 *(.ARM.attributes)
 .ARM.attributes
                0x00000000       0x20 c:/program files (x86)/atollic/truestudio for stm32 9.1.0/armtools/bin/../lib/gcc/arm-atollic-eabi/6.3.1/armv7e-m/fpu/fpv5-d16/crti.o
 .ARM.attributes
                0x00000020       0x32 c:/program files (x86)/atollic/truestudio for stm32 9.1.0/armtools/bin/../lib/gcc/arm-atollic-eabi/6.3.1/armv7e-m/fpu/fpv5-d16/crtbegin.o
 .ARM.attributes
                0x00000052       0x33 Drivers\STM32H7xx_HAL_Driver\Src\stm32h7xx_hal.o
 .ARM.attributes
                0x00000085       0x33 Drivers\STM32H7xx_HAL_Driver\Src\stm32h7xx_hal_adc.o
 .ARM.attributes
                0x000000b8       0x33 Drivers\STM32H7xx_HAL_Driver\Src\stm32h7xx_hal_adc_ex.o
 .ARM.attributes
                0x000000eb       0x33 Drivers\STM32H7xx_HAL_Driver\Src\stm32h7xx_hal_cortex.o
 .ARM.attributes
                0x0000011e       0x33 Drivers\STM32H7xx_HAL_Driver\Src\stm32h7xx_hal_dac.o
 .ARM.attributes
                0x00000151       0x33 Drivers\STM32H7xx_HAL_Driver\Src\stm32h7xx_hal_gpio.o
 .ARM.attributes
                0x00000184       0x33 Drivers\STM32H7xx_HAL_Driver\Src\stm32h7xx_hal_pwr_ex.o
 .ARM.attributes
                0x000001b7       0x33 Drivers\STM32H7xx_HAL_Driver\Src\stm32h7xx_hal_rcc.o
 .ARM.attributes
                0x000001ea       0x33 Drivers\STM32H7xx_HAL_Driver\Src\stm32h7xx_hal_rcc_ex.o
 .ARM.attributes
                0x0000021d       0x33 Drivers\STM32H7xx_HAL_Driver\Src\stm32h7xx_hal_spi.o
 .ARM.attributes
                0x00000250       0x33 Drivers\STM32H7xx_HAL_Driver\Src\stm32h7xx_hal_tim.o
 .ARM.attributes
                0x00000283       0x33 Drivers\STM32H7xx_HAL_Driver\Src\stm32h7xx_hal_tim_ex.o
 .ARM.attributes
                0x000002b6       0x33 Src\adc.o
 .ARM.attributes
                0x000002e9       0x33 Src\dac.o
 .ARM.attributes
                0x0000031c       0x33 Src\gpio.o
 .ARM.attributes
                0x0000034f       0x33 Src\main.o
 .ARM.attributes
                0x00000382       0x33 Src\spi.o
 .ARM.attributes
                0x000003b5       0x33 Src\stm32h7xx_hal_msp.o
 .ARM.attributes
                0x000003e8       0x33 Src\stm32h7xx_it.o
 .ARM.attributes
                0x0000041b       0x33 Src\system_stm32h7xx.o
 .ARM.attributes
                0x0000044e       0x33 Src\tim.o
 .ARM.attributes
                0x00000481       0x21 startup\startup_stm32h743xx.o
 .ARM.attributes
                0x000004a2       0x32 c:/program files (x86)/atollic/truestudio for stm32 9.1.0/armtools/bin/../lib/gcc/arm-atollic-eabi/6.3.1/../../../../arm-atollic-eabi/lib/armv7e-m/fpu/fpv5-d16\libc_nano.a(lib_a-init.o)
 .ARM.attributes
                0x000004d4       0x32 c:/program files (x86)/atollic/truestudio for stm32 9.1.0/armtools/bin/../lib/gcc/arm-atollic-eabi/6.3.1/../../../../arm-atollic-eabi/lib/armv7e-m/fpu/fpv5-d16\libc_nano.a(lib_a-memset.o)
 .ARM.attributes
                0x00000506       0x20 c:/program files (x86)/atollic/truestudio for stm32 9.1.0/armtools/bin/../lib/gcc/arm-atollic-eabi/6.3.1/armv7e-m/fpu/fpv5-d16/crtn.o
OUTPUT(CBC_H7.elf elf32-littlearm)

.debug_info     0x00000000    0x2af08
 .debug_info    0x00000000     0x1ebb Drivers\STM32H7xx_HAL_Driver\Src\stm32h7xx_hal.o
 .debug_info    0x00001ebb     0x33be Drivers\STM32H7xx_HAL_Driver\Src\stm32h7xx_hal_adc.o
 .debug_info    0x00005279     0x356c Drivers\STM32H7xx_HAL_Driver\Src\stm32h7xx_hal_adc_ex.o
 .debug_info    0x000087e5     0x1bd2 Drivers\STM32H7xx_HAL_Driver\Src\stm32h7xx_hal_cortex.o
 .debug_info    0x0000a3b7     0x15a1 Drivers\STM32H7xx_HAL_Driver\Src\stm32h7xx_hal_dac.o
 .debug_info    0x0000b958     0x165f Drivers\STM32H7xx_HAL_Driver\Src\stm32h7xx_hal_gpio.o
 .debug_info    0x0000cfb7     0x1a64 Drivers\STM32H7xx_HAL_Driver\Src\stm32h7xx_hal_pwr_ex.o
 .debug_info    0x0000ea1b     0x1bf6 Drivers\STM32H7xx_HAL_Driver\Src\stm32h7xx_hal_rcc.o
 .debug_info    0x00010611     0x2107 Drivers\STM32H7xx_HAL_Driver\Src\stm32h7xx_hal_rcc_ex.o
 .debug_info    0x00012718     0x236d Drivers\STM32H7xx_HAL_Driver\Src\stm32h7xx_hal_spi.o
 .debug_info    0x00014a85     0x4f35 Drivers\STM32H7xx_HAL_Driver\Src\stm32h7xx_hal_tim.o
 .debug_info    0x000199ba     0x24c0 Drivers\STM32H7xx_HAL_Driver\Src\stm32h7xx_hal_tim_ex.o
 .debug_info    0x0001be7a     0x1bc3 Src\adc.o
 .debug_info    0x0001da3d     0x1893 Src\dac.o
 .debug_info    0x0001f2d0     0x145e Src\gpio.o
 .debug_info    0x0002072e     0x33a1 Src\main.o
 .debug_info    0x00023acf     0x19ca Src\spi.o
 .debug_info    0x00025499     0x10a2 Src\stm32h7xx_hal_msp.o
 .debug_info    0x0002653b     0x140b Src\stm32h7xx_it.o
 .debug_info    0x00027946     0x15e9 Src\system_stm32h7xx.o
 .debug_info    0x00028f2f     0x1f59 Src\tim.o
 .debug_info    0x0002ae88       0x80 startup\startup_stm32h743xx.o

.debug_abbrev   0x00000000     0x40bb
 .debug_abbrev  0x00000000      0x34f Drivers\STM32H7xx_HAL_Driver\Src\stm32h7xx_hal.o
 .debug_abbrev  0x0000034f      0x364 Drivers\STM32H7xx_HAL_Driver\Src\stm32h7xx_hal_adc.o
 .debug_abbrev  0x000006b3      0x3ca Drivers\STM32H7xx_HAL_Driver\Src\stm32h7xx_hal_adc_ex.o
 .debug_abbrev  0x00000a7d      0x3c2 Drivers\STM32H7xx_HAL_Driver\Src\stm32h7xx_hal_cortex.o
 .debug_abbrev  0x00000e3f      0x2cd Drivers\STM32H7xx_HAL_Driver\Src\stm32h7xx_hal_dac.o
 .debug_abbrev  0x0000110c      0x2e0 Drivers\STM32H7xx_HAL_Driver\Src\stm32h7xx_hal_gpio.o
 .debug_abbrev  0x000013ec      0x36c Drivers\STM32H7xx_HAL_Driver\Src\stm32h7xx_hal_pwr_ex.o
 .debug_abbrev  0x00001758      0x330 Drivers\STM32H7xx_HAL_Driver\Src\stm32h7xx_hal_rcc.o
 .debug_abbrev  0x00001a88      0x393 Drivers\STM32H7xx_HAL_Driver\Src\stm32h7xx_hal_rcc_ex.o
 .debug_abbrev  0x00001e1b      0x3d7 Drivers\STM32H7xx_HAL_Driver\Src\stm32h7xx_hal_spi.o
 .debug_abbrev  0x000021f2      0x3bc Drivers\STM32H7xx_HAL_Driver\Src\stm32h7xx_hal_tim.o
 .debug_abbrev  0x000025ae      0x3a1 Drivers\STM32H7xx_HAL_Driver\Src\stm32h7xx_hal_tim_ex.o
 .debug_abbrev  0x0000294f      0x284 Src\adc.o
 .debug_abbrev  0x00002bd3      0x286 Src\dac.o
 .debug_abbrev  0x00002e59      0x23e Src\gpio.o
 .debug_abbrev  0x00003097      0x43c Src\main.o
 .debug_abbrev  0x000034d3      0x28c Src\spi.o
 .debug_abbrev  0x0000375f      0x1ed Src\stm32h7xx_hal_msp.o
 .debug_abbrev  0x0000394c      0x240 Src\stm32h7xx_it.o
 .debug_abbrev  0x00003b8c      0x227 Src\system_stm32h7xx.o
 .debug_abbrev  0x00003db3      0x2f6 Src\tim.o
 .debug_abbrev  0x000040a9       0x12 startup\startup_stm32h743xx.o

.debug_loc      0x00000000    0x12153
 .debug_loc     0x00000000      0x4df Drivers\STM32H7xx_HAL_Driver\Src\stm32h7xx_hal.o
 .debug_loc     0x000004df     0x19c4 Drivers\STM32H7xx_HAL_Driver\Src\stm32h7xx_hal_adc.o
 .debug_loc     0x00001ea3     0x1f16 Drivers\STM32H7xx_HAL_Driver\Src\stm32h7xx_hal_adc_ex.o
 .debug_loc     0x00003db9      0x620 Drivers\STM32H7xx_HAL_Driver\Src\stm32h7xx_hal_cortex.o
 .debug_loc     0x000043d9      0x7ee Drivers\STM32H7xx_HAL_Driver\Src\stm32h7xx_hal_dac.o
 .debug_loc     0x00004bc7      0x359 Drivers\STM32H7xx_HAL_Driver\Src\stm32h7xx_hal_gpio.o
 .debug_loc     0x00004f20      0x3ec Drivers\STM32H7xx_HAL_Driver\Src\stm32h7xx_hal_pwr_ex.o
 .debug_loc     0x0000530c      0x825 Drivers\STM32H7xx_HAL_Driver\Src\stm32h7xx_hal_rcc.o
 .debug_loc     0x00005b31      0xf7a Drivers\STM32H7xx_HAL_Driver\Src\stm32h7xx_hal_rcc_ex.o
 .debug_loc     0x00006aab     0x1df3 Drivers\STM32H7xx_HAL_Driver\Src\stm32h7xx_hal_spi.o
 .debug_loc     0x0000889e     0x77ee Drivers\STM32H7xx_HAL_Driver\Src\stm32h7xx_hal_tim.o
 .debug_loc     0x0001008c     0x1a24 Drivers\STM32H7xx_HAL_Driver\Src\stm32h7xx_hal_tim_ex.o
 .debug_loc     0x00011ab0       0x74 Src\adc.o
 .debug_loc     0x00011b24       0x42 Src\dac.o
 .debug_loc     0x00011b66      0x375 Src\main.o
 .debug_loc     0x00011edb       0x8d Src\spi.o
 .debug_loc     0x00011f68      0x160 Src\system_stm32h7xx.o
 .debug_loc     0x000120c8       0x8b Src\tim.o

.debug_aranges  0x00000000      0xea8
 .debug_aranges
                0x00000000      0x190 Drivers\STM32H7xx_HAL_Driver\Src\stm32h7xx_hal.o
 .debug_aranges
                0x00000190       0xd8 Drivers\STM32H7xx_HAL_Driver\Src\stm32h7xx_hal_adc.o
 .debug_aranges
                0x00000268       0xe8 Drivers\STM32H7xx_HAL_Driver\Src\stm32h7xx_hal_adc_ex.o
 .debug_aranges
                0x00000350       0xb0 Drivers\STM32H7xx_HAL_Driver\Src\stm32h7xx_hal_cortex.o
 .debug_aranges
                0x00000400       0x98 Drivers\STM32H7xx_HAL_Driver\Src\stm32h7xx_hal_dac.o
 .debug_aranges
                0x00000498       0x58 Drivers\STM32H7xx_HAL_Driver\Src\stm32h7xx_hal_gpio.o
 .debug_aranges
                0x000004f0      0x128 Drivers\STM32H7xx_HAL_Driver\Src\stm32h7xx_hal_pwr_ex.o
 .debug_aranges
                0x00000618       0x90 Drivers\STM32H7xx_HAL_Driver\Src\stm32h7xx_hal_rcc.o
 .debug_aranges
                0x000006a8       0xe0 Drivers\STM32H7xx_HAL_Driver\Src\stm32h7xx_hal_rcc_ex.o
 .debug_aranges
                0x00000788      0x130 Drivers\STM32H7xx_HAL_Driver\Src\stm32h7xx_hal_spi.o
 .debug_aranges
                0x000008b8      0x278 Drivers\STM32H7xx_HAL_Driver\Src\stm32h7xx_hal_tim.o
 .debug_aranges
                0x00000b30      0x128 Drivers\STM32H7xx_HAL_Driver\Src\stm32h7xx_hal_tim_ex.o
 .debug_aranges
                0x00000c58       0x38 Src\adc.o
 .debug_aranges
                0x00000c90       0x30 Src\dac.o
 .debug_aranges
                0x00000cc0       0x20 Src\gpio.o
 .debug_aranges
                0x00000ce0       0x90 Src\main.o
 .debug_aranges
                0x00000d70       0x38 Src\spi.o
 .debug_aranges
                0x00000da8       0x20 Src\stm32h7xx_hal_msp.o
 .debug_aranges
                0x00000dc8       0x58 Src\stm32h7xx_it.o
 .debug_aranges
                0x00000e20       0x28 Src\system_stm32h7xx.o
 .debug_aranges
                0x00000e48       0x38 Src\tim.o
 .debug_aranges
                0x00000e80       0x28 startup\startup_stm32h743xx.o

.debug_ranges   0x00000000     0x2848
 .debug_ranges  0x00000000      0x180 Drivers\STM32H7xx_HAL_Driver\Src\stm32h7xx_hal.o
 .debug_ranges  0x00000180      0x670 Drivers\STM32H7xx_HAL_Driver\Src\stm32h7xx_hal_adc.o
 .debug_ranges  0x000007f0      0x480 Drivers\STM32H7xx_HAL_Driver\Src\stm32h7xx_hal_adc_ex.o
 .debug_ranges  0x00000c70      0x188 Drivers\STM32H7xx_HAL_Driver\Src\stm32h7xx_hal_cortex.o
 .debug_ranges  0x00000df8       0x88 Drivers\STM32H7xx_HAL_Driver\Src\stm32h7xx_hal_dac.o
 .debug_ranges  0x00000e80       0x80 Drivers\STM32H7xx_HAL_Driver\Src\stm32h7xx_hal_gpio.o
 .debug_ranges  0x00000f00      0x190 Drivers\STM32H7xx_HAL_Driver\Src\stm32h7xx_hal_pwr_ex.o
 .debug_ranges  0x00001090      0x240 Drivers\STM32H7xx_HAL_Driver\Src\stm32h7xx_hal_rcc.o
 .debug_ranges  0x000012d0      0x100 Drivers\STM32H7xx_HAL_Driver\Src\stm32h7xx_hal_rcc_ex.o
 .debug_ranges  0x000013d0      0x1e8 Drivers\STM32H7xx_HAL_Driver\Src\stm32h7xx_hal_spi.o
 .debug_ranges  0x000015b8      0xb50 Drivers\STM32H7xx_HAL_Driver\Src\stm32h7xx_hal_tim.o
 .debug_ranges  0x00002108      0x2a0 Drivers\STM32H7xx_HAL_Driver\Src\stm32h7xx_hal_tim_ex.o
 .debug_ranges  0x000023a8       0x88 Src\adc.o
 .debug_ranges  0x00002430       0x60 Src\dac.o
 .debug_ranges  0x00002490       0x40 Src\gpio.o
 .debug_ranges  0x000024d0      0x168 Src\main.o
 .debug_ranges  0x00002638       0xa8 Src\spi.o
 .debug_ranges  0x000026e0       0x28 Src\stm32h7xx_hal_msp.o
 .debug_ranges  0x00002708       0x48 Src\stm32h7xx_it.o
 .debug_ranges  0x00002750       0x18 Src\system_stm32h7xx.o
 .debug_ranges  0x00002768       0xc0 Src\tim.o
 .debug_ranges  0x00002828       0x20 startup\startup_stm32h743xx.o

.debug_line     0x00000000     0xc9a1
 .debug_line    0x00000000      0x74d Drivers\STM32H7xx_HAL_Driver\Src\stm32h7xx_hal.o
 .debug_line    0x0000074d     0x1432 Drivers\STM32H7xx_HAL_Driver\Src\stm32h7xx_hal_adc.o
 .debug_line    0x00001b7f     0x11c8 Drivers\STM32H7xx_HAL_Driver\Src\stm32h7xx_hal_adc_ex.o
 .debug_line    0x00002d47      0x5e1 Drivers\STM32H7xx_HAL_Driver\Src\stm32h7xx_hal_cortex.o
 .debug_line    0x00003328      0x68d Drivers\STM32H7xx_HAL_Driver\Src\stm32h7xx_hal_dac.o
 .debug_line    0x000039b5      0x54d Drivers\STM32H7xx_HAL_Driver\Src\stm32h7xx_hal_gpio.o
 .debug_line    0x00003f02      0x722 Drivers\STM32H7xx_HAL_Driver\Src\stm32h7xx_hal_pwr_ex.o
 .debug_line    0x00004624      0x976 Drivers\STM32H7xx_HAL_Driver\Src\stm32h7xx_hal_rcc.o
 .debug_line    0x00004f9a      0xa9a Drivers\STM32H7xx_HAL_Driver\Src\stm32h7xx_hal_rcc_ex.o
 .debug_line    0x00005a34     0x10fd Drivers\STM32H7xx_HAL_Driver\Src\stm32h7xx_hal_spi.o
 .debug_line    0x00006b31     0x27ca Drivers\STM32H7xx_HAL_Driver\Src\stm32h7xx_hal_tim.o
 .debug_line    0x000092fb      0xfae Drivers\STM32H7xx_HAL_Driver\Src\stm32h7xx_hal_tim_ex.o
 .debug_line    0x0000a2a9      0x48e Src\adc.o
 .debug_line    0x0000a737      0x3c2 Src\dac.o
 .debug_line    0x0000aaf9      0x3b7 Src\gpio.o
 .debug_line    0x0000aeb0      0x741 Src\main.o
 .debug_line    0x0000b5f1      0x444 Src\spi.o
 .debug_line    0x0000ba35      0x324 Src\stm32h7xx_hal_msp.o
 .debug_line    0x0000bd59      0x3bb Src\stm32h7xx_it.o
 .debug_line    0x0000c114      0x3ac Src\system_stm32h7xx.o
 .debug_line    0x0000c4c0      0x460 Src\tim.o
 .debug_line    0x0000c920       0x81 startup\startup_stm32h743xx.o

.debug_str      0x00000000     0x758b
 .debug_str     0x00000000     0x19d5 Drivers\STM32H7xx_HAL_Driver\Src\stm32h7xx_hal.o
                               0x1ae1 (size before relaxing)
 .debug_str     0x000019d5      0xf24 Drivers\STM32H7xx_HAL_Driver\Src\stm32h7xx_hal_adc.o
                               0x19e7 (size before relaxing)
 .debug_str     0x000028f9      0x777 Drivers\STM32H7xx_HAL_Driver\Src\stm32h7xx_hal_adc_ex.o
                               0x1acb (size before relaxing)
 .debug_str     0x00003070      0x560 Drivers\STM32H7xx_HAL_Driver\Src\stm32h7xx_hal_cortex.o
                               0x1717 (size before relaxing)
 .debug_str     0x000035d0      0x41d Drivers\STM32H7xx_HAL_Driver\Src\stm32h7xx_hal_dac.o
                               0x1033 (size before relaxing)
 .debug_str     0x000039ed      0x197 Drivers\STM32H7xx_HAL_Driver\Src\stm32h7xx_hal_gpio.o
                                0xdc7 (size before relaxing)
 .debug_str     0x00003b84      0x57a Drivers\STM32H7xx_HAL_Driver\Src\stm32h7xx_hal_pwr_ex.o
                               0x112a (size before relaxing)
 .debug_str     0x000040fe      0x492 Drivers\STM32H7xx_HAL_Driver\Src\stm32h7xx_hal_rcc.o
                               0x10c1 (size before relaxing)
 .debug_str     0x00004590      0x8f5 Drivers\STM32H7xx_HAL_Driver\Src\stm32h7xx_hal_rcc_ex.o
                               0x15ae (size before relaxing)
 .debug_str     0x00004e85      0x7eb Drivers\STM32H7xx_HAL_Driver\Src\stm32h7xx_hal_spi.o
                               0x144b (size before relaxing)
 .debug_str     0x00005670     0x120b Drivers\STM32H7xx_HAL_Driver\Src\stm32h7xx_hal_tim.o
                               0x1ed8 (size before relaxing)
 .debug_str     0x0000687b      0x69d Drivers\STM32H7xx_HAL_Driver\Src\stm32h7xx_hal_tim_ex.o
                               0x17fc (size before relaxing)
 .debug_str     0x00006f18      0x1a9 Src\adc.o
                               0x13e8 (size before relaxing)
 .debug_str     0x000070c1       0x31 Src\dac.o
                               0x1249 (size before relaxing)
 .debug_str     0x000070f2       0x1b Src\gpio.o
                                0xcfa (size before relaxing)
 .debug_str     0x0000710d      0x317 Src\main.o
                               0x232e (size before relaxing)
 .debug_str     0x00007424       0x17 Src\spi.o
                               0x12f7 (size before relaxing)
 .debug_str     0x0000743b       0x1b Src\stm32h7xx_hal_msp.o
                                0xc49 (size before relaxing)
 .debug_str     0x00007456       0xb6 Src\stm32h7xx_it.o
                               0x10da (size before relaxing)
 .debug_str     0x0000750c       0x3b Src\system_stm32h7xx.o
                                0xddc (size before relaxing)
 .debug_str     0x00007547       0x44 Src\tim.o
                               0x1d4f (size before relaxing)

.comment        0x00000000       0x7c
 .comment       0x00000000       0x7c Drivers\STM32H7xx_HAL_Driver\Src\stm32h7xx_hal.o
                                 0x7d (size before relaxing)
 .comment       0x0000007c       0x7d Drivers\STM32H7xx_HAL_Driver\Src\stm32h7xx_hal_adc.o
 .comment       0x0000007c       0x7d Drivers\STM32H7xx_HAL_Driver\Src\stm32h7xx_hal_adc_ex.o
 .comment       0x0000007c       0x7d Drivers\STM32H7xx_HAL_Driver\Src\stm32h7xx_hal_cortex.o
 .comment       0x0000007c       0x7d Drivers\STM32H7xx_HAL_Driver\Src\stm32h7xx_hal_dac.o
 .comment       0x0000007c       0x7d Drivers\STM32H7xx_HAL_Driver\Src\stm32h7xx_hal_gpio.o
 .comment       0x0000007c       0x7d Drivers\STM32H7xx_HAL_Driver\Src\stm32h7xx_hal_pwr_ex.o
 .comment       0x0000007c       0x7d Drivers\STM32H7xx_HAL_Driver\Src\stm32h7xx_hal_rcc.o
 .comment       0x0000007c       0x7d Drivers\STM32H7xx_HAL_Driver\Src\stm32h7xx_hal_rcc_ex.o
 .comment       0x0000007c       0x7d Drivers\STM32H7xx_HAL_Driver\Src\stm32h7xx_hal_spi.o
 .comment       0x0000007c       0x7d Drivers\STM32H7xx_HAL_Driver\Src\stm32h7xx_hal_tim.o
 .comment       0x0000007c       0x7d Drivers\STM32H7xx_HAL_Driver\Src\stm32h7xx_hal_tim_ex.o
 .comment       0x0000007c       0x7d Src\adc.o
 .comment       0x0000007c       0x7d Src\dac.o
 .comment       0x0000007c       0x7d Src\gpio.o
 .comment       0x0000007c       0x7d Src\main.o
 .comment       0x0000007c       0x7d Src\spi.o
 .comment       0x0000007c       0x7d Src\stm32h7xx_hal_msp.o
 .comment       0x0000007c       0x7d Src\stm32h7xx_it.o
 .comment       0x0000007c       0x7d Src\system_stm32h7xx.o
 .comment       0x0000007c       0x7d Src\tim.o

.debug_frame    0x00000000     0x33f0
 .debug_frame   0x00000000      0x3a8 Drivers\STM32H7xx_HAL_Driver\Src\stm32h7xx_hal.o
 .debug_frame   0x000003a8      0x32c Drivers\STM32H7xx_HAL_Driver\Src\stm32h7xx_hal_adc.o
 .debug_frame   0x000006d4      0x38c Drivers\STM32H7xx_HAL_Driver\Src\stm32h7xx_hal_adc_ex.o
 .debug_frame   0x00000a60      0x1a8 Drivers\STM32H7xx_HAL_Driver\Src\stm32h7xx_hal_cortex.o
 .debug_frame   0x00000c08      0x22c Drivers\STM32H7xx_HAL_Driver\Src\stm32h7xx_hal_dac.o
 .debug_frame   0x00000e34       0xec Drivers\STM32H7xx_HAL_Driver\Src\stm32h7xx_hal_gpio.o
 .debug_frame   0x00000f20      0x320 Drivers\STM32H7xx_HAL_Driver\Src\stm32h7xx_hal_pwr_ex.o
 .debug_frame   0x00001240      0x1d4 Drivers\STM32H7xx_HAL_Driver\Src\stm32h7xx_hal_rcc.o
 .debug_frame   0x00001414      0x2a4 Drivers\STM32H7xx_HAL_Driver\Src\stm32h7xx_hal_rcc_ex.o
 .debug_frame   0x000016b8      0x4c8 Drivers\STM32H7xx_HAL_Driver\Src\stm32h7xx_hal_spi.o
 .debug_frame   0x00001b80      0xd40 Drivers\STM32H7xx_HAL_Driver\Src\stm32h7xx_hal_tim.o
 .debug_frame   0x000028c0      0x5c8 Drivers\STM32H7xx_HAL_Driver\Src\stm32h7xx_hal_tim_ex.o
 .debug_frame   0x00002e88       0x8c Src\adc.o
 .debug_frame   0x00002f14       0x6c Src\dac.o
 .debug_frame   0x00002f80       0x3c Src\gpio.o
 .debug_frame   0x00002fbc      0x19c Src\main.o
 .debug_frame   0x00003158       0x98 Src\spi.o
 .debug_frame   0x000031f0       0x28 Src\stm32h7xx_hal_msp.o
 .debug_frame   0x00003218       0xb0 Src\stm32h7xx_it.o
 .debug_frame   0x000032c8       0x4c Src\system_stm32h7xx.o
 .debug_frame   0x00003314       0x90 Src\tim.o
 .debug_frame   0x000033a4       0x2c c:/program files (x86)/atollic/truestudio for stm32 9.1.0/armtools/bin/../lib/gcc/arm-atollic-eabi/6.3.1/../../../../arm-atollic-eabi/lib/armv7e-m/fpu/fpv5-d16\libc_nano.a(lib_a-init.o)
 .debug_frame   0x000033d0       0x20 c:/program files (x86)/atollic/truestudio for stm32 9.1.0/armtools/bin/../lib/gcc/arm-atollic-eabi/6.3.1/../../../../arm-atollic-eabi/lib/armv7e-m/fpu/fpv5-d16\libc_nano.a(lib_a-memset.o)
