Archive member included to satisfy reference by file (symbol)

c:/program files (x86)/atollic/truestudio for stm32 9.1.0/armtools/bin/../lib/gcc/arm-atollic-eabi/6.3.1/../../../../arm-atollic-eabi/lib/armv7e-m/fpu/fpv5-d16\libc_nano.a(lib_a-errno.o)
                              Src\syscalls.o (__errno)
c:/program files (x86)/atollic/truestudio for stm32 9.1.0/armtools/bin/../lib/gcc/arm-atollic-eabi/6.3.1/../../../../arm-atollic-eabi/lib/armv7e-m/fpu/fpv5-d16\libc_nano.a(lib_a-impure.o)
                              c:/program files (x86)/atollic/truestudio for stm32 9.1.0/armtools/bin/../lib/gcc/arm-atollic-eabi/6.3.1/../../../../arm-atollic-eabi/lib/armv7e-m/fpu/fpv5-d16\libc_nano.a(lib_a-errno.o) (_impure_ptr)
c:/program files (x86)/atollic/truestudio for stm32 9.1.0/armtools/bin/../lib/gcc/arm-atollic-eabi/6.3.1/../../../../arm-atollic-eabi/lib/armv7e-m/fpu/fpv5-d16\libc_nano.a(lib_a-init.o)
                              startup\startup_stm32h743xx.o (__libc_init_array)
c:/program files (x86)/atollic/truestudio for stm32 9.1.0/armtools/bin/../lib/gcc/arm-atollic-eabi/6.3.1/../../../../arm-atollic-eabi/lib/armv7e-m/fpu/fpv5-d16\libc_nano.a(lib_a-memset.o)
                              Src\dac.o (memset)
c:/program files (x86)/atollic/truestudio for stm32 9.1.0/armtools/bin/../lib/gcc/arm-atollic-eabi/6.3.1/../../../../arm-atollic-eabi/lib/armv7e-m/fpu/fpv5-d16\libm.a(lib_a-sf_sin.o)
                              Src\main.o (sinf)
c:/program files (x86)/atollic/truestudio for stm32 9.1.0/armtools/bin/../lib/gcc/arm-atollic-eabi/6.3.1/../../../../arm-atollic-eabi/lib/armv7e-m/fpu/fpv5-d16\libm.a(lib_a-ef_rem_pio2.o)
                              c:/program files (x86)/atollic/truestudio for stm32 9.1.0/armtools/bin/../lib/gcc/arm-atollic-eabi/6.3.1/../../../../arm-atollic-eabi/lib/armv7e-m/fpu/fpv5-d16\libm.a(lib_a-sf_sin.o) (__ieee754_rem_pio2f)
c:/program files (x86)/atollic/truestudio for stm32 9.1.0/armtools/bin/../lib/gcc/arm-atollic-eabi/6.3.1/../../../../arm-atollic-eabi/lib/armv7e-m/fpu/fpv5-d16\libm.a(lib_a-kf_cos.o)
                              c:/program files (x86)/atollic/truestudio for stm32 9.1.0/armtools/bin/../lib/gcc/arm-atollic-eabi/6.3.1/../../../../arm-atollic-eabi/lib/armv7e-m/fpu/fpv5-d16\libm.a(lib_a-sf_sin.o) (__kernel_cosf)
c:/program files (x86)/atollic/truestudio for stm32 9.1.0/armtools/bin/../lib/gcc/arm-atollic-eabi/6.3.1/../../../../arm-atollic-eabi/lib/armv7e-m/fpu/fpv5-d16\libm.a(lib_a-kf_rem_pio2.o)
                              c:/program files (x86)/atollic/truestudio for stm32 9.1.0/armtools/bin/../lib/gcc/arm-atollic-eabi/6.3.1/../../../../arm-atollic-eabi/lib/armv7e-m/fpu/fpv5-d16\libm.a(lib_a-ef_rem_pio2.o) (__kernel_rem_pio2f)
c:/program files (x86)/atollic/truestudio for stm32 9.1.0/armtools/bin/../lib/gcc/arm-atollic-eabi/6.3.1/../../../../arm-atollic-eabi/lib/armv7e-m/fpu/fpv5-d16\libm.a(lib_a-kf_sin.o)
                              c:/program files (x86)/atollic/truestudio for stm32 9.1.0/armtools/bin/../lib/gcc/arm-atollic-eabi/6.3.1/../../../../arm-atollic-eabi/lib/armv7e-m/fpu/fpv5-d16\libm.a(lib_a-sf_sin.o) (__kernel_sinf)
c:/program files (x86)/atollic/truestudio for stm32 9.1.0/armtools/bin/../lib/gcc/arm-atollic-eabi/6.3.1/../../../../arm-atollic-eabi/lib/armv7e-m/fpu/fpv5-d16\libm.a(lib_a-sf_fabs.o)
                              c:/program files (x86)/atollic/truestudio for stm32 9.1.0/armtools/bin/../lib/gcc/arm-atollic-eabi/6.3.1/../../../../arm-atollic-eabi/lib/armv7e-m/fpu/fpv5-d16\libm.a(lib_a-ef_rem_pio2.o) (fabsf)
c:/program files (x86)/atollic/truestudio for stm32 9.1.0/armtools/bin/../lib/gcc/arm-atollic-eabi/6.3.1/../../../../arm-atollic-eabi/lib/armv7e-m/fpu/fpv5-d16\libm.a(lib_a-sf_floor.o)
                              c:/program files (x86)/atollic/truestudio for stm32 9.1.0/armtools/bin/../lib/gcc/arm-atollic-eabi/6.3.1/../../../../arm-atollic-eabi/lib/armv7e-m/fpu/fpv5-d16\libm.a(lib_a-kf_rem_pio2.o) (floorf)
c:/program files (x86)/atollic/truestudio for stm32 9.1.0/armtools/bin/../lib/gcc/arm-atollic-eabi/6.3.1/../../../../arm-atollic-eabi/lib/armv7e-m/fpu/fpv5-d16\libm.a(lib_a-sf_scalbn.o)
                              c:/program files (x86)/atollic/truestudio for stm32 9.1.0/armtools/bin/../lib/gcc/arm-atollic-eabi/6.3.1/../../../../arm-atollic-eabi/lib/armv7e-m/fpu/fpv5-d16\libm.a(lib_a-kf_rem_pio2.o) (scalbnf)
c:/program files (x86)/atollic/truestudio for stm32 9.1.0/armtools/bin/../lib/gcc/arm-atollic-eabi/6.3.1/../../../../arm-atollic-eabi/lib/armv7e-m/fpu/fpv5-d16\libm.a(lib_a-sf_copysign.o)
                              c:/program files (x86)/atollic/truestudio for stm32 9.1.0/armtools/bin/../lib/gcc/arm-atollic-eabi/6.3.1/../../../../arm-atollic-eabi/lib/armv7e-m/fpu/fpv5-d16\libm.a(lib_a-sf_scalbn.o) (copysignf)

Allocating common symbols
Common symbol       size              file

Switch2_ModulationEnable
                    0x1               Src\adc.o
yout                0x8               Src\main.o
[...]
Memory Configuration

Name             Origin             Length             Attributes
DTCMRAM          0x20000000         0x00020000         xrw
RAM_D1           0x24000000         0x00080000         xrw
RAM_D2           0x30000000         0x00048000         xrw
RAM_D3           0x38000000         0x00010000         xrw
ITCMRAM          0x00000000         0x00010000         xrw
FLASH            0x08000000         0x00200000         xr
*default*        0x00000000         0xffffffff

Linker script and memory map

LOAD c:/program files (x86)/atollic/truestudio for stm32 9.1.0/armtools/bin/../lib/gcc/arm-atollic-eabi/6.3.1/armv7e-m/fpu/fpv5-d16/crti.o
LOAD c:/program files (x86)/atollic/truestudio for stm32 9.1.0/armtools/bin/../lib/gcc/arm-atollic-eabi/6.3.1/armv7e-m/fpu/fpv5-d16/crtbegin.o
LOAD Drivers\STM32H7xx_HAL_Driver\Src\stm32h7xx_hal.o
LOAD Drivers\STM32H7xx_HAL_Driver\Src\stm32h7xx_hal_adc.o
LOAD Drivers\STM32H7xx_HAL_Driver\Src\stm32h7xx_hal_adc_ex.o
LOAD Drivers\STM32H7xx_HAL_Driver\Src\stm32h7xx_hal_cortex.o
LOAD Drivers\STM32H7xx_HAL_Driver\Src\stm32h7xx_hal_dac.o
LOAD Drivers\STM32H7xx_HAL_Driver\Src\stm32h7xx_hal_dac_ex.o
LOAD Drivers\STM32H7xx_HAL_Driver\Src\stm32h7xx_hal_dma.o
LOAD Drivers\STM32H7xx_HAL_Driver\Src\stm32h7xx_hal_dma_ex.o
LOAD Drivers\STM32H7xx_HAL_Driver\Src\stm32h7xx_hal_exti.o
LOAD Drivers\STM32H7xx_HAL_Driver\Src\stm32h7xx_hal_flash.o
LOAD Drivers\STM32H7xx_HAL_Driver\Src\stm32h7xx_hal_flash_ex.o
LOAD Drivers\STM32H7xx_HAL_Driver\Src\stm32h7xx_hal_gpio.o
LOAD Drivers\STM32H7xx_HAL_Driver\Src\stm32h7xx_hal_hsem.o
LOAD Drivers\STM32H7xx_HAL_Driver\Src\stm32h7xx_hal_i2c.o
LOAD Drivers\STM32H7xx_HAL_Driver\Src\stm32h7xx_hal_i2c_ex.o
LOAD Drivers\STM32H7xx_HAL_Driver\Src\stm32h7xx_hal_mdma.o
LOAD Drivers\STM32H7xx_HAL_Driver\Src\stm32h7xx_hal_pwr.o
LOAD Drivers\STM32H7xx_HAL_Driver\Src\stm32h7xx_hal_pwr_ex.o
LOAD Drivers\STM32H7xx_HAL_Driver\Src\stm32h7xx_hal_rcc.o
LOAD Drivers\STM32H7xx_HAL_Driver\Src\stm32h7xx_hal_rcc_ex.o
LOAD Drivers\STM32H7xx_HAL_Driver\Src\stm32h7xx_hal_spi.o
LOAD Drivers\STM32H7xx_HAL_Driver\Src\stm32h7xx_hal_spi_ex.o
LOAD Drivers\STM32H7xx_HAL_Driver\Src\stm32h7xx_hal_tim.o
LOAD Drivers\STM32H7xx_HAL_Driver\Src\stm32h7xx_hal_tim_ex.o
LOAD Src\adc.o
LOAD Src\dac.o
LOAD Src\gpio.o
LOAD Src\main.o
LOAD Src\spi.o
LOAD Src\stm32h7xx_hal_msp.o
LOAD Src\stm32h7xx_it.o
LOAD Src\syscalls.o
LOAD Src\system_stm32h7xx.o
LOAD Src\tim.o
LOAD startup\startup_stm32h743xx.o
                0x00000080                malloc_getpagesize_P = 0x80
START GROUP
LOAD c:/program files (x86)/atollic/truestudio for stm32 9.1.0/armtools/bin/../lib/gcc/arm-atollic-eabi/6.3.1/../../../../arm-atollic-eabi/lib/armv7e-m/fpu/fpv5-d16\libc_nano.a
LOAD c:/program files (x86)/atollic/truestudio for stm32 9.1.0/armtools/bin/../lib/gcc/arm-atollic-eabi/6.3.1/../../../../arm-atollic-eabi/lib/armv7e-m/fpu/fpv5-d16\libm.a
END GROUP
START GROUP
LOAD c:/program files (x86)/atollic/truestudio for stm32 9.1.0/armtools/bin/../lib/gcc/arm-atollic-eabi/6.3.1/armv7e-m/fpu/fpv5-d16\libgcc.a
LOAD c:/program files (x86)/atollic/truestudio for stm32 9.1.0/armtools/bin/../lib/gcc/arm-atollic-eabi/6.3.1/../../../../arm-atollic-eabi/lib/armv7e-m/fpu/fpv5-d16\libc_nano.a
END GROUP
START GROUP
LOAD c:/program files (x86)/atollic/truestudio for stm32 9.1.0/armtools/bin/../lib/gcc/arm-atollic-eabi/6.3.1/armv7e-m/fpu/fpv5-d16\libgcc.a
LOAD c:/program files (x86)/atollic/truestudio for stm32 9.1.0/armtools/bin/../lib/gcc/arm-atollic-eabi/6.3.1/../../../../arm-atollic-eabi/lib/armv7e-m/fpu/fpv5-d16\libc_nano.a
LOAD c:/program files (x86)/atollic/truestudio for stm32 9.1.0/armtools/bin/../lib/gcc/arm-atollic-eabi/6.3.1/../../../../arm-atollic-eabi/lib/armv7e-m/fpu/fpv5-d16\libnosys.a
END GROUP
START GROUP
LOAD c:/program files (x86)/atollic/truestudio for stm32 9.1.0/armtools/bin/../lib/gcc/arm-atollic-eabi/6.3.1/armv7e-m/fpu/fpv5-d16\libgcc.a
LOAD c:/program files (x86)/atollic/truestudio for stm32 9.1.0/armtools/bin/../lib/gcc/arm-atollic-eabi/6.3.1/../../../../arm-atollic-eabi/lib/armv7e-m/fpu/fpv5-d16\libc_nano.a
LOAD c:/program files (x86)/atollic/truestudio for stm32 9.1.0/armtools/bin/../lib/gcc/arm-atollic-eabi/6.3.1/../../../../arm-atollic-eabi/lib/armv7e-m/fpu/fpv5-d16\libnosys.a
END GROUP
LOAD c:/program files (x86)/atollic/truestudio for stm32 9.1.0/armtools/bin/../lib/gcc/arm-atollic-eabi/6.3.1/armv7e-m/fpu/fpv5-d16/crtend.o
LOAD c:/program files (x86)/atollic/truestudio for stm32 9.1.0/armtools/bin/../lib/gcc/arm-atollic-eabi/6.3.1/armv7e-m/fpu/fpv5-d16/crtn.o
                0x20020000                _estack = 0x20020000
                0x00003000                _Min_Heap_Size = 0x3000
                0x00000400                _Min_Stack_Size = 0x400

.isr_vector     0x08000000      0x298
                0x08000000                . = ALIGN (0x4)
 *(.isr_vector)
 .isr_vector    0x08000000      0x298 startup\startup_stm32h743xx.o
                0x08000000                g_pfnVectors
                0x08000298                . = ALIGN (0x4)

.text           0x08000298     0x5bd0
                0x08000298                . = ALIGN (0x4)
 *(.text)
 .text          0x08000298       0x40 c:/program files (x86)/atollic/truestudio for stm32 9.1.0/armtools/bin/../lib/gcc/arm-atollic-eabi/6.3.1/armv7e-m/fpu/fpv5-d16/crtbegin.o
 *(.text*)
 .text.HAL_InitTick
                0x080002d8       0x50 Drivers\STM32H7xx_HAL_Driver\Src\stm32h7xx_hal.o
                0x080002d8                HAL_InitTick
 .text.HAL_Init
                0x08000328       0x5c Drivers\STM32H7xx_HAL_Driver\Src\stm32h7xx_hal.o
                0x08000328                HAL_Init
 .text.HAL_IncTick
                0x08000384       0x18 Drivers\STM32H7xx_HAL_Driver\Src\stm32h7xx_hal.o
                0x08000384                HAL_IncTick
 .text.HAL_GetTick
                0x0800039c        0xc Drivers\STM32H7xx_HAL_Driver\Src\stm32h7xx_hal.o
                0x0800039c                HAL_GetTick
 .text.HAL_Delay
                0x080003a8       0x28 Drivers\STM32H7xx_HAL_Driver\Src\stm32h7xx_hal.o
                0x080003a8                HAL_Delay
 .text.HAL_GetREVID
                0x080003d0        0xc Drivers\STM32H7xx_HAL_Driver\Src\stm32h7xx_hal.o
                0x080003d0                HAL_GetREVID
 .text.HAL_SYSCFG_AnalogSwitchConfig
                0x080003dc       0x14 Drivers\STM32H7xx_HAL_Driver\Src\stm32h7xx_hal.o
                0x080003dc                HAL_SYSCFG_AnalogSwitchConfig
 .text.HAL_ADC_ConfigChannel
                0x080003f0      0x518 Drivers\STM32H7xx_HAL_Driver\Src\stm32h7xx_hal_adc.o
                0x080003f0                HAL_ADC_ConfigChannel
 .text.ADC_Enable
                0x08000908       0xe4 Drivers\STM32H7xx_HAL_Driver\Src\stm32h7xx_hal_adc.o
                0x08000908                ADC_Enable
 .text.ADC_ConfigureBoostMode
                0x080009ec      0x164 Drivers\STM32H7xx_HAL_Driver\Src\stm32h7xx_hal_adc.o
                0x080009ec                ADC_ConfigureBoostMode
 .text.HAL_ADC_Init
                0x08000b50      0x2ac Drivers\STM32H7xx_HAL_Driver\Src\stm32h7xx_hal_adc.o
                0x08000b50                HAL_ADC_Init
 .text.HAL_ADCEx_MultiModeConfigChannel
                0x08000dfc      0x188 Drivers\STM32H7xx_HAL_Driver\Src\stm32h7xx_hal_adc_ex.o
                0x08000dfc                HAL_ADCEx_MultiModeConfigChannel
 .text.HAL_NVIC_SetPriorityGrouping
                0x08000f84       0x24 Drivers\STM32H7xx_HAL_Driver\Src\stm32h7xx_hal_cortex.o
                0x08000f84                HAL_NVIC_SetPriorityGrouping
 .text.HAL_NVIC_SetPriority
                0x08000fa8       0x60 Drivers\STM32H7xx_HAL_Driver\Src\stm32h7xx_hal_cortex.o
                0x08000fa8                HAL_NVIC_SetPriority
 .text.HAL_NVIC_EnableIRQ
                0x08001008       0x1c Drivers\STM32H7xx_HAL_Driver\Src\stm32h7xx_hal_cortex.o
                0x08001008                HAL_NVIC_EnableIRQ
 .text.HAL_SYSTICK_Config
                0x08001024       0x2c Drivers\STM32H7xx_HAL_Driver\Src\stm32h7xx_hal_cortex.o
                0x08001024                HAL_SYSTICK_Config
 .text.HAL_DAC_Init
                0x08001050       0x24 Drivers\STM32H7xx_HAL_Driver\Src\stm32h7xx_hal_dac.o
                0x08001050                HAL_DAC_Init
 .text.HAL_DAC_ConfigChannel
                0x08001074      0x15c Drivers\STM32H7xx_HAL_Driver\Src\stm32h7xx_hal_dac.o
                0x08001074                HAL_DAC_ConfigChannel
 .text.HAL_GPIO_Init
                0x080011d0      0x1f0 Drivers\STM32H7xx_HAL_Driver\Src\stm32h7xx_hal_gpio.o
                0x080011d0                HAL_GPIO_Init
 .text.HAL_GPIO_WritePin
                0x080013c0        0xc Drivers\STM32H7xx_HAL_Driver\Src\stm32h7xx_hal_gpio.o
                0x080013c0                HAL_GPIO_WritePin
 .text.HAL_GPIO_TogglePin
                0x080013cc       0x12 Drivers\STM32H7xx_HAL_Driver\Src\stm32h7xx_hal_gpio.o
                0x080013cc                HAL_GPIO_TogglePin
 *fill*         0x080013de        0x2 
 .text.HAL_PWREx_ConfigSupply
                0x080013e0       0x54 Drivers\STM32H7xx_HAL_Driver\Src\stm32h7xx_hal_pwr_ex.o
                0x080013e0                HAL_PWREx_ConfigSupply
 .text.HAL_RCC_OscConfig
                0x08001434      0x648 Drivers\STM32H7xx_HAL_Driver\Src\stm32h7xx_hal_rcc.o
                0x08001434                HAL_RCC_OscConfig
 .text.HAL_RCC_GetSysClockFreq
                0x08001a7c      0x1f0 Drivers\STM32H7xx_HAL_Driver\Src\stm32h7xx_hal_rcc.o
                0x08001a7c                HAL_RCC_GetSysClockFreq
 .text.HAL_RCC_ClockConfig
                0x08001c6c      0x290 Drivers\STM32H7xx_HAL_Driver\Src\stm32h7xx_hal_rcc.o
                0x08001c6c                HAL_RCC_ClockConfig
 .text.HAL_RCC_GetHCLKFreq
                0x08001efc       0x44 Drivers\STM32H7xx_HAL_Driver\Src\stm32h7xx_hal_rcc.o
                0x08001efc                HAL_RCC_GetHCLKFreq
 .text.RCCEx_PLL2_Config
                0x08001f40      0x10c Drivers\STM32H7xx_HAL_Driver\Src\stm32h7xx_hal_rcc_ex.o
 .text.RCCEx_PLL3_Config
                0x0800204c      0x10c Drivers\STM32H7xx_HAL_Driver\Src\stm32h7xx_hal_rcc_ex.o
 .text.HAL_RCCEx_PeriphCLKConfig
                0x08002158      0x924 Drivers\STM32H7xx_HAL_Driver\Src\stm32h7xx_hal_rcc_ex.o
                0x08002158                HAL_RCCEx_PeriphCLKConfig
 .text.HAL_RCCEx_GetD3PCLK1Freq
                0x08002a7c       0x24 Drivers\STM32H7xx_HAL_Driver\Src\stm32h7xx_hal_rcc_ex.o
                0x08002a7c                HAL_RCCEx_GetD3PCLK1Freq
 .text.HAL_RCCEx_GetPLL2ClockFreq
                0x08002aa0      0x1f8 Drivers\STM32H7xx_HAL_Driver\Src\stm32h7xx_hal_rcc_ex.o
                0x08002aa0                HAL_RCCEx_GetPLL2ClockFreq
 .text.HAL_RCCEx_GetPLL3ClockFreq
                0x08002c98      0x1f8 Drivers\STM32H7xx_HAL_Driver\Src\stm32h7xx_hal_rcc_ex.o
                0x08002c98                HAL_RCCEx_GetPLL3ClockFreq
 .text.HAL_RCCEx_GetPLL1ClockFreq
                0x08002e90      0x1f8 Drivers\STM32H7xx_HAL_Driver\Src\stm32h7xx_hal_rcc_ex.o
                0x08002e90                HAL_RCCEx_GetPLL1ClockFreq
 .text.HAL_RCCEx_GetPeriphCLKFreq
                0x08003088      0x644 Drivers\STM32H7xx_HAL_Driver\Src\stm32h7xx_hal_rcc_ex.o
                0x08003088                HAL_RCCEx_GetPeriphCLKFreq
 .text.SPI_GetPacketSize
                0x080036cc       0x10 Drivers\STM32H7xx_HAL_Driver\Src\stm32h7xx_hal_spi.o
 .text.HAL_SPI_Init
                0x080036dc      0x160 Drivers\STM32H7xx_HAL_Driver\Src\stm32h7xx_hal_spi.o
                0x080036dc                HAL_SPI_Init
 .text.TIM_OC1_SetConfig
                0x0800383c       0xa4 Drivers\STM32H7xx_HAL_Driver\Src\stm32h7xx_hal_tim.o
 .text.TIM_OC3_SetConfig
                0x080038e0       0x90 Drivers\STM32H7xx_HAL_Driver\Src\stm32h7xx_hal_tim.o
 .text.TIM_OC4_SetConfig
                0x08003970       0x70 Drivers\STM32H7xx_HAL_Driver\Src\stm32h7xx_hal_tim.o
 .text.TIM_OC5_SetConfig
                0x080039e0       0x70 Drivers\STM32H7xx_HAL_Driver\Src\stm32h7xx_hal_tim.o
 .text.TIM_OC6_SetConfig
                0x08003a50       0x70 Drivers\STM32H7xx_HAL_Driver\Src\stm32h7xx_hal_tim.o
 .text.TIM_TI1_ConfigInputStage
                0x08003ac0       0x26 Drivers\STM32H7xx_HAL_Driver\Src\stm32h7xx_hal_tim.o
 .text.TIM_TI2_ConfigInputStage
                0x08003ae6       0x28 Drivers\STM32H7xx_HAL_Driver\Src\stm32h7xx_hal_tim.o
 *fill*         0x08003b0e        0x2 
 .text.TIM_ITRx_SetConfig
                0x08003b10       0x14 Drivers\STM32H7xx_HAL_Driver\Src\stm32h7xx_hal_tim.o
 .text.HAL_TIM_Base_Start_IT
                0x08003b24       0x88 Drivers\STM32H7xx_HAL_Driver\Src\stm32h7xx_hal_tim.o
                0x08003b24                HAL_TIM_Base_Start_IT
 .text.HAL_TIM_PWM_MspInit
                0x08003bac        0x2 Drivers\STM32H7xx_HAL_Driver\Src\stm32h7xx_hal_tim.o
                0x08003bac                HAL_TIM_PWM_MspInit
 .text.HAL_TIM_OC_DelayElapsedCallback
                0x08003bae        0x2 Drivers\STM32H7xx_HAL_Driver\Src\stm32h7xx_hal_tim.o
                0x08003bae                HAL_TIM_OC_DelayElapsedCallback
 .text.HAL_TIM_IC_CaptureCallback
                0x08003bb0        0x2 Drivers\STM32H7xx_HAL_Driver\Src\stm32h7xx_hal_tim.o
                0x08003bb0                HAL_TIM_IC_CaptureCallback
 .text.HAL_TIM_PWM_PulseFinishedCallback
                0x08003bb2        0x2 Drivers\STM32H7xx_HAL_Driver\Src\stm32h7xx_hal_tim.o
                0x08003bb2                HAL_TIM_PWM_PulseFinishedCallback
 .text.HAL_TIM_TriggerCallback
                0x08003bb4        0x2 Drivers\STM32H7xx_HAL_Driver\Src\stm32h7xx_hal_tim.o
                0x08003bb4                HAL_TIM_TriggerCallback
 .text.HAL_TIM_IRQHandler
                0x08003bb6      0x19a Drivers\STM32H7xx_HAL_Driver\Src\stm32h7xx_hal_tim.o
                0x08003bb6                HAL_TIM_IRQHandler
 .text.TIM_Base_SetConfig
                0x08003d50      0x100 Drivers\STM32H7xx_HAL_Driver\Src\stm32h7xx_hal_tim.o
                0x08003d50                TIM_Base_SetConfig
 .text.HAL_TIM_Base_Init
                0x08003e50       0x5e Drivers\STM32H7xx_HAL_Driver\Src\stm32h7xx_hal_tim.o
                0x08003e50                HAL_TIM_Base_Init
 .text.HAL_TIM_PWM_Init
                0x08003eae       0x5e Drivers\STM32H7xx_HAL_Driver\Src\stm32h7xx_hal_tim.o
                0x08003eae                HAL_TIM_PWM_Init
 .text.TIM_OC2_SetConfig
                0x08003f0c       0x94 Drivers\STM32H7xx_HAL_Driver\Src\stm32h7xx_hal_tim.o
                0x08003f0c                TIM_OC2_SetConfig
 .text.HAL_TIM_PWM_ConfigChannel
                0x08003fa0      0x128 Drivers\STM32H7xx_HAL_Driver\Src\stm32h7xx_hal_tim.o
                0x08003fa0                HAL_TIM_PWM_ConfigChannel
 .text.TIM_ETR_SetConfig
                0x080040c8       0x18 Drivers\STM32H7xx_HAL_Driver\Src\stm32h7xx_hal_tim.o
                0x080040c8                TIM_ETR_SetConfig
 .text.HAL_TIM_ConfigClockSource
                0x080040e0      0x100 Drivers\STM32H7xx_HAL_Driver\Src\stm32h7xx_hal_tim.o
                0x080040e0                HAL_TIM_ConfigClockSource
 .text.HAL_TIMEx_MasterConfigSynchronization
                0x080041e0       0x98 Drivers\STM32H7xx_HAL_Driver\Src\stm32h7xx_hal_tim_ex.o
                0x080041e0                HAL_TIMEx_MasterConfigSynchronization
 .text.HAL_TIMEx_CommutCallback
                0x08004278        0x2 Drivers\STM32H7xx_HAL_Driver\Src\stm32h7xx_hal_tim_ex.o
                0x08004278                HAL_TIMEx_CommutCallback
 .text.HAL_TIMEx_BreakCallback
                0x0800427a        0x2 Drivers\STM32H7xx_HAL_Driver\Src\stm32h7xx_hal_tim_ex.o
                0x0800427a                HAL_TIMEx_BreakCallback
 .text.HAL_TIMEx_Break2Callback
                0x0800427c        0x2 Drivers\STM32H7xx_HAL_Driver\Src\stm32h7xx_hal_tim_ex.o
                0x0800427c                HAL_TIMEx_Break2Callback
 *fill*         0x0800427e        0x2 
 .text.MX_ADC1_Init
                0x08004280       0xa8 Src\adc.o
                0x08004280                MX_ADC1_Init
 .text.MX_ADC3_Init
                0x08004328       0x8c Src\adc.o
                0x08004328                MX_ADC3_Init
 .text.HAL_ADC_MspInit
                0x080043b4       0xb8 Src\adc.o
                0x080043b4                HAL_ADC_MspInit
 .text.MX_DAC1_Init
                0x0800446c       0x60 Src\dac.o
                0x0800446c                MX_DAC1_Init
 .text.HAL_DAC_MspInit
                0x080044cc       0x70 Src\dac.o
                0x080044cc                HAL_DAC_MspInit
 .text.MX_GPIO_Init
                0x0800453c      0x200 Src\gpio.o
                0x0800453c                MX_GPIO_Init
 .text.PIDInputSWitch
                0x0800473c        0xa Src\main.o
                0x0800473c                PIDInputSWitch
 *fill*         0x08004746        0x2 
 .text.PID_vInit
                0x08004748       0x9c Src\main.o
                0x08004748                PID_vInit
 *fill*         0x080047e4        0x4 
 .text.DDS_vInit
                0x080047e8      0x138 Src\main.o
                0x080047e8                DDS_vInit
 .text.LUTinterp
                0x08004920       0xac Src\main.o
                0x08004920                LUTinterp
 .text.DDS_Calc
                0x080049cc       0xdc Src\main.o
                0x080049cc                DDS_Calc
 .text.PID_Calc
                0x08004aa8       0xd0 Src\main.o
                0x08004aa8                PID_Calc
 .text.SPI1_start
                0x08004b78       0x28 Src\main.o
                0x08004b78                SPI1_start
 .text.SPI1_transmit
                0x08004ba0       0x2c Src\main.o
                0x08004ba0                SPI1_transmit
 .text.ADC_read
                0x08004bcc       0x28 Src\main.o
                0x08004bcc                ADC_read
 *fill*         0x08004bf4        0x4 
 .text.HAL_TIM_PeriodElapsedCallback
                0x08004bf8      0x178 Src\main.o
                0x08004bf8                HAL_TIM_PeriodElapsedCallback
 .text.Error_Handler
                0x08004d70        0x4 Src\main.o
                0x08004d70                Error_Handler
 .text.SystemClock_Config
                0x08004d74       0xd0 Src\main.o
                0x08004d74                SystemClock_Config
 .text.PeriphCommonClock_Config
                0x08004e44       0x58 Src\main.o
                0x08004e44                PeriphCommonClock_Config
 *fill*         0x08004e9c        0x4 
 .text.main     0x08004ea0       0xbc Src\main.o
                0x08004ea0                main
 .text.MX_SPI1_Init
                0x08004f5c       0x5c Src\spi.o
                0x08004f5c                MX_SPI1_Init
 .text.MX_SPI4_Init
                0x08004fb8       0x60 Src\spi.o
                0x08004fb8                MX_SPI4_Init
 .text.HAL_SPI_MspInit
                0x08005018       0xd4 Src\spi.o
                0x08005018                HAL_SPI_MspInit
 .text.HAL_MspInit
                0x080050ec       0x24 Src\stm32h7xx_hal_msp.o
                0x080050ec                HAL_MspInit
 .text.NMI_Handler
                0x08005110        0x2 Src\stm32h7xx_it.o
                0x08005110                NMI_Handler
 .text.HardFault_Handler
                0x08005112        0x2 Src\stm32h7xx_it.o
                0x08005112                HardFault_Handler
 .text.MemManage_Handler
                0x08005114        0x2 Src\stm32h7xx_it.o
                0x08005114                MemManage_Handler
 .text.BusFault_Handler
                0x08005116        0x2 Src\stm32h7xx_it.o
                0x08005116                BusFault_Handler
 .text.UsageFault_Handler
                0x08005118        0x2 Src\stm32h7xx_it.o
                0x08005118                UsageFault_Handler
 .text.SVC_Handler
                0x0800511a        0x2 Src\stm32h7xx_it.o
                0x0800511a                SVC_Handler
 .text.DebugMon_Handler
                0x0800511c        0x2 Src\stm32h7xx_it.o
                0x0800511c                DebugMon_Handler
 .text.PendSV_Handler
                0x0800511e        0x2 Src\stm32h7xx_it.o
                0x0800511e                PendSV_Handler
 .text.SysTick_Handler
                0x08005120        0x8 Src\stm32h7xx_it.o
                0x08005120                SysTick_Handler
 .text.TIM2_IRQHandler
                0x08005128       0x10 Src\stm32h7xx_it.o
                0x08005128                TIM2_IRQHandler
 .text.SystemInit
                0x08005138       0xd4 Src\system_stm32h7xx.o
                0x08005138                SystemInit
 .text.HAL_TIM_Base_MspInit
                0x0800520c       0x44 Src\tim.o
                0x0800520c                HAL_TIM_Base_MspInit
 .text.HAL_TIM_MspPostInit
                0x08005250       0x54 Src\tim.o
                0x08005250                HAL_TIM_MspPostInit
 .text.MX_TIM2_Init
                0x080052a4       0xb0 Src\tim.o
                0x080052a4                MX_TIM2_Init
 .text.Reset_Handler
                0x08005354       0x50 startup\startup_stm32h743xx.o
                0x08005354                Reset_Handler
 .text.Default_Handler
                0x080053a4        0x2 startup\startup_stm32h743xx.o
                0x080053a4                RTC_Alarm_IRQHandler
                0x080053a4                EXTI2_IRQHandler
                0x080053a4                TIM8_CC_IRQHandler
                0x080053a4                HRTIM1_Master_IRQHandler
                0x080053a4                UART8_IRQHandler
                0x080053a4                SPI4_IRQHandler
                0x080053a4                TIM1_CC_IRQHandler
                0x080053a4                BDMA_Channel6_IRQHandler
                0x080053a4                DMA2_Stream5_IRQHandler
                0x080053a4                HRTIM1_FLT_IRQHandler
                0x080053a4                JPEG_IRQHandler
                0x080053a4                DMA1_Stream5_IRQHandler
                0x080053a4                BDMA_Channel1_IRQHandler
                0x080053a4                HRTIM1_TIMD_IRQHandler
                0x080053a4                TAMP_STAMP_IRQHandler
                0x080053a4                EXTI3_IRQHandler
                0x080053a4                LPTIM4_IRQHandler
                0x080053a4                TIM8_TRG_COM_TIM14_IRQHandler
                0x080053a4                LPTIM2_IRQHandler
                0x080053a4                DFSDM1_FLT1_IRQHandler
                0x080053a4                DMAMUX2_OVR_IRQHandler
                0x080053a4                TIM8_UP_TIM13_IRQHandler
                0x080053a4                I2C3_ER_IRQHandler
                0x080053a4                DFSDM1_FLT2_IRQHandler
                0x080053a4                MDMA_IRQHandler
                0x080053a4                LPTIM3_IRQHandler
                0x080053a4                HSEM1_IRQHandler
                0x080053a4                EXTI0_IRQHandler
                0x080053a4                I2C2_EV_IRQHandler
                0x080053a4                DMA1_Stream2_IRQHandler
                0x080053a4                FPU_IRQHandler
                0x080053a4                OTG_HS_WKUP_IRQHandler
                0x080053a4                FDCAN1_IT1_IRQHandler
                0x080053a4                LTDC_ER_IRQHandler
                0x080053a4                DMA2_Stream2_IRQHandler
                0x080053a4                HRTIM1_TIME_IRQHandler
                0x080053a4                SPI1_IRQHandler
                0x080053a4                TIM6_DAC_IRQHandler
                0x080053a4                DCMI_IRQHandler
                0x080053a4                HRTIM1_TIMC_IRQHandler
                0x080053a4                DMA2_Stream3_IRQHandler
                0x080053a4                SAI2_IRQHandler
                0x080053a4                DFSDM1_FLT3_IRQHandler
                0x080053a4                USART6_IRQHandler
                0x080053a4                TIM17_IRQHandler
                0x080053a4                USART3_IRQHandler
                0x080053a4                BDMA_Channel7_IRQHandler
                0x080053a4                LPTIM5_IRQHandler
                0x080053a4                UART5_IRQHandler
                0x080053a4                ADC3_IRQHandler
                0x080053a4                DMA2_Stream0_IRQHandler
                0x080053a4                TIM4_IRQHandler
                0x080053a4                BDMA_Channel2_IRQHandler
                0x080053a4                QUADSPI_IRQHandler
                0x080053a4                I2C1_EV_IRQHandler
                0x080053a4                DMA1_Stream6_IRQHandler
                0x080053a4                DMAMUX1_OVR_IRQHandler
                0x080053a4                DMA1_Stream1_IRQHandler
                0x080053a4                TIM16_IRQHandler
                0x080053a4                UART4_IRQHandler
                0x080053a4                BDMA_Channel5_IRQHandler
                0x080053a4                TIM3_IRQHandler
                0x080053a4                RCC_IRQHandler
                0x080053a4                TIM8_BRK_TIM12_IRQHandler
                0x080053a4                TIM1_TRG_COM_IRQHandler
                0x080053a4                Default_Handler
                0x080053a4                ECC_IRQHandler
                0x080053a4                CEC_IRQHandler
                0x080053a4                EXTI15_10_IRQHandler
                0x080053a4                BDMA_Channel0_IRQHandler
                0x080053a4                ADC_IRQHandler
                0x080053a4                DMA1_Stream7_IRQHandler
                0x080053a4                HRTIM1_TIMA_IRQHandler
                0x080053a4                SPI5_IRQHandler
                0x080053a4                TIM7_IRQHandler
                0x080053a4                SDMMC1_IRQHandler
                0x080053a4                TIM5_IRQHandler
                0x080053a4                DMA2_Stream7_IRQHandler
                0x080053a4                TIM15_IRQHandler
                0x080053a4                PVD_AVD_IRQHandler
                0x080053a4                I2C3_EV_IRQHandler
                0x080053a4                EXTI9_5_IRQHandler
                0x080053a4                RTC_WKUP_IRQHandler
                0x080053a4                LTDC_IRQHandler
                0x080053a4                SAI3_IRQHandler
                0x080053a4                ETH_WKUP_IRQHandler
                0x080053a4                SPDIF_RX_IRQHandler
                0x080053a4                SPI2_IRQHandler
                0x080053a4                OTG_HS_EP1_IN_IRQHandler
                0x080053a4                DMA1_Stream0_IRQHandler
                0x080053a4                CRS_IRQHandler
                0x080053a4                EXTI4_IRQHandler
                0x080053a4                RNG_IRQHandler
                0x080053a4                HRTIM1_TIMB_IRQHandler
                0x080053a4                FDCAN2_IT1_IRQHandler
                0x080053a4                ETH_IRQHandler
                0x080053a4                TIM1_UP_IRQHandler
                0x080053a4                BDMA_Channel4_IRQHandler
                0x080053a4                OTG_HS_EP1_OUT_IRQHandler
                0x080053a4                WWDG_IRQHandler
                0x080053a4                SPI6_IRQHandler
                0x080053a4                MDIOS_IRQHandler
                0x080053a4                I2C4_EV_IRQHandler
                0x080053a4                FDCAN2_IT0_IRQHandler
                0x080053a4                LPUART1_IRQHandler
                0x080053a4                FDCAN1_IT0_IRQHandler
                0x080053a4                OTG_FS_WKUP_IRQHandler
                0x080053a4                OTG_HS_IRQHandler
                0x080053a4                DMA2D_IRQHandler
                0x080053a4                TIM1_BRK_IRQHandler
                0x080053a4                EXTI1_IRQHandler
                0x080053a4                SDMMC2_IRQHandler
                0x080053a4                OTG_FS_EP1_OUT_IRQHandler
                0x080053a4                BDMA_Channel3_IRQHandler
                0x080053a4                UART7_IRQHandler
                0x080053a4                MDIOS_WKUP_IRQHandler
                0x080053a4                USART2_IRQHandler
                0x080053a4                DFSDM1_FLT0_IRQHandler
                0x080053a4                SAI4_IRQHandler
                0x080053a4                I2C2_ER_IRQHandler
                0x080053a4                DMA2_Stream1_IRQHandler
                0x080053a4                FLASH_IRQHandler
                0x080053a4                DMA2_Stream4_IRQHandler
                0x080053a4                USART1_IRQHandler
                0x080053a4                OTG_FS_IRQHandler
                0x080053a4                SPI3_IRQHandler
                0x080053a4                WAKEUP_PIN_IRQHandler
                0x080053a4                DMA1_Stream4_IRQHandler
                0x080053a4                OTG_FS_EP1_IN_IRQHandler
                0x080053a4                I2C1_ER_IRQHandler
                0x080053a4                FMC_IRQHandler
                0x080053a4                FDCAN_CAL_IRQHandler
                0x080053a4                SWPMI1_IRQHandler
                0x080053a4                COMP1_IRQHandler
                0x080053a4                LPTIM1_IRQHandler
                0x080053a4                I2C4_ER_IRQHandler
                0x080053a4                DMA2_Stream6_IRQHandler
                0x080053a4                SAI1_IRQHandler
                0x080053a4                DMA1_Stream3_IRQHandler
 *fill*         0x080053a6        0x2 
 .text.__libc_init_array
                0x080053a8       0x48 c:/program files (x86)/atollic/truestudio for stm32 9.1.0/armtools/bin/../lib/gcc/arm-atollic-eabi/6.3.1/../../../../arm-atollic-eabi/lib/armv7e-m/fpu/fpv5-d16\libc_nano.a(lib_a-init.o)
                0x080053a8                __libc_init_array
 .text.memset   0x080053f0       0x10 c:/program files (x86)/atollic/truestudio for stm32 9.1.0/armtools/bin/../lib/gcc/arm-atollic-eabi/6.3.1/../../../../arm-atollic-eabi/lib/armv7e-m/fpu/fpv5-d16\libc_nano.a(lib_a-memset.o)
                0x080053f0                memset
 .text.sinf     0x08005400       0x84 c:/program files (x86)/atollic/truestudio for stm32 9.1.0/armtools/bin/../lib/gcc/arm-atollic-eabi/6.3.1/../../../../arm-atollic-eabi/lib/armv7e-m/fpu/fpv5-d16\libm.a(lib_a-sf_sin.o)
                0x08005400                sinf
 .text.__ieee754_rem_pio2f
                0x08005484      0x258 c:/program files (x86)/atollic/truestudio for stm32 9.1.0/armtools/bin/../lib/gcc/arm-atollic-eabi/6.3.1/../../../../arm-atollic-eabi/lib/armv7e-m/fpu/fpv5-d16\libm.a(lib_a-ef_rem_pio2.o)
                0x08005484                __ieee754_rem_pio2f
 .text.__kernel_cosf
                0x080056dc       0xbc c:/program files (x86)/atollic/truestudio for stm32 9.1.0/armtools/bin/../lib/gcc/arm-atollic-eabi/6.3.1/../../../../arm-atollic-eabi/lib/armv7e-m/fpu/fpv5-d16\libm.a(lib_a-kf_cos.o)
                0x080056dc                __kernel_cosf
 .text.__kernel_rem_pio2f
                0x08005798      0x4bc c:/program files (x86)/atollic/truestudio for stm32 9.1.0/armtools/bin/../lib/gcc/arm-atollic-eabi/6.3.1/../../../../arm-atollic-eabi/lib/armv7e-m/fpu/fpv5-d16\libm.a(lib_a-kf_rem_pio2.o)
                0x08005798                __kernel_rem_pio2f
 .text.__kernel_sinf
                0x08005c54       0x90 c:/program files (x86)/atollic/truestudio for stm32 9.1.0/armtools/bin/../lib/gcc/arm-atollic-eabi/6.3.1/../../../../arm-atollic-eabi/lib/armv7e-m/fpu/fpv5-d16\libm.a(lib_a-kf_sin.o)
                0x08005c54                __kernel_sinf
 .text.fabsf    0x08005ce4        0xe c:/program files (x86)/atollic/truestudio for stm32 9.1.0/armtools/bin/../lib/gcc/arm-atollic-eabi/6.3.1/../../../../arm-atollic-eabi/lib/armv7e-m/fpu/fpv5-d16\libm.a(lib_a-sf_fabs.o)
                0x08005ce4                fabsf
 *fill*         0x08005cf2        0x2 
 .text.floorf   0x08005cf4       0x84 c:/program files (x86)/atollic/truestudio for stm32 9.1.0/armtools/bin/../lib/gcc/arm-atollic-eabi/6.3.1/../../../../arm-atollic-eabi/lib/armv7e-m/fpu/fpv5-d16\libm.a(lib_a-sf_floor.o)
                0x08005cf4                floorf
 .text.scalbnf  0x08005d78       0xc0 c:/program files (x86)/atollic/truestudio for stm32 9.1.0/armtools/bin/../lib/gcc/arm-atollic-eabi/6.3.1/../../../../arm-atollic-eabi/lib/armv7e-m/fpu/fpv5-d16\libm.a(lib_a-sf_scalbn.o)
                0x08005d78                scalbnf
 .text.copysignf
                0x08005e38       0x18 c:/program files (x86)/atollic/truestudio for stm32 9.1.0/armtools/bin/../lib/gcc/arm-atollic-eabi/6.3.1/../../../../arm-atollic-eabi/lib/armv7e-m/fpu/fpv5-d16\libm.a(lib_a-sf_copysign.o)
                0x08005e38                copysignf
 *(.glue_7)
 .glue_7        0x08005e50        0x0 linker stubs
 *(.glue_7t)
 .glue_7t       0x08005e50        0x0 linker stubs
 *(.eh_frame)
 .eh_frame      0x08005e50        0x0 c:/program files (x86)/atollic/truestudio for stm32 9.1.0/armtools/bin/../lib/gcc/arm-atollic-eabi/6.3.1/armv7e-m/fpu/fpv5-d16/crtbegin.o
 *(.init)
 .init          0x08005e50        0x4 c:/program files (x86)/atollic/truestudio for stm32 9.1.0/armtools/bin/../lib/gcc/arm-atollic-eabi/6.3.1/armv7e-m/fpu/fpv5-d16/crti.o
                0x08005e50                _init
 .init          0x08005e54        0x8 c:/program files (x86)/atollic/truestudio for stm32 9.1.0/armtools/bin/../lib/gcc/arm-atollic-eabi/6.3.1/armv7e-m/fpu/fpv5-d16/crtn.o
 *(.fini)
 .fini          0x08005e5c        0x4 c:/program files (x86)/atollic/truestudio for stm32 9.1.0/armtools/bin/../lib/gcc/arm-atollic-eabi/6.3.1/armv7e-m/fpu/fpv5-d16/crti.o
                0x08005e5c                _fini
 .fini          0x08005e60        0x8 c:/program files (x86)/atollic/truestudio for stm32 9.1.0/armtools/bin/../lib/gcc/arm-atollic-eabi/6.3.1/armv7e-m/fpu/fpv5-d16/crtn.o
                0x08005e68                . = ALIGN (0x4)
                0x08005e68                _etext = .

.vfp11_veneer   0x08005e68        0x0
 .vfp11_veneer  0x08005e68        0x0 linker stubs

.v4_bx          0x08005e68        0x0
 .v4_bx         0x08005e68        0x0 linker stubs

.iplt           0x08005e68        0x0
 .iplt          0x08005e68        0x0 c:/program files (x86)/atollic/truestudio for stm32 9.1.0/armtools/bin/../lib/gcc/arm-atollic-eabi/6.3.1/armv7e-m/fpu/fpv5-d16/crtbegin.o

.rodata         0x08005e68      0x3e0
                0x08005e68                . = ALIGN (0x4)
 *(.rodata)
 *(.rodata*)
 .rodata.D1CorePrescTable
                0x08005e68       0x10 Src\system_stm32h7xx.o
                0x08005e68                D1CorePrescTable
 .rodata.npio2_hw
                0x08005e78       0x80 c:/program files (x86)/atollic/truestudio for stm32 9.1.0/armtools/bin/../lib/gcc/arm-atollic-eabi/6.3.1/../../../../arm-atollic-eabi/lib/armv7e-m/fpu/fpv5-d16\libm.a(lib_a-ef_rem_pio2.o)
 .rodata.two_over_pi
                0x08005ef8      0x318 c:/program files (x86)/atollic/truestudio for stm32 9.1.0/armtools/bin/../lib/gcc/arm-atollic-eabi/6.3.1/../../../../arm-atollic-eabi/lib/armv7e-m/fpu/fpv5-d16\libm.a(lib_a-ef_rem_pio2.o)
 .rodata.PIo2   0x08006210       0x2c c:/program files (x86)/atollic/truestudio for stm32 9.1.0/armtools/bin/../lib/gcc/arm-atollic-eabi/6.3.1/../../../../arm-atollic-eabi/lib/armv7e-m/fpu/fpv5-d16\libm.a(lib_a-kf_rem_pio2.o)
 .rodata.init_jk
                0x0800623c        0xc c:/program files (x86)/atollic/truestudio for stm32 9.1.0/armtools/bin/../lib/gcc/arm-atollic-eabi/6.3.1/../../../../arm-atollic-eabi/lib/armv7e-m/fpu/fpv5-d16\libm.a(lib_a-kf_rem_pio2.o)
                0x08006248                . = ALIGN (0x4)

.rel.dyn        0x08006248        0x0
 .rel.iplt      0x08006248        0x0 c:/program files (x86)/atollic/truestudio for stm32 9.1.0/armtools/bin/../lib/gcc/arm-atollic-eabi/6.3.1/armv7e-m/fpu/fpv5-d16/crtbegin.o

.ARM.extab
 *(.ARM.extab* .gnu.linkonce.armextab.*)

.ARM            0x08006248        0x0
                0x08006248                __exidx_start = .
 *(.ARM.exidx*)
                0x08006248                __exidx_end = .

.preinit_array  0x08006248        0x0
                0x08006248                PROVIDE (__preinit_array_start, .)
 *(.preinit_array*)
                0x08006248                PROVIDE (__preinit_array_end, .)

.init_array     0x08006248        0x4
                0x08006248                PROVIDE (__init_array_start, .)
 *(SORT(.init_array.*))
 *(.init_array*)
 .init_array    0x08006248        0x4 c:/program files (x86)/atollic/truestudio for stm32 9.1.0/armtools/bin/../lib/gcc/arm-atollic-eabi/6.3.1/armv7e-m/fpu/fpv5-d16/crtbegin.o
                0x0800624c                PROVIDE (__init_array_end, .)

.fini_array     0x0800624c        0x4
                [!provide]                PROVIDE (__fini_array_start, .)
 *(SORT(.fini_array.*))
 *(.fini_array*)
 .fini_array    0x0800624c        0x4 c:/program files (x86)/atollic/truestudio for stm32 9.1.0/armtools/bin/../lib/gcc/arm-atollic-eabi/6.3.1/armv7e-m/fpu/fpv5-d16/crtbegin.o
                [!provide]                PROVIDE (__fini_array_end, .)
                0x08006250                _sidata = LOADADDR (.data)

.data           0x24000000       0x1c load address 0x08006250
                0x24000000                . = ALIGN (0x4)
                0x24000000                _sdata = .
 *(.data)
 *(.data*)
 .data.uwTickFreq
                0x24000000        0x1 Drivers\STM32H7xx_HAL_Driver\Src\stm32h7xx_hal.o
                0x24000000                uwTickFreq
 *fill*         0x24000001        0x3 
 .data.uwTickPrio
                0x24000004        0x4 Drivers\STM32H7xx_HAL_Driver\Src\stm32h7xx_hal.o
                0x24000004                uwTickPrio
 .data.PIDInputOption
                0x24000008        0x1 Src\main.o
                0x24000008                PIDInputOption
 *fill*         0x24000009        0x3 
 .data.pPID1    0x2400000c        0x4 Src\main.o
                0x2400000c                pPID1
 .data.ptxdr_16bits
                0x24000010        0x4 Src\main.o
                0x24000010                ptxdr_16bits
 .data.SystemCoreClock
                0x24000014        0x4 Src\system_stm32h7xx.o
                0x24000014                SystemCoreClock
 .data.SystemD2Clock
                0x24000018        0x4 Src\system_stm32h7xx.o
                0x24000018                SystemD2Clock
                0x2400001c                . = ALIGN (0x4)
                0x2400001c                _edata = .

.igot.plt       0x2400001c        0x0 load address 0x0800626c
 .igot.plt      0x2400001c        0x0 c:/program files (x86)/atollic/truestudio for stm32 9.1.0/armtools/bin/../lib/gcc/arm-atollic-eabi/6.3.1/armv7e-m/fpu/fpv5-d16/crtbegin.o
                0x2400001c                . = ALIGN (0x4)

.bss            0x24000020     0x2514 load address 0x0800626c
                0x24000020                _sbss = .
                0x24000020                __bss_start__ = _sbss
 *(.bss)
 .bss           0x24000020       0x1c c:/program files (x86)/atollic/truestudio for stm32 9.1.0/armtools/bin/../lib/gcc/arm-atollic-eabi/6.3.1/armv7e-m/fpu/fpv5-d16/crtbegin.o
 *(.bss*)
 .bss.ADC_End   0x2400003c        0x4 Src\main.o
                0x2400003c                ADC_End
 .bss.ADC_duration
                0x24000040        0x8 Src\main.o
                0x24000040                ADC_duration
 .bss.LockInOutput
                0x24000048        0x8 Src\main.o
                0x24000048                LockInOutput
 .bss.PID_End   0x24000050        0x4 Src\main.o
                0x24000050                PID_End
 *fill*         0x24000054        0x4 
 .bss.PID_duration
                0x24000058        0x8 Src\main.o
                0x24000058                PID_duration
 .bss.PT_Anf    0x24000060        0x4 Src\main.o
                0x24000060                PT_Anf
 .bss.PT_End    0x24000064        0x4 Src\main.o
                0x24000064                PT_End
 .bss.SPI_Anf   0x24000068        0x4 Src\main.o
                0x24000068                SPI_Anf
 .bss.SPI_End   0x2400006c        0x4 Src\main.o
                0x2400006c                SPI_End
 .bss.SPI_duration
                0x24000070        0x8 Src\main.o
                0x24000070                SPI_duration
 .bss.adc_value
                0x24000078        0x4 Src\main.o
                0x24000078                adc_value
 *fill*         0x2400007c        0x4 
 .bss.duration  0x24000080        0x8 Src\main.o
                0x24000080                duration
 .bss.volt_value
                0x24000088        0x8 Src\main.o
                0x24000088                volt_value
 *(COMMON)
 COMMON         0x24000090        0x4 Drivers\STM32H7xx_HAL_Driver\Src\stm32h7xx_hal.o
                0x24000090                uwTick
 *fill*         0x24000094        0x4 
 COMMON         0x24000098      0x2c8 Src\adc.o
                0x24000098                Switch2_ModulationEnable
                0x240000a0                InstancePID2
                0x24000160                tty4
                0x24000168                Switch2_DACOffset
                0x24000170                hadc1
                0x240001d4                hadc3
                0x24000238                InstancePID1
                0x240002f8                tty2
                0x240002fc                InstanceDDS
                0x24000344                tty3
                0x24000348                Switch1_offsetEnable
                0x24000349                Switch1_PID1Enable
                0x2400034a                Switch2_PID1Enable
                0x2400034b                Switch1_PID2Enable
                0x2400034c                Switch2_PID2Enable
                0x2400034d                Switch2_offsetEnable
                0x24000350                tty1
                0x24000354                Switch1_ModulationEnable
                0x24000358                Switch1_DACOffset
 COMMON         0x24000360       0x14 Src\dac.o
                0x24000360                hdac1
 *fill*         0x24000374        0x4 
 COMMON         0x24000378     0x2060 Src\main.o
                0x24000378                yout
                0x24000380                li
                0x24000384                charI
                0x240003a4                DACoutput1
                0x240003a8                ADCBuf
                0x240003b0                pData
                0x240003b8                duration_sum
                0x240003c0                LUT_d
                0x240013c0                paramFreq
                0x240013c8                DACoutput2
                0x240013cc                acValBuffer
                0x240013d0                Tim2ARR
                0x240013d4                LUT_T
                0x240023d4                hexString
                0x240023d6                pdata
 COMMON         0x240023d8      0x110 Src\spi.o
                0x240023d8                hspi4
                0x24002460                hspi1
 COMMON         0x240024e8       0x4c Src\tim.o
                0x240024e8                htim2
                0x24002534                . = ALIGN (0x4)
                0x24002534                _ebss = .
                0x24002534                __bss_end__ = _ebss

._user_heap_stack
                0x24002534     0x3400 load address 0x0800626c
                0x24002534                . = ALIGN (0x4)
                0x24002534                PROVIDE (end, .)
                [!provide]                PROVIDE (_end, .)
                0x24005534                . = (. + _Min_Heap_Size)
 *fill*         0x24002534     0x3000 
                0x24005934                . = (. + _Min_Stack_Size)
 *fill*         0x24005534      0x400 
                0x24005934                . = ALIGN (0x4)

/DISCARD/
 libc.a(*)
 libm.a(*)
 libgcc.a(*)

.ARM.attributes
                0x00000000       0x2e
 *(.ARM.attributes)
 .ARM.attributes
                0x00000000       0x20 c:/program files (x86)/atollic/truestudio for stm32 9.1.0/armtools/bin/../lib/gcc/arm-atollic-eabi/6.3.1/armv7e-m/fpu/fpv5-d16/crti.o
 .ARM.attributes
                0x00000020       0x32 c:/program files (x86)/atollic/truestudio for stm32 9.1.0/armtools/bin/../lib/gcc/arm-atollic-eabi/6.3.1/armv7e-m/fpu/fpv5-d16/crtbegin.o
 .ARM.attributes
                0x00000052       0x37 Drivers\STM32H7xx_HAL_Driver\Src\stm32h7xx_hal.o
 .ARM.attributes
                0x00000089       0x37 Drivers\STM32H7xx_HAL_Driver\Src\stm32h7xx_hal_adc.o
 .ARM.attributes
                0x000000c0       0x37 Drivers\STM32H7xx_HAL_Driver\Src\stm32h7xx_hal_adc_ex.o
 .ARM.attributes
                0x000000f7       0x37 Drivers\STM32H7xx_HAL_Driver\Src\stm32h7xx_hal_cortex.o
 .ARM.attributes
                0x0000012e       0x37 Drivers\STM32H7xx_HAL_Driver\Src\stm32h7xx_hal_dac.o
 .ARM.attributes
                0x00000165       0x37 Drivers\STM32H7xx_HAL_Driver\Src\stm32h7xx_hal_gpio.o
 .ARM.attributes
                0x0000019c       0x37 Drivers\STM32H7xx_HAL_Driver\Src\stm32h7xx_hal_pwr_ex.o
 .ARM.attributes
                0x000001d3       0x37 Drivers\STM32H7xx_HAL_Driver\Src\stm32h7xx_hal_rcc.o
 .ARM.attributes
                0x0000020a       0x37 Drivers\STM32H7xx_HAL_Driver\Src\stm32h7xx_hal_rcc_ex.o
 .ARM.attributes
                0x00000241       0x37 Drivers\STM32H7xx_HAL_Driver\Src\stm32h7xx_hal_spi.o
 .ARM.attributes
                0x00000278       0x37 Drivers\STM32H7xx_HAL_Driver\Src\stm32h7xx_hal_tim.o
 .ARM.attributes
                0x000002af       0x37 Drivers\STM32H7xx_HAL_Driver\Src\stm32h7xx_hal_tim_ex.o
 .ARM.attributes
                0x000002e6       0x37 Src\adc.o
 .ARM.attributes
                0x0000031d       0x37 Src\dac.o
 .ARM.attributes
                0x00000354       0x37 Src\gpio.o
 .ARM.attributes
                0x0000038b       0x37 Src\main.o
 .ARM.attributes
                0x000003c2       0x37 Src\spi.o
 .ARM.attributes
                0x000003f9       0x37 Src\stm32h7xx_hal_msp.o
 .ARM.attributes
                0x00000430       0x37 Src\stm32h7xx_it.o
 .ARM.attributes
                0x00000467       0x37 Src\system_stm32h7xx.o
 .ARM.attributes
                0x0000049e       0x37 Src\tim.o
 .ARM.attributes
                0x000004d5       0x21 startup\startup_stm32h743xx.o
 .ARM.attributes
                0x000004f6       0x32 c:/program files (x86)/atollic/truestudio for stm32 9.1.0/armtools/bin/../lib/gcc/arm-atollic-eabi/6.3.1/../../../../arm-atollic-eabi/lib/armv7e-m/fpu/fpv5-d16\libc_nano.a(lib_a-init.o)
 .ARM.attributes
                0x00000528       0x32 c:/program files (x86)/atollic/truestudio for stm32 9.1.0/armtools/bin/../lib/gcc/arm-atollic-eabi/6.3.1/../../../../arm-atollic-eabi/lib/armv7e-m/fpu/fpv5-d16\libc_nano.a(lib_a-memset.o)
 .ARM.attributes
                0x0000055a       0x32 c:/program files (x86)/atollic/truestudio for stm32 9.1.0/armtools/bin/../lib/gcc/arm-atollic-eabi/6.3.1/../../../../arm-atollic-eabi/lib/armv7e-m/fpu/fpv5-d16\libm.a(lib_a-sf_sin.o)
 .ARM.attributes
                0x0000058c       0x32 c:/program files (x86)/atollic/truestudio for stm32 9.1.0/armtools/bin/../lib/gcc/arm-atollic-eabi/6.3.1/../../../../arm-atollic-eabi/lib/armv7e-m/fpu/fpv5-d16\libm.a(lib_a-ef_rem_pio2.o)
 .ARM.attributes
                0x000005be       0x32 c:/program files (x86)/atollic/truestudio for stm32 9.1.0/armtools/bin/../lib/gcc/arm-atollic-eabi/6.3.1/../../../../arm-atollic-eabi/lib/armv7e-m/fpu/fpv5-d16\libm.a(lib_a-kf_cos.o)
 .ARM.attributes
                0x000005f0       0x32 c:/program files (x86)/atollic/truestudio for stm32 9.1.0/armtools/bin/../lib/gcc/arm-atollic-eabi/6.3.1/../../../../arm-atollic-eabi/lib/armv7e-m/fpu/fpv5-d16\libm.a(lib_a-kf_rem_pio2.o)
 .ARM.attributes
                0x00000622       0x32 c:/program files (x86)/atollic/truestudio for stm32 9.1.0/armtools/bin/../lib/gcc/arm-atollic-eabi/6.3.1/../../../../arm-atollic-eabi/lib/armv7e-m/fpu/fpv5-d16\libm.a(lib_a-kf_sin.o)
 .ARM.attributes
                0x00000654       0x32 c:/program files (x86)/atollic/truestudio for stm32 9.1.0/armtools/bin/../lib/gcc/arm-atollic-eabi/6.3.1/../../../../arm-atollic-eabi/lib/armv7e-m/fpu/fpv5-d16\libm.a(lib_a-sf_fabs.o)
 .ARM.attributes
                0x00000686       0x32 c:/program files (x86)/atollic/truestudio for stm32 9.1.0/armtools/bin/../lib/gcc/arm-atollic-eabi/6.3.1/../../../../arm-atollic-eabi/lib/armv7e-m/fpu/fpv5-d16\libm.a(lib_a-sf_floor.o)
 .ARM.attributes
                0x000006b8       0x32 c:/program files (x86)/atollic/truestudio for stm32 9.1.0/armtools/bin/../lib/gcc/arm-atollic-eabi/6.3.1/../../../../arm-atollic-eabi/lib/armv7e-m/fpu/fpv5-d16\libm.a(lib_a-sf_scalbn.o)
 .ARM.attributes
                0x000006ea       0x32 c:/program files (x86)/atollic/truestudio for stm32 9.1.0/armtools/bin/../lib/gcc/arm-atollic-eabi/6.3.1/../../../../arm-atollic-eabi/lib/armv7e-m/fpu/fpv5-d16\libm.a(lib_a-sf_copysign.o)
 .ARM.attributes
                0x0000071c       0x20 c:/program files (x86)/atollic/truestudio for stm32 9.1.0/armtools/bin/../lib/gcc/arm-atollic-eabi/6.3.1/armv7e-m/fpu/fpv5-d16/crtn.o
OUTPUT(CBC_H7.elf elf32-littlearm)

.debug_info     0x00000000    0x2a998
 .debug_info    0x00000000     0x1e9a Drivers\STM32H7xx_HAL_Driver\Src\stm32h7xx_hal.o
 .debug_info    0x00001e9a     0x34ba Drivers\STM32H7xx_HAL_Driver\Src\stm32h7xx_hal_adc.o
 .debug_info    0x00005354     0x3622 Drivers\STM32H7xx_HAL_Driver\Src\stm32h7xx_hal_adc_ex.o
 .debug_info    0x00008976     0x1bd6 Drivers\STM32H7xx_HAL_Driver\Src\stm32h7xx_hal_cortex.o
 .debug_info    0x0000a54c     0x15da Drivers\STM32H7xx_HAL_Driver\Src\stm32h7xx_hal_dac.o
 .debug_info    0x0000bb26     0x165c Drivers\STM32H7xx_HAL_Driver\Src\stm32h7xx_hal_gpio.o
 .debug_info    0x0000d182     0x1aa6 Drivers\STM32H7xx_HAL_Driver\Src\stm32h7xx_hal_pwr_ex.o
 .debug_info    0x0000ec28     0x1a46 Drivers\STM32H7xx_HAL_Driver\Src\stm32h7xx_hal_rcc.o
 .debug_info    0x0001066e     0x21b3 Drivers\STM32H7xx_HAL_Driver\Src\stm32h7xx_hal_rcc_ex.o
 .debug_info    0x00012821     0x22e8 Drivers\STM32H7xx_HAL_Driver\Src\stm32h7xx_hal_spi.o
 .debug_info    0x00014b09     0x40a0 Drivers\STM32H7xx_HAL_Driver\Src\stm32h7xx_hal_tim.o
 .debug_info    0x00018ba9     0x23e7 Drivers\STM32H7xx_HAL_Driver\Src\stm32h7xx_hal_tim_ex.o
 .debug_info    0x0001af90     0x1cd3 Src\adc.o
 .debug_info    0x0001cc63     0x199f Src\dac.o
 .debug_info    0x0001e602     0x1562 Src\gpio.o
 .debug_info    0x0001fb64     0x3622 Src\main.o
 .debug_info    0x00023186     0x1ade Src\spi.o
 .debug_info    0x00024c64     0x11aa Src\stm32h7xx_hal_msp.o
 .debug_info    0x00025e0e     0x151d Src\stm32h7xx_it.o
 .debug_info    0x0002732b     0x15ed Src\system_stm32h7xx.o
 .debug_info    0x00028918     0x2000 Src\tim.o
 .debug_info    0x0002a918       0x80 startup\startup_stm32h743xx.o

.debug_abbrev   0x00000000     0x3a91
 .debug_abbrev  0x00000000      0x2f2 Drivers\STM32H7xx_HAL_Driver\Src\stm32h7xx_hal.o
 .debug_abbrev  0x000002f2      0x325 Drivers\STM32H7xx_HAL_Driver\Src\stm32h7xx_hal_adc.o
 .debug_abbrev  0x00000617      0x3aa Drivers\STM32H7xx_HAL_Driver\Src\stm32h7xx_hal_adc_ex.o
 .debug_abbrev  0x000009c1      0x3dd Drivers\STM32H7xx_HAL_Driver\Src\stm32h7xx_hal_cortex.o
 .debug_abbrev  0x00000d9e      0x274 Drivers\STM32H7xx_HAL_Driver\Src\stm32h7xx_hal_dac.o
 .debug_abbrev  0x00001012      0x2c7 Drivers\STM32H7xx_HAL_Driver\Src\stm32h7xx_hal_gpio.o
 .debug_abbrev  0x000012d9      0x33a Drivers\STM32H7xx_HAL_Driver\Src\stm32h7xx_hal_pwr_ex.o
 .debug_abbrev  0x00001613      0x2d6 Drivers\STM32H7xx_HAL_Driver\Src\stm32h7xx_hal_rcc.o
 .debug_abbrev  0x000018e9      0x2fa Drivers\STM32H7xx_HAL_Driver\Src\stm32h7xx_hal_rcc_ex.o
 .debug_abbrev  0x00001be3      0x2e3 Drivers\STM32H7xx_HAL_Driver\Src\stm32h7xx_hal_spi.o
 .debug_abbrev  0x00001ec6      0x2ad Drivers\STM32H7xx_HAL_Driver\Src\stm32h7xx_hal_tim.o
 .debug_abbrev  0x00002173      0x2cd Drivers\STM32H7xx_HAL_Driver\Src\stm32h7xx_hal_tim_ex.o
 .debug_abbrev  0x00002440      0x270 Src\adc.o
 .debug_abbrev  0x000026b0      0x27d Src\dac.o
 .debug_abbrev  0x0000292d      0x238 Src\gpio.o
 .debug_abbrev  0x00002b65      0x3ff Src\main.o
 .debug_abbrev  0x00002f64      0x270 Src\spi.o
 .debug_abbrev  0x000031d4      0x1f2 Src\stm32h7xx_hal_msp.o
 .debug_abbrev  0x000033c6      0x210 Src\stm32h7xx_it.o
 .debug_abbrev  0x000035d6      0x22a Src\system_stm32h7xx.o
 .debug_abbrev  0x00003800      0x27f Src\tim.o
 .debug_abbrev  0x00003a7f       0x12 startup\startup_stm32h743xx.o

.debug_loc      0x00000000     0xfcc8
 .debug_loc     0x00000000      0x42f Drivers\STM32H7xx_HAL_Driver\Src\stm32h7xx_hal.o
 .debug_loc     0x0000042f     0x1dee Drivers\STM32H7xx_HAL_Driver\Src\stm32h7xx_hal_adc.o
 .debug_loc     0x0000221d     0x22be Drivers\STM32H7xx_HAL_Driver\Src\stm32h7xx_hal_adc_ex.o
 .debug_loc     0x000044db      0x5f4 Drivers\STM32H7xx_HAL_Driver\Src\stm32h7xx_hal_cortex.o
 .debug_loc     0x00004acf      0x725 Drivers\STM32H7xx_HAL_Driver\Src\stm32h7xx_hal_dac.o
 .debug_loc     0x000051f4      0x2ef Drivers\STM32H7xx_HAL_Driver\Src\stm32h7xx_hal_gpio.o
 .debug_loc     0x000054e3      0x381 Drivers\STM32H7xx_HAL_Driver\Src\stm32h7xx_hal_pwr_ex.o
 .debug_loc     0x00005864      0x693 Drivers\STM32H7xx_HAL_Driver\Src\stm32h7xx_hal_rcc.o
 .debug_loc     0x00005ef7     0x10d3 Drivers\STM32H7xx_HAL_Driver\Src\stm32h7xx_hal_rcc_ex.o
 .debug_loc     0x00006fca     0x19eb Drivers\STM32H7xx_HAL_Driver\Src\stm32h7xx_hal_spi.o
 .debug_loc     0x000089b5     0x47c6 Drivers\STM32H7xx_HAL_Driver\Src\stm32h7xx_hal_tim.o
 .debug_loc     0x0000d17b     0x2159 Drivers\STM32H7xx_HAL_Driver\Src\stm32h7xx_hal_tim_ex.o
 .debug_loc     0x0000f2d4       0x7f Src\adc.o
 .debug_loc     0x0000f353       0x74 Src\dac.o
 .debug_loc     0x0000f3c7      0x65e Src\main.o
 .debug_loc     0x0000fa25       0xa6 Src\spi.o
 .debug_loc     0x0000facb      0x168 Src\system_stm32h7xx.o
 .debug_loc     0x0000fc33       0x95 Src\tim.o

.debug_aranges  0x00000000     0x11c0
 .debug_aranges
                0x00000000      0x198 Drivers\STM32H7xx_HAL_Driver\Src\stm32h7xx_hal.o
 .debug_aranges
                0x00000198      0x100 Drivers\STM32H7xx_HAL_Driver\Src\stm32h7xx_hal_adc.o
 .debug_aranges
                0x00000298      0x108 Drivers\STM32H7xx_HAL_Driver\Src\stm32h7xx_hal_adc_ex.o
 .debug_aranges
                0x000003a0       0xb0 Drivers\STM32H7xx_HAL_Driver\Src\stm32h7xx_hal_cortex.o
 .debug_aranges
                0x00000450       0xc0 Drivers\STM32H7xx_HAL_Driver\Src\stm32h7xx_hal_dac.o
 .debug_aranges
                0x00000510       0x58 Drivers\STM32H7xx_HAL_Driver\Src\stm32h7xx_hal_gpio.o
 .debug_aranges
                0x00000568      0x158 Drivers\STM32H7xx_HAL_Driver\Src\stm32h7xx_hal_pwr_ex.o
 .debug_aranges
                0x000006c0       0x88 Drivers\STM32H7xx_HAL_Driver\Src\stm32h7xx_hal_rcc.o
 .debug_aranges
                0x00000748       0xf8 Drivers\STM32H7xx_HAL_Driver\Src\stm32h7xx_hal_rcc_ex.o
 .debug_aranges
                0x00000840      0x1a0 Drivers\STM32H7xx_HAL_Driver\Src\stm32h7xx_hal_spi.o
 .debug_aranges
                0x000009e0      0x3e0 Drivers\STM32H7xx_HAL_Driver\Src\stm32h7xx_hal_tim.o
 .debug_aranges
                0x00000dc0      0x188 Drivers\STM32H7xx_HAL_Driver\Src\stm32h7xx_hal_tim_ex.o
 .debug_aranges
                0x00000f48       0x38 Src\adc.o
 .debug_aranges
                0x00000f80       0x30 Src\dac.o
 .debug_aranges
                0x00000fb0       0x20 Src\gpio.o
 .debug_aranges
                0x00000fd0       0xa8 Src\main.o
 .debug_aranges
                0x00001078       0x38 Src\spi.o
 .debug_aranges
                0x000010b0       0x20 Src\stm32h7xx_hal_msp.o
 .debug_aranges
                0x000010d0       0x68 Src\stm32h7xx_it.o
 .debug_aranges
                0x00001138       0x28 Src\system_stm32h7xx.o
 .debug_aranges
                0x00001160       0x38 Src\tim.o
 .debug_aranges
                0x00001198       0x28 startup\startup_stm32h743xx.o

.debug_ranges   0x00000000     0x1c08
 .debug_ranges  0x00000000      0x188 Drivers\STM32H7xx_HAL_Driver\Src\stm32h7xx_hal.o
 .debug_ranges  0x00000188      0x610 Drivers\STM32H7xx_HAL_Driver\Src\stm32h7xx_hal_adc.o
 .debug_ranges  0x00000798      0x650 Drivers\STM32H7xx_HAL_Driver\Src\stm32h7xx_hal_adc_ex.o
 .debug_ranges  0x00000de8      0x100 Drivers\STM32H7xx_HAL_Driver\Src\stm32h7xx_hal_cortex.o
 .debug_ranges  0x00000ee8       0xb0 Drivers\STM32H7xx_HAL_Driver\Src\stm32h7xx_hal_dac.o
 .debug_ranges  0x00000f98       0x48 Drivers\STM32H7xx_HAL_Driver\Src\stm32h7xx_hal_gpio.o
 .debug_ranges  0x00000fe0      0x1a8 Drivers\STM32H7xx_HAL_Driver\Src\stm32h7xx_hal_pwr_ex.o
 .debug_ranges  0x00001188       0xe0 Drivers\STM32H7xx_HAL_Driver\Src\stm32h7xx_hal_rcc.o
 .debug_ranges  0x00001268       0xe8 Drivers\STM32H7xx_HAL_Driver\Src\stm32h7xx_hal_rcc_ex.o
 .debug_ranges  0x00001350      0x190 Drivers\STM32H7xx_HAL_Driver\Src\stm32h7xx_hal_spi.o
 .debug_ranges  0x000014e0      0x3d0 Drivers\STM32H7xx_HAL_Driver\Src\stm32h7xx_hal_tim.o
 .debug_ranges  0x000018b0      0x178 Drivers\STM32H7xx_HAL_Driver\Src\stm32h7xx_hal_tim_ex.o
 .debug_ranges  0x00001a28       0x28 Src\adc.o
 .debug_ranges  0x00001a50       0x20 Src\dac.o
 .debug_ranges  0x00001a70       0x10 Src\gpio.o
 .debug_ranges  0x00001a80       0x98 Src\main.o
 .debug_ranges  0x00001b18       0x28 Src\spi.o
 .debug_ranges  0x00001b40       0x10 Src\stm32h7xx_hal_msp.o
 .debug_ranges  0x00001b50       0x58 Src\stm32h7xx_it.o
 .debug_ranges  0x00001ba8       0x18 Src\system_stm32h7xx.o
 .debug_ranges  0x00001bc0       0x28 Src\tim.o
 .debug_ranges  0x00001be8       0x20 startup\startup_stm32h743xx.o

.debug_macro    0x00000000    0x39301
 .debug_macro   0x00000000      0x302 Drivers\STM32H7xx_HAL_Driver\Src\stm32h7xx_hal.o
 .debug_macro   0x00000302      0x8b6 Drivers\STM32H7xx_HAL_Driver\Src\stm32h7xx_hal.o
 .debug_macro   0x00000bb8      0x244 Drivers\STM32H7xx_HAL_Driver\Src\stm32h7xx_hal.o
 .debug_macro   0x00000dfc       0x2e Drivers\STM32H7xx_HAL_Driver\Src\stm32h7xx_hal.o
 .debug_macro   0x00000e2a       0x3b Drivers\STM32H7xx_HAL_Driver\Src\stm32h7xx_hal.o
 .debug_macro   0x00000e65       0x22 Drivers\STM32H7xx_HAL_Driver\Src\stm32h7xx_hal.o
 .debug_macro   0x00000e87       0x87 Drivers\STM32H7xx_HAL_Driver\Src\stm32h7xx_hal.o
 .debug_macro   0x00000f0e       0x51 Drivers\STM32H7xx_HAL_Driver\Src\stm32h7xx_hal.o
 .debug_macro   0x00000f5f       0xef Drivers\STM32H7xx_HAL_Driver\Src\stm32h7xx_hal.o
 .debug_macro   0x0000104e       0x6a Drivers\STM32H7xx_HAL_Driver\Src\stm32h7xx_hal.o
 .debug_macro   0x000010b8      0x1df Drivers\STM32H7xx_HAL_Driver\Src\stm32h7xx_hal.o
 .debug_macro   0x00001297       0x1c Drivers\STM32H7xx_HAL_Driver\Src\stm32h7xx_hal.o
 .debug_macro   0x000012b3       0x22 Drivers\STM32H7xx_HAL_Driver\Src\stm32h7xx_hal.o
 .debug_macro   0x000012d5      0x101 Drivers\STM32H7xx_HAL_Driver\Src\stm32h7xx_hal.o
 .debug_macro   0x000013d6     0x1305 Drivers\STM32H7xx_HAL_Driver\Src\stm32h7xx_hal.o
 .debug_macro   0x000026db      0x11f Drivers\STM32H7xx_HAL_Driver\Src\stm32h7xx_hal.o
 .debug_macro   0x000027fa       0x27 Drivers\STM32H7xx_HAL_Driver\Src\stm32h7xx_hal.o
 .debug_macro   0x00002821    0x253d1 Drivers\STM32H7xx_HAL_Driver\Src\stm32h7xx_hal.o
 .debug_macro   0x00027bf2       0x43 Drivers\STM32H7xx_HAL_Driver\Src\stm32h7xx_hal.o
 .debug_macro   0x00027c35     0x3cd3 Drivers\STM32H7xx_HAL_Driver\Src\stm32h7xx_hal.o
 .debug_macro   0x0002b908      0x174 Drivers\STM32H7xx_HAL_Driver\Src\stm32h7xx_hal.o
 .debug_macro   0x0002ba7c       0x46 Drivers\STM32H7xx_HAL_Driver\Src\stm32h7xx_hal.o
 .debug_macro   0x0002bac2       0x3c Drivers\STM32H7xx_HAL_Driver\Src\stm32h7xx_hal.o
 .debug_macro   0x0002bafe       0x9c Drivers\STM32H7xx_HAL_Driver\Src\stm32h7xx_hal.o
 .debug_macro   0x0002bb9a       0x52 Drivers\STM32H7xx_HAL_Driver\Src\stm32h7xx_hal.o
 .debug_macro   0x0002bbec       0x1f Drivers\STM32H7xx_HAL_Driver\Src\stm32h7xx_hal.o
 .debug_macro   0x0002bc0b       0x43 Drivers\STM32H7xx_HAL_Driver\Src\stm32h7xx_hal.o
 .debug_macro   0x0002bc4e       0x20 Drivers\STM32H7xx_HAL_Driver\Src\stm32h7xx_hal.o
 .debug_macro   0x0002bc6e      0x1a3 Drivers\STM32H7xx_HAL_Driver\Src\stm32h7xx_hal.o
 .debug_macro   0x0002be11      0x307 Drivers\STM32H7xx_HAL_Driver\Src\stm32h7xx_hal.o
 .debug_macro   0x0002c118      0x1e1 Drivers\STM32H7xx_HAL_Driver\Src\stm32h7xx_hal.o
 .debug_macro   0x0002c2f9       0x5d Drivers\STM32H7xx_HAL_Driver\Src\stm32h7xx_hal.o
 .debug_macro   0x0002c356     0x2382 Drivers\STM32H7xx_HAL_Driver\Src\stm32h7xx_hal.o
 .debug_macro   0x0002e6d8     0x1002 Drivers\STM32H7xx_HAL_Driver\Src\stm32h7xx_hal.o
 .debug_macro   0x0002f6da      0x14d Drivers\STM32H7xx_HAL_Driver\Src\stm32h7xx_hal.o
 .debug_macro   0x0002f827      0x117 Drivers\STM32H7xx_HAL_Driver\Src\stm32h7xx_hal.o
 .debug_macro   0x0002f93e      0x3b2 Drivers\STM32H7xx_HAL_Driver\Src\stm32h7xx_hal.o
 .debug_macro   0x0002fcf0       0x27 Drivers\STM32H7xx_HAL_Driver\Src\stm32h7xx_hal.o
 .debug_macro   0x0002fd17      0x72d Drivers\STM32H7xx_HAL_Driver\Src\stm32h7xx_hal.o
 .debug_macro   0x00030444      0x229 Drivers\STM32H7xx_HAL_Driver\Src\stm32h7xx_hal.o
 .debug_macro   0x0003066d       0x66 Drivers\STM32H7xx_HAL_Driver\Src\stm32h7xx_hal.o
 .debug_macro   0x000306d3      0x3bb Drivers\STM32H7xx_HAL_Driver\Src\stm32h7xx_hal.o
 .debug_macro   0x00030a8e      0x3e5 Drivers\STM32H7xx_HAL_Driver\Src\stm32h7xx_hal.o
 .debug_macro   0x00030e73      0x275 Drivers\STM32H7xx_HAL_Driver\Src\stm32h7xx_hal.o
 .debug_macro   0x000310e8     0x1036 Drivers\STM32H7xx_HAL_Driver\Src\stm32h7xx_hal.o
 .debug_macro   0x0003211e      0x6c5 Drivers\STM32H7xx_HAL_Driver\Src\stm32h7xx_hal.o
 .debug_macro   0x000327e3      0x36e Drivers\STM32H7xx_HAL_Driver\Src\stm32h7xx_hal.o
 .debug_macro   0x00032b51      0x184 Drivers\STM32H7xx_HAL_Driver\Src\stm32h7xx_hal.o
 .debug_macro   0x00032cd5       0xd8 Drivers\STM32H7xx_HAL_Driver\Src\stm32h7xx_hal.o
 .debug_macro   0x00032dad      0x3cb Drivers\STM32H7xx_HAL_Driver\Src\stm32h7xx_hal.o
 .debug_macro   0x00033178      0x408 Drivers\STM32H7xx_HAL_Driver\Src\stm32h7xx_hal.o
 .debug_macro   0x00033580       0x51 Drivers\STM32H7xx_HAL_Driver\Src\stm32h7xx_hal.o
 .debug_macro   0x000335d1       0x4a Drivers\STM32H7xx_HAL_Driver\Src\stm32h7xx_hal.o
 .debug_macro   0x0003361b      0x22c Drivers\STM32H7xx_HAL_Driver\Src\stm32h7xx_hal.o
 .debug_macro   0x00033847       0x67 Drivers\STM32H7xx_HAL_Driver\Src\stm32h7xx_hal.o
 .debug_macro   0x000338ae       0xa5 Drivers\STM32H7xx_HAL_Driver\Src\stm32h7xx_hal.o
 .debug_macro   0x00033953      0x1c5 Drivers\STM32H7xx_HAL_Driver\Src\stm32h7xx_hal.o
 .debug_macro   0x00033b18      0x25f Drivers\STM32H7xx_HAL_Driver\Src\stm32h7xx_hal.o
 .debug_macro   0x00033d77       0x35 Drivers\STM32H7xx_HAL_Driver\Src\stm32h7xx_hal.o
 .debug_macro   0x00033dac      0x5dd Drivers\STM32H7xx_HAL_Driver\Src\stm32h7xx_hal.o
 .debug_macro   0x00034389       0x9e Drivers\STM32H7xx_HAL_Driver\Src\stm32h7xx_hal.o
 .debug_macro   0x00034427      0xad7 Drivers\STM32H7xx_HAL_Driver\Src\stm32h7xx_hal.o
 .debug_macro   0x00034efe      0x2a0 Drivers\STM32H7xx_HAL_Driver\Src\stm32h7xx_hal.o
 .debug_macro   0x0003519e      0x5a0 Drivers\STM32H7xx_HAL_Driver\Src\stm32h7xx_hal.o
 .debug_macro   0x0003573e      0x2fc Drivers\STM32H7xx_HAL_Driver\Src\stm32h7xx_hal_adc.o
 .debug_macro   0x00035a3a      0x2e4 Drivers\STM32H7xx_HAL_Driver\Src\stm32h7xx_hal_adc_ex.o
 .debug_macro   0x00035d1e      0x2d8 Drivers\STM32H7xx_HAL_Driver\Src\stm32h7xx_hal_cortex.o
 .debug_macro   0x00035ff6      0x2e0 Drivers\STM32H7xx_HAL_Driver\Src\stm32h7xx_hal_dac.o
 .debug_macro   0x000362d6      0x314 Drivers\STM32H7xx_HAL_Driver\Src\stm32h7xx_hal_gpio.o
 .debug_macro   0x000365ea      0x311 Drivers\STM32H7xx_HAL_Driver\Src\stm32h7xx_hal_pwr_ex.o
 .debug_macro   0x000368fb      0x2fc Drivers\STM32H7xx_HAL_Driver\Src\stm32h7xx_hal_rcc.o
 .debug_macro   0x00036bf7      0x2f6 Drivers\STM32H7xx_HAL_Driver\Src\stm32h7xx_hal_rcc_ex.o
 .debug_macro   0x00036eed      0x2e7 Drivers\STM32H7xx_HAL_Driver\Src\stm32h7xx_hal_spi.o
 .debug_macro   0x000371d4      0x2d9 Drivers\STM32H7xx_HAL_Driver\Src\stm32h7xx_hal_tim.o
 .debug_macro   0x000374ad      0x2d8 Drivers\STM32H7xx_HAL_Driver\Src\stm32h7xx_hal_tim_ex.o
 .debug_macro   0x00037785      0x2f1 Src\adc.o
 .debug_macro   0x00037a76       0xbe Src\adc.o
 .debug_macro   0x00037b34      0x2f1 Src\dac.o
 .debug_macro   0x00037e25      0x2f1 Src\gpio.o
 .debug_macro   0x00038116      0x353 Src\main.o
 .debug_macro   0x00038469      0x2f1 Src\spi.o
 .debug_macro   0x0003875a      0x2e7 Src\stm32h7xx_hal_msp.o
 .debug_macro   0x00038a41      0x2f1 Src\stm32h7xx_it.o
 .debug_macro   0x00038d32      0x2de Src\system_stm32h7xx.o
 .debug_macro   0x00039010      0x2f1 Src\tim.o

.debug_line     0x00000000    0x1079b
 .debug_line    0x00000000      0xaa7 Drivers\STM32H7xx_HAL_Driver\Src\stm32h7xx_hal.o
 .debug_line    0x00000aa7     0x165f Drivers\STM32H7xx_HAL_Driver\Src\stm32h7xx_hal_adc.o
 .debug_line    0x00002106     0x151f Drivers\STM32H7xx_HAL_Driver\Src\stm32h7xx_hal_adc_ex.o
 .debug_line    0x00003625      0x953 Drivers\STM32H7xx_HAL_Driver\Src\stm32h7xx_hal_cortex.o
 .debug_line    0x00003f78      0x9a6 Drivers\STM32H7xx_HAL_Driver\Src\stm32h7xx_hal_dac.o
 .debug_line    0x0000491e      0x898 Drivers\STM32H7xx_HAL_Driver\Src\stm32h7xx_hal_gpio.o
 .debug_line    0x000051b6      0xae8 Drivers\STM32H7xx_HAL_Driver\Src\stm32h7xx_hal_pwr_ex.o
 .debug_line    0x00005c9e      0xb05 Drivers\STM32H7xx_HAL_Driver\Src\stm32h7xx_hal_rcc.o
 .debug_line    0x000067a3      0xecc Drivers\STM32H7xx_HAL_Driver\Src\stm32h7xx_hal_rcc_ex.o
 .debug_line    0x0000766f     0x1199 Drivers\STM32H7xx_HAL_Driver\Src\stm32h7xx_hal_spi.o
 .debug_line    0x00008808     0x26b4 Drivers\STM32H7xx_HAL_Driver\Src\stm32h7xx_hal_tim.o
 .debug_line    0x0000aebc     0x1389 Drivers\STM32H7xx_HAL_Driver\Src\stm32h7xx_hal_tim_ex.o
 .debug_line    0x0000c245      0x7a3 Src\adc.o
 .debug_line    0x0000c9e8      0x750 Src\dac.o
 .debug_line    0x0000d138      0x74c Src\gpio.o
 .debug_line    0x0000d884      0x95d Src\main.o
 .debug_line    0x0000e1e1      0x79a Src\spi.o
 .debug_line    0x0000e97b      0x714 Src\stm32h7xx_hal_msp.o
 .debug_line    0x0000f08f      0x7b2 Src\stm32h7xx_it.o
 .debug_line    0x0000f841      0x768 Src\system_stm32h7xx.o
 .debug_line    0x0000ffa9      0x771 Src\tim.o
 .debug_line    0x0001071a       0x81 startup\startup_stm32h743xx.o

.debug_str      0x00000000   0x172bad
 .debug_str     0x00000000   0x16c97e Drivers\STM32H7xx_HAL_Driver\Src\stm32h7xx_hal.o
                             0x16d217 (size before relaxing)
 .debug_str     0x0016c97e     0x104f Drivers\STM32H7xx_HAL_Driver\Src\stm32h7xx_hal_adc.o
                             0x16d0ff (size before relaxing)
 .debug_str     0x0016d9cd      0x822 Drivers\STM32H7xx_HAL_Driver\Src\stm32h7xx_hal_adc_ex.o
                             0x16d121 (size before relaxing)
 .debug_str     0x0016e1ef      0x460 Drivers\STM32H7xx_HAL_Driver\Src\stm32h7xx_hal_cortex.o
                             0x16ccc2 (size before relaxing)
 .debug_str     0x0016e64f      0x438 Drivers\STM32H7xx_HAL_Driver\Src\stm32h7xx_hal_dac.o
                             0x16c5f9 (size before relaxing)
 .debug_str     0x0016ea87      0x27e Drivers\STM32H7xx_HAL_Driver\Src\stm32h7xx_hal_gpio.o
                             0x16c459 (size before relaxing)
 .debug_str     0x0016ed05      0x668 Drivers\STM32H7xx_HAL_Driver\Src\stm32h7xx_hal_pwr_ex.o
                             0x16c833 (size before relaxing)
 .debug_str     0x0016f36d      0x529 Drivers\STM32H7xx_HAL_Driver\Src\stm32h7xx_hal_rcc.o
                             0x16c71c (size before relaxing)
 .debug_str     0x0016f896      0x931 Drivers\STM32H7xx_HAL_Driver\Src\stm32h7xx_hal_rcc_ex.o
                             0x16cbdf (size before relaxing)
 .debug_str     0x001701c7      0x81a Drivers\STM32H7xx_HAL_Driver\Src\stm32h7xx_hal_spi.o
                             0x16ca25 (size before relaxing)
 .debug_str     0x001709e1     0x1144 Drivers\STM32H7xx_HAL_Driver\Src\stm32h7xx_hal_tim.o
                             0x16d483 (size before relaxing)
 .debug_str     0x00171b25      0x629 Drivers\STM32H7xx_HAL_Driver\Src\stm32h7xx_hal_tim_ex.o
                             0x16cda7 (size before relaxing)
 .debug_str     0x0017214e      0x43d Src\adc.o
                             0x16cc31 (size before relaxing)
 .debug_str     0x0017258b       0x36 Src\dac.o
                             0x16ca92 (size before relaxing)
 .debug_str     0x001725c1       0x27 Src\gpio.o
                             0x16c544 (size before relaxing)
 .debug_str     0x001725e8      0x42f Src\main.o
                             0x16dcd7 (size before relaxing)
 .debug_str     0x00172a17       0x17 Src\spi.o
                             0x16cb40 (size before relaxing)
 .debug_str     0x00172a2e       0x1b Src\stm32h7xx_hal_msp.o
                             0x16c487 (size before relaxing)
 .debug_str     0x00172a49       0xc8 Src\stm32h7xx_it.o
                             0x16c92a (size before relaxing)
 .debug_str     0x00172b11       0x58 Src\system_stm32h7xx.o
                             0x16c3a4 (size before relaxing)
 .debug_str     0x00172b69       0x44 Src\tim.o
                             0x16d598 (size before relaxing)

.comment        0x00000000       0x7c
 .comment       0x00000000       0x7c Drivers\STM32H7xx_HAL_Driver\Src\stm32h7xx_hal.o
                                 0x7d (size before relaxing)
 .comment       0x0000007c       0x7d Drivers\STM32H7xx_HAL_Driver\Src\stm32h7xx_hal_adc.o
 .comment       0x0000007c       0x7d Drivers\STM32H7xx_HAL_Driver\Src\stm32h7xx_hal_adc_ex.o
 .comment       0x0000007c       0x7d Drivers\STM32H7xx_HAL_Driver\Src\stm32h7xx_hal_cortex.o
 .comment       0x0000007c       0x7d Drivers\STM32H7xx_HAL_Driver\Src\stm32h7xx_hal_dac.o
 .comment       0x0000007c       0x7d Drivers\STM32H7xx_HAL_Driver\Src\stm32h7xx_hal_gpio.o
 .comment       0x0000007c       0x7d Drivers\STM32H7xx_HAL_Driver\Src\stm32h7xx_hal_pwr_ex.o
 .comment       0x0000007c       0x7d Drivers\STM32H7xx_HAL_Driver\Src\stm32h7xx_hal_rcc.o
 .comment       0x0000007c       0x7d Drivers\STM32H7xx_HAL_Driver\Src\stm32h7xx_hal_rcc_ex.o
 .comment       0x0000007c       0x7d Drivers\STM32H7xx_HAL_Driver\Src\stm32h7xx_hal_spi.o
 .comment       0x0000007c       0x7d Drivers\STM32H7xx_HAL_Driver\Src\stm32h7xx_hal_tim.o
 .comment       0x0000007c       0x7d Drivers\STM32H7xx_HAL_Driver\Src\stm32h7xx_hal_tim_ex.o
 .comment       0x0000007c       0x7d Src\adc.o
 .comment       0x0000007c       0x7d Src\dac.o
 .comment       0x0000007c       0x7d Src\gpio.o
 .comment       0x0000007c       0x7d Src\main.o
 .comment       0x0000007c       0x7d Src\spi.o
 .comment       0x0000007c       0x7d Src\stm32h7xx_hal_msp.o
 .comment       0x0000007c       0x7d Src\stm32h7xx_it.o
 .comment       0x0000007c       0x7d Src\system_stm32h7xx.o
 .comment       0x0000007c       0x7d Src\tim.o

.debug_frame    0x00000000     0x317c
 .debug_frame   0x00000000      0x388 Drivers\STM32H7xx_HAL_Driver\Src\stm32h7xx_hal.o
 .debug_frame   0x00000388      0x2e8 Drivers\STM32H7xx_HAL_Driver\Src\stm32h7xx_hal_adc.o
 .debug_frame   0x00000670      0x318 Drivers\STM32H7xx_HAL_Driver\Src\stm32h7xx_hal_adc_ex.o
 .debug_frame   0x00000988      0x16c Drivers\STM32H7xx_HAL_Driver\Src\stm32h7xx_hal_cortex.o
 .debug_frame   0x00000af4      0x1f8 Drivers\STM32H7xx_HAL_Driver\Src\stm32h7xx_hal_dac.o
 .debug_frame   0x00000cec       0xd0 Drivers\STM32H7xx_HAL_Driver\Src\stm32h7xx_hal_gpio.o
 .debug_frame   0x00000dbc      0x2f4 Drivers\STM32H7xx_HAL_Driver\Src\stm32h7xx_hal_pwr_ex.o
 .debug_frame   0x000010b0      0x18c Drivers\STM32H7xx_HAL_Driver\Src\stm32h7xx_hal_rcc.o
 .debug_frame   0x0000123c      0x284 Drivers\STM32H7xx_HAL_Driver\Src\stm32h7xx_hal_rcc_ex.o
 .debug_frame   0x000014c0      0x4a0 Drivers\STM32H7xx_HAL_Driver\Src\stm32h7xx_hal_spi.o
 .debug_frame   0x00001960      0xc0c Drivers\STM32H7xx_HAL_Driver\Src\stm32h7xx_hal_tim.o
 .debug_frame   0x0000256c      0x4f4 Drivers\STM32H7xx_HAL_Driver\Src\stm32h7xx_hal_tim_ex.o
 .debug_frame   0x00002a60       0x88 Src\adc.o
 .debug_frame   0x00002ae8       0x68 Src\dac.o
 .debug_frame   0x00002b50       0x3c Src\gpio.o
 .debug_frame   0x00002b8c      0x1e8 Src\main.o
 .debug_frame   0x00002d74       0x78 Src\spi.o
 .debug_frame   0x00002dec       0x28 Src\stm32h7xx_hal_msp.o
 .debug_frame   0x00002e14       0xc0 Src\stm32h7xx_it.o
 .debug_frame   0x00002ed4       0x3c Src\system_stm32h7xx.o
 .debug_frame   0x00002f10       0x84 Src\tim.o
 .debug_frame   0x00002f94       0x2c c:/program files (x86)/atollic/truestudio for stm32 9.1.0/armtools/bin/../lib/gcc/arm-atollic-eabi/6.3.1/../../../../arm-atollic-eabi/lib/armv7e-m/fpu/fpv5-d16\libc_nano.a(lib_a-init.o)
 .debug_frame   0x00002fc0       0x20 c:/program files (x86)/atollic/truestudio for stm32 9.1.0/armtools/bin/../lib/gcc/arm-atollic-eabi/6.3.1/../../../../arm-atollic-eabi/lib/armv7e-m/fpu/fpv5-d16\libc_nano.a(lib_a-memset.o)
 .debug_frame   0x00002fe0       0x2c c:/program files (x86)/atollic/truestudio for stm32 9.1.0/armtools/bin/../lib/gcc/arm-atollic-eabi/6.3.1/../../../../arm-atollic-eabi/lib/armv7e-m/fpu/fpv5-d16\libm.a(lib_a-sf_sin.o)
 .debug_frame   0x0000300c       0x38 c:/program files (x86)/atollic/truestudio for stm32 9.1.0/armtools/bin/../lib/gcc/arm-atollic-eabi/6.3.1/../../../../arm-atollic-eabi/lib/armv7e-m/fpu/fpv5-d16\libm.a(lib_a-ef_rem_pio2.o)
 .debug_frame   0x00003044       0x20 c:/program files (x86)/atollic/truestudio for stm32 9.1.0/armtools/bin/../lib/gcc/arm-atollic-eabi/6.3.1/../../../../arm-atollic-eabi/lib/armv7e-m/fpu/fpv5-d16\libm.a(lib_a-kf_cos.o)
 .debug_frame   0x00003064       0x5c c:/program files (x86)/atollic/truestudio for stm32 9.1.0/armtools/bin/../lib/gcc/arm-atollic-eabi/6.3.1/../../../../arm-atollic-eabi/lib/armv7e-m/fpu/fpv5-d16\libm.a(lib_a-kf_rem_pio2.o)
 .debug_frame   0x000030c0       0x20 c:/program files (x86)/atollic/truestudio for stm32 9.1.0/armtools/bin/../lib/gcc/arm-atollic-eabi/6.3.1/../../../../arm-atollic-eabi/lib/armv7e-m/fpu/fpv5-d16\libm.a(lib_a-kf_sin.o)
 .debug_frame   0x000030e0       0x20 c:/program files (x86)/atollic/truestudio for stm32 9.1.0/armtools/bin/../lib/gcc/arm-atollic-eabi/6.3.1/../../../../arm-atollic-eabi/lib/armv7e-m/fpu/fpv5-d16\libm.a(lib_a-sf_fabs.o)
 .debug_frame   0x00003100       0x20 c:/program files (x86)/atollic/truestudio for stm32 9.1.0/armtools/bin/../lib/gcc/arm-atollic-eabi/6.3.1/../../../../arm-atollic-eabi/lib/armv7e-m/fpu/fpv5-d16\libm.a(lib_a-sf_floor.o)
 .debug_frame   0x00003120       0x3c c:/program files (x86)/atollic/truestudio for stm32 9.1.0/armtools/bin/../lib/gcc/arm-atollic-eabi/6.3.1/../../../../arm-atollic-eabi/lib/armv7e-m/fpu/fpv5-d16\libm.a(lib_a-sf_scalbn.o)
 .debug_frame   0x0000315c       0x20 c:/program files (x86)/atollic/truestudio for stm32 9.1.0/armtools/bin/../lib/gcc/arm-atollic-eabi/6.3.1/../../../../arm-atollic-eabi/lib/armv7e-m/fpu/fpv5-d16\libm.a(lib_a-sf_copysign.o)
