Archive member included to satisfy reference by file (symbol)

c:/st/stm32cubeide_1.7.0/stm32cubeide/plugins/com.st.stm32cube.ide.mcu.externaltools.gnu-tools-for-stm32.9-2020-q2-update.win32_2.0.0.202105311346/tools/bin/../lib/gcc/arm-none-eabi/9.3.1/../../../../arm-none-eabi/lib/thumb/v7e-m+dp/hard\libc_nano.a(lib_a-errno.o)
                              ./Src/syscalls.o (__errno)
c:/st/stm32cubeide_1.7.0/stm32cubeide/plugins/com.st.stm32cube.ide.mcu.externaltools.gnu-tools-for-stm32.9-2020-q2-update.win32_2.0.0.202105311346/tools/bin/../lib/gcc/arm-none-eabi/9.3.1/../../../../arm-none-eabi/lib/thumb/v7e-m+dp/hard\libc_nano.a(lib_a-exit.o)
                              c:/st/stm32cubeide_1.7.0/stm32cubeide/plugins/com.st.stm32cube.ide.mcu.externaltools.gnu-tools-for-stm32.9-2020-q2-update.win32_2.0.0.202105311346/tools/bin/../lib/gcc/arm-none-eabi/9.3.1/../../../../arm-none-eabi/lib/thumb/v7e-m+dp/hard/crt0.o (exit)
c:/st/stm32cubeide_1.7.0/stm32cubeide/plugins/com.st.stm32cube.ide.mcu.externaltools.gnu-tools-for-stm32.9-2020-q2-update.win32_2.0.0.202105311346/tools/bin/../lib/gcc/arm-none-eabi/9.3.1/../../../../arm-none-eabi/lib/thumb/v7e-m+dp/hard\libc_nano.a(lib_a-impure.o)
                              c:/st/stm32cubeide_1.7.0/stm32cubeide/plugins/com.st.stm32cube.ide.mcu.externaltools.gnu-tools-for-stm32.9-2020-q2-update.win32_2.0.0.202105311346/tools/bin/../lib/gcc/arm-none-eabi/9.3.1/../../../../arm-none-eabi/lib/thumb/v7e-m+dp/hard\libc_nano.a(lib_a-exit.o) (_global_impure_ptr)
c:/st/stm32cubeide_1.7.0/stm32cubeide/plugins/com.st.stm32cube.ide.mcu.externaltools.gnu-tools-for-stm32.9-2020-q2-update.win32_2.0.0.202105311346/tools/bin/../lib/gcc/arm-none-eabi/9.3.1/../../../../arm-none-eabi/lib/thumb/v7e-m+dp/hard\libc_nano.a(lib_a-init.o)
                              c:/st/stm32cubeide_1.7.0/stm32cubeide/plugins/com.st.stm32cube.ide.mcu.externaltools.gnu-tools-for-stm32.9-2020-q2-update.win32_2.0.0.202105311346/tools/bin/../lib/gcc/arm-none-eabi/9.3.1/../../../../arm-none-eabi/lib/thumb/v7e-m+dp/hard/crt0.o (__libc_init_array)
c:/st/stm32cubeide_1.7.0/stm32cubeide/plugins/com.st.stm32cube.ide.mcu.externaltools.gnu-tools-for-stm32.9-2020-q2-update.win32_2.0.0.202105311346/tools/bin/../lib/gcc/arm-none-eabi/9.3.1/../../../../arm-none-eabi/lib/thumb/v7e-m+dp/hard\libc_nano.a(lib_a-memset.o)
                              c:/st/stm32cubeide_1.7.0/stm32cubeide/plugins/com.st.stm32cube.ide.mcu.externaltools.gnu-tools-for-stm32.9-2020-q2-update.win32_2.0.0.202105311346/tools/bin/../lib/gcc/arm-none-eabi/9.3.1/../../../../arm-none-eabi/lib/thumb/v7e-m+dp/hard/crt0.o (memset)

Allocating common symbols
Common symbol       size              file

Switch2_ModulationEnable
                    0x1               ./Src/adc.o
yout                0x8               ./Src/main.o
li                  0x2               ./Src/main.o
hdac1               0x14              ./Src/dac.o
InstancePID2        0xc0              ./Src/adc.o
charI               0x20              ./Src/main.o
DACoutput1          0x2               ./Src/main.o
ADCBuf              0x8               ./Src/main.o
pData               0x2               ./Src/main.o
uwTick              0x4               ./Drivers/STM32H7xx_HAL_Driver/Src/stm32h7xx_hal.o
tty4                0x4               ./Src/adc.o
pFlash              0x1c              ./Drivers/STM32H7xx_HAL_Driver/Src/stm32h7xx_hal_flash.o
duration_sum        0x8               ./Src/main.o
Switch2_DACOffset   0x8               ./Src/adc.o
hadc1               0x64              ./Src/adc.o
hadc3               0x64              ./Src/adc.o
InstancePID1        0xc0              ./Src/adc.o
paramFreq           0x8               ./Src/main.o
DACoutput2          0x2               ./Src/main.o
tty2                0x4               ./Src/adc.o
acValBuffer         0x4               ./Src/main.o
hspi4               0x88              ./Src/spi.o
Tim2ARR             0x4               ./Src/main.o
tty3                0x4               ./Src/adc.o
Switch1_offsetEnable
                    0x1               ./Src/adc.o
Switch1_PID1Enable  0x1               ./Src/adc.o
Switch2_PID1Enable  0x1               ./Src/adc.o
hexString           0x2               ./Src/main.o
hspi1               0x88              ./Src/spi.o
htim2               0x4c              ./Src/tim.o
Switch1_PID2Enable  0x1               ./Src/adc.o
Switch2_PID2Enable  0x1               ./Src/adc.o
Switch2_offsetEnable
                    0x1               ./Src/adc.o
pdata               0x2               ./Src/main.o
tty1                0x4               ./Src/adc.o
Switch1_ModulationEnable
                    0x1               ./Src/adc.o
Switch1_DACOffset   0x8               ./Src/adc.o

Discarded input sections

[...]
Memory Configuration

Name             Origin             Length             Attributes
DTCMRAM          0x0000000020000000 0x0000000000020000 xrw
RAM_D1           0x0000000024000000 0x0000000000080000 xrw
RAM_D2           0x0000000030000000 0x0000000000048000 xrw
RAM_D3           0x0000000038000000 0x0000000000010000 xrw
ITCMRAM          0x0000000000000000 0x0000000000010000 xrw
FLASH            0x0000000008000000 0x0000000000200000 xr
*default*        0x0000000000000000 0xffffffffffffffff

Linker script and memory map

LOAD c:/st/stm32cubeide_1.7.0/stm32cubeide/plugins/com.st.stm32cube.ide.mcu.externaltools.gnu-tools-for-stm32.9-2020-q2-update.win32_2.0.0.202105311346/tools/bin/../lib/gcc/arm-none-eabi/9.3.1/thumb/v7e-m+dp/hard/crti.o
LOAD c:/st/stm32cubeide_1.7.0/stm32cubeide/plugins/com.st.stm32cube.ide.mcu.externaltools.gnu-tools-for-stm32.9-2020-q2-update.win32_2.0.0.202105311346/tools/bin/../lib/gcc/arm-none-eabi/9.3.1/thumb/v7e-m+dp/hard/crtbegin.o
LOAD c:/st/stm32cubeide_1.7.0/stm32cubeide/plugins/com.st.stm32cube.ide.mcu.externaltools.gnu-tools-for-stm32.9-2020-q2-update.win32_2.0.0.202105311346/tools/bin/../lib/gcc/arm-none-eabi/9.3.1/../../../../arm-none-eabi/lib/thumb/v7e-m+dp/hard/crt0.o
LOAD ./Drivers/STM32H7xx_HAL_Driver/Src/stm32h7xx_hal.o
LOAD ./Drivers/STM32H7xx_HAL_Driver/Src/stm32h7xx_hal_adc.o
LOAD ./Drivers/STM32H7xx_HAL_Driver/Src/stm32h7xx_hal_adc_ex.o
LOAD ./Drivers/STM32H7xx_HAL_Driver/Src/stm32h7xx_hal_cortex.o
LOAD ./Drivers/STM32H7xx_HAL_Driver/Src/stm32h7xx_hal_dac.o
LOAD ./Drivers/STM32H7xx_HAL_Driver/Src/stm32h7xx_hal_dac_ex.o
LOAD ./Drivers/STM32H7xx_HAL_Driver/Src/stm32h7xx_hal_dma.o
LOAD ./Drivers/STM32H7xx_HAL_Driver/Src/stm32h7xx_hal_dma_ex.o
LOAD ./Drivers/STM32H7xx_HAL_Driver/Src/stm32h7xx_hal_exti.o
LOAD ./Drivers/STM32H7xx_HAL_Driver/Src/stm32h7xx_hal_flash.o
LOAD ./Drivers/STM32H7xx_HAL_Driver/Src/stm32h7xx_hal_flash_ex.o
LOAD ./Drivers/STM32H7xx_HAL_Driver/Src/stm32h7xx_hal_gpio.o
LOAD ./Drivers/STM32H7xx_HAL_Driver/Src/stm32h7xx_hal_hsem.o
LOAD ./Drivers/STM32H7xx_HAL_Driver/Src/stm32h7xx_hal_i2c.o
LOAD ./Drivers/STM32H7xx_HAL_Driver/Src/stm32h7xx_hal_i2c_ex.o
LOAD ./Drivers/STM32H7xx_HAL_Driver/Src/stm32h7xx_hal_mdma.o
LOAD ./Drivers/STM32H7xx_HAL_Driver/Src/stm32h7xx_hal_pwr.o
LOAD ./Drivers/STM32H7xx_HAL_Driver/Src/stm32h7xx_hal_pwr_ex.o
LOAD ./Drivers/STM32H7xx_HAL_Driver/Src/stm32h7xx_hal_rcc.o
LOAD ./Drivers/STM32H7xx_HAL_Driver/Src/stm32h7xx_hal_rcc_ex.o
LOAD ./Drivers/STM32H7xx_HAL_Driver/Src/stm32h7xx_hal_spi.o
LOAD ./Drivers/STM32H7xx_HAL_Driver/Src/stm32h7xx_hal_spi_ex.o
LOAD ./Drivers/STM32H7xx_HAL_Driver/Src/stm32h7xx_hal_tim.o
LOAD ./Drivers/STM32H7xx_HAL_Driver/Src/stm32h7xx_hal_tim_ex.o
LOAD ./Src/adc.o
LOAD ./Src/dac.o
LOAD ./Src/gpio.o
LOAD ./Src/main.o
LOAD ./Src/spi.o
LOAD ./Src/stm32h7xx_hal_msp.o
LOAD ./Src/stm32h7xx_it.o
LOAD ./Src/syscalls.o
LOAD ./Src/system_stm32h7xx.o
LOAD ./Src/tim.o
LOAD ./startup/startup_stm32h743xx.o
START GROUP
LOAD c:/st/stm32cubeide_1.7.0/stm32cubeide/plugins/com.st.stm32cube.ide.mcu.externaltools.gnu-tools-for-stm32.9-2020-q2-update.win32_2.0.0.202105311346/tools/bin/../lib/gcc/arm-none-eabi/9.3.1/../../../../arm-none-eabi/lib/thumb/v7e-m+dp/hard\libc_nano.a
LOAD c:/st/stm32cubeide_1.7.0/stm32cubeide/plugins/com.st.stm32cube.ide.mcu.externaltools.gnu-tools-for-stm32.9-2020-q2-update.win32_2.0.0.202105311346/tools/bin/../lib/gcc/arm-none-eabi/9.3.1/../../../../arm-none-eabi/lib/thumb/v7e-m+dp/hard\libm.a
END GROUP
START GROUP
LOAD c:/st/stm32cubeide_1.7.0/stm32cubeide/plugins/com.st.stm32cube.ide.mcu.externaltools.gnu-tools-for-stm32.9-2020-q2-update.win32_2.0.0.202105311346/tools/bin/../lib/gcc/arm-none-eabi/9.3.1/thumb/v7e-m+dp/hard\libgcc.a
LOAD c:/st/stm32cubeide_1.7.0/stm32cubeide/plugins/com.st.stm32cube.ide.mcu.externaltools.gnu-tools-for-stm32.9-2020-q2-update.win32_2.0.0.202105311346/tools/bin/../lib/gcc/arm-none-eabi/9.3.1/../../../../arm-none-eabi/lib/thumb/v7e-m+dp/hard\libc_nano.a
END GROUP
START GROUP
LOAD c:/st/stm32cubeide_1.7.0/stm32cubeide/plugins/com.st.stm32cube.ide.mcu.externaltools.gnu-tools-for-stm32.9-2020-q2-update.win32_2.0.0.202105311346/tools/bin/../lib/gcc/arm-none-eabi/9.3.1/thumb/v7e-m+dp/hard\libgcc.a
LOAD c:/st/stm32cubeide_1.7.0/stm32cubeide/plugins/com.st.stm32cube.ide.mcu.externaltools.gnu-tools-for-stm32.9-2020-q2-update.win32_2.0.0.202105311346/tools/bin/../lib/gcc/arm-none-eabi/9.3.1/../../../../arm-none-eabi/lib/thumb/v7e-m+dp/hard\libc_nano.a
LOAD c:/st/stm32cubeide_1.7.0/stm32cubeide/plugins/com.st.stm32cube.ide.mcu.externaltools.gnu-tools-for-stm32.9-2020-q2-update.win32_2.0.0.202105311346/tools/bin/../lib/gcc/arm-none-eabi/9.3.1/../../../../arm-none-eabi/lib/thumb/v7e-m+dp/hard\libnosys.a
END GROUP
START GROUP
LOAD c:/st/stm32cubeide_1.7.0/stm32cubeide/plugins/com.st.stm32cube.ide.mcu.externaltools.gnu-tools-for-stm32.9-2020-q2-update.win32_2.0.0.202105311346/tools/bin/../lib/gcc/arm-none-eabi/9.3.1/thumb/v7e-m+dp/hard\libgcc.a
LOAD c:/st/stm32cubeide_1.7.0/stm32cubeide/plugins/com.st.stm32cube.ide.mcu.externaltools.gnu-tools-for-stm32.9-2020-q2-update.win32_2.0.0.202105311346/tools/bin/../lib/gcc/arm-none-eabi/9.3.1/../../../../arm-none-eabi/lib/thumb/v7e-m+dp/hard\libc_nano.a
LOAD c:/st/stm32cubeide_1.7.0/stm32cubeide/plugins/com.st.stm32cube.ide.mcu.externaltools.gnu-tools-for-stm32.9-2020-q2-update.win32_2.0.0.202105311346/tools/bin/../lib/gcc/arm-none-eabi/9.3.1/../../../../arm-none-eabi/lib/thumb/v7e-m+dp/hard\libnosys.a
END GROUP
LOAD c:/st/stm32cubeide_1.7.0/stm32cubeide/plugins/com.st.stm32cube.ide.mcu.externaltools.gnu-tools-for-stm32.9-2020-q2-update.win32_2.0.0.202105311346/tools/bin/../lib/gcc/arm-none-eabi/9.3.1/thumb/v7e-m+dp/hard/crtend.o
LOAD c:/st/stm32cubeide_1.7.0/stm32cubeide/plugins/com.st.stm32cube.ide.mcu.externaltools.gnu-tools-for-stm32.9-2020-q2-update.win32_2.0.0.202105311346/tools/bin/../lib/gcc/arm-none-eabi/9.3.1/thumb/v7e-m+dp/hard/crtn.o
                0x0000000020020000                _estack = 0x20020000
                0x0000000000003000                _Min_Heap_Size = 0x3000
                0x0000000000000400                _Min_Stack_Size = 0x400

.isr_vector     0x0000000008000000      0x298
                0x0000000008000000                . = ALIGN (0x4)
 *(.isr_vector)
 .isr_vector    0x0000000008000000      0x298 ./startup/startup_stm32h743xx.o
                0x0000000008000000                g_pfnVectors
                0x0000000008000298                . = ALIGN (0x4)

.text           0x0000000008000298     0x49c4
                0x0000000008000298                . = ALIGN (0x4)
 *(.text)
 .text          0x0000000008000298       0x40 c:/st/stm32cubeide_1.7.0/stm32cubeide/plugins/com.st.stm32cube.ide.mcu.externaltools.gnu-tools-for-stm32.9-2020-q2-update.win32_2.0.0.202105311346/tools/bin/../lib/gcc/arm-none-eabi/9.3.1/thumb/v7e-m+dp/hard/crtbegin.o
 *(.text*)
 .text.HAL_InitTick
                0x00000000080002d8       0x4c ./Drivers/STM32H7xx_HAL_Driver/Src/stm32h7xx_hal.o
                0x00000000080002d8                HAL_InitTick
 .text.HAL_Init
                0x0000000008000324       0x60 ./Drivers/STM32H7xx_HAL_Driver/Src/stm32h7xx_hal.o
                0x0000000008000324                HAL_Init
 .text.HAL_IncTick
                0x0000000008000384       0x18 ./Drivers/STM32H7xx_HAL_Driver/Src/stm32h7xx_hal.o
                0x0000000008000384                HAL_IncTick
 .text.HAL_GetTick
                0x000000000800039c        0xc ./Drivers/STM32H7xx_HAL_Driver/Src/stm32h7xx_hal.o
                0x000000000800039c                HAL_GetTick
 .text.HAL_Delay
                0x00000000080003a8       0x24 ./Drivers/STM32H7xx_HAL_Driver/Src/stm32h7xx_hal.o
                0x00000000080003a8                HAL_Delay
 .text.HAL_GetREVID
                0x00000000080003cc        0xc ./Drivers/STM32H7xx_HAL_Driver/Src/stm32h7xx_hal.o
                0x00000000080003cc                HAL_GetREVID
 .text.HAL_SYSCFG_AnalogSwitchConfig
                0x00000000080003d8       0x14 ./Drivers/STM32H7xx_HAL_Driver/Src/stm32h7xx_hal.o
                0x00000000080003d8                HAL_SYSCFG_AnalogSwitchConfig
 .text.HAL_ADC_ConfigChannel
                0x00000000080003ec      0x460 ./Drivers/STM32H7xx_HAL_Driver/Src/stm32h7xx_hal_adc.o
                0x00000000080003ec                HAL_ADC_ConfigChannel
 .text.ADC_Enable
                0x000000000800084c       0xac ./Drivers/STM32H7xx_HAL_Driver/Src/stm32h7xx_hal_adc.o
                0x000000000800084c                ADC_Enable
 .text.ADC_ConfigureBoostMode
                0x00000000080008f8      0x188 ./Drivers/STM32H7xx_HAL_Driver/Src/stm32h7xx_hal_adc.o
                0x00000000080008f8                ADC_ConfigureBoostMode
 .text.HAL_ADC_Init
                0x0000000008000a80      0x218 ./Drivers/STM32H7xx_HAL_Driver/Src/stm32h7xx_hal_adc.o
                0x0000000008000a80                HAL_ADC_Init
 .text.HAL_ADCEx_MultiModeConfigChannel
                0x0000000008000c98       0xd0 ./Drivers/STM32H7xx_HAL_Driver/Src/stm32h7xx_hal_adc_ex.o
                0x0000000008000c98                HAL_ADCEx_MultiModeConfigChannel
 .text.HAL_NVIC_SetPriorityGrouping
                0x0000000008000d68       0x28 ./Drivers/STM32H7xx_HAL_Driver/Src/stm32h7xx_hal_cortex.o
                0x0000000008000d68                HAL_NVIC_SetPriorityGrouping
 .text.HAL_NVIC_SetPriority
                0x0000000008000d90       0x74 ./Drivers/STM32H7xx_HAL_Driver/Src/stm32h7xx_hal_cortex.o
                0x0000000008000d90                HAL_NVIC_SetPriority
 .text.HAL_NVIC_EnableIRQ
                0x0000000008000e04       0x1c ./Drivers/STM32H7xx_HAL_Driver/Src/stm32h7xx_hal_cortex.o
                0x0000000008000e04                HAL_NVIC_EnableIRQ
 .text.HAL_SYSTICK_Config
                0x0000000008000e20       0x30 ./Drivers/STM32H7xx_HAL_Driver/Src/stm32h7xx_hal_cortex.o
                0x0000000008000e20                HAL_SYSTICK_Config
 .text.HAL_DAC_Init
                0x0000000008000e50       0x2c ./Drivers/STM32H7xx_HAL_Driver/Src/stm32h7xx_hal_dac.o
                0x0000000008000e50                HAL_DAC_Init
 .text.HAL_DAC_ConfigChannel
                0x0000000008000e7c      0x154 ./Drivers/STM32H7xx_HAL_Driver/Src/stm32h7xx_hal_dac.o
                0x0000000008000e7c                HAL_DAC_ConfigChannel
 .text.HAL_GPIO_Init
                0x0000000008000fd0      0x23c ./Drivers/STM32H7xx_HAL_Driver/Src/stm32h7xx_hal_gpio.o
                0x0000000008000fd0                HAL_GPIO_Init
 .text.HAL_GPIO_WritePin
                0x000000000800120c        0x8 ./Drivers/STM32H7xx_HAL_Driver/Src/stm32h7xx_hal_gpio.o
                0x000000000800120c                HAL_GPIO_WritePin
 .text.HAL_GPIO_TogglePin
                0x0000000008001214       0x14 ./Drivers/STM32H7xx_HAL_Driver/Src/stm32h7xx_hal_gpio.o
                0x0000000008001214                HAL_GPIO_TogglePin
 .text.HAL_PWREx_ConfigSupply
                0x0000000008001228       0x4c ./Drivers/STM32H7xx_HAL_Driver/Src/stm32h7xx_hal_pwr_ex.o
                0x0000000008001228                HAL_PWREx_ConfigSupply
 .text.HAL_RCC_GetSysClockFreq.part.0
                0x0000000008001274      0x108 ./Drivers/STM32H7xx_HAL_Driver/Src/stm32h7xx_hal_rcc.o
 .text.HAL_RCC_OscConfig
                0x000000000800137c      0x5ec ./Drivers/STM32H7xx_HAL_Driver/Src/stm32h7xx_hal_rcc.o
                0x000000000800137c                HAL_RCC_OscConfig
 .text.HAL_RCC_GetSysClockFreq
                0x0000000008001968      0x140 ./Drivers/STM32H7xx_HAL_Driver/Src/stm32h7xx_hal_rcc.o
                0x0000000008001968                HAL_RCC_GetSysClockFreq
 .text.HAL_RCC_ClockConfig
                0x0000000008001aa8      0x254 ./Drivers/STM32H7xx_HAL_Driver/Src/stm32h7xx_hal_rcc.o
                0x0000000008001aa8                HAL_RCC_ClockConfig
 .text.HAL_RCC_GetHCLKFreq
                0x0000000008001cfc       0x80 ./Drivers/STM32H7xx_HAL_Driver/Src/stm32h7xx_hal_rcc.o
                0x0000000008001cfc                HAL_RCC_GetHCLKFreq
 .text.RCCEx_PLL2_Config
                0x0000000008001d7c       0xf8 ./Drivers/STM32H7xx_HAL_Driver/Src/stm32h7xx_hal_rcc_ex.o
 .text.RCCEx_PLL3_Config
                0x0000000008001e74       0xf8 ./Drivers/STM32H7xx_HAL_Driver/Src/stm32h7xx_hal_rcc_ex.o
 .text.HAL_RCCEx_PeriphCLKConfig
                0x0000000008001f6c      0xaac ./Drivers/STM32H7xx_HAL_Driver/Src/stm32h7xx_hal_rcc_ex.o
                0x0000000008001f6c                HAL_RCCEx_PeriphCLKConfig
 .text.HAL_RCCEx_GetPLL2ClockFreq
                0x0000000008002a18      0x158 ./Drivers/STM32H7xx_HAL_Driver/Src/stm32h7xx_hal_rcc_ex.o
                0x0000000008002a18                HAL_RCCEx_GetPLL2ClockFreq
 .text.HAL_RCCEx_GetPLL3ClockFreq
                0x0000000008002b70      0x158 ./Drivers/STM32H7xx_HAL_Driver/Src/stm32h7xx_hal_rcc_ex.o
                0x0000000008002b70                HAL_RCCEx_GetPLL3ClockFreq
 .text.HAL_RCCEx_GetPLL1ClockFreq
                0x0000000008002cc8      0x158 ./Drivers/STM32H7xx_HAL_Driver/Src/stm32h7xx_hal_rcc_ex.o
                0x0000000008002cc8                HAL_RCCEx_GetPLL1ClockFreq
 .text.HAL_RCCEx_GetPeriphCLKFreq
                0x0000000008002e20      0x304 ./Drivers/STM32H7xx_HAL_Driver/Src/stm32h7xx_hal_rcc_ex.o
                0x0000000008002e20                HAL_RCCEx_GetPeriphCLKFreq
 .text.HAL_SPI_Init
                0x0000000008003124      0x174 ./Drivers/STM32H7xx_HAL_Driver/Src/stm32h7xx_hal_spi.o
                0x0000000008003124                HAL_SPI_Init
 .text.TIM_OC1_SetConfig
                0x0000000008003298       0x80 ./Drivers/STM32H7xx_HAL_Driver/Src/stm32h7xx_hal_tim.o
 .text.TIM_OC3_SetConfig
                0x0000000008003318       0x84 ./Drivers/STM32H7xx_HAL_Driver/Src/stm32h7xx_hal_tim.o
 .text.HAL_TIM_Base_Init
                0x000000000800339c      0x15c ./Drivers/STM32H7xx_HAL_Driver/Src/stm32h7xx_hal_tim.o
                0x000000000800339c                HAL_TIM_Base_Init
 .text.HAL_TIM_Base_Start_IT
                0x00000000080034f8       0xac ./Drivers/STM32H7xx_HAL_Driver/Src/stm32h7xx_hal_tim.o
                0x00000000080034f8                HAL_TIM_Base_Start_IT
 .text.HAL_TIM_PWM_MspInit
                0x00000000080035a4        0x4 ./Drivers/STM32H7xx_HAL_Driver/Src/stm32h7xx_hal_tim.o
                0x00000000080035a4                HAL_TIM_PWM_MspInit
 .text.HAL_TIM_PWM_Init
                0x00000000080035a8      0x15c ./Drivers/STM32H7xx_HAL_Driver/Src/stm32h7xx_hal_tim.o
                0x00000000080035a8                HAL_TIM_PWM_Init
 .text.HAL_TIM_ConfigClockSource
                0x0000000008003704      0x17c ./Drivers/STM32H7xx_HAL_Driver/Src/stm32h7xx_hal_tim.o
                0x0000000008003704                HAL_TIM_ConfigClockSource
 .text.HAL_TIM_OC_DelayElapsedCallback
                0x0000000008003880        0x4 ./Drivers/STM32H7xx_HAL_Driver/Src/stm32h7xx_hal_tim.o
                0x0000000008003880                HAL_TIM_OC_DelayElapsedCallback
 .text.HAL_TIM_IC_CaptureCallback
                0x0000000008003884        0x4 ./Drivers/STM32H7xx_HAL_Driver/Src/stm32h7xx_hal_tim.o
                0x0000000008003884                HAL_TIM_IC_CaptureCallback
 .text.HAL_TIM_PWM_PulseFinishedCallback
                0x0000000008003888        0x4 ./Drivers/STM32H7xx_HAL_Driver/Src/stm32h7xx_hal_tim.o
                0x0000000008003888                HAL_TIM_PWM_PulseFinishedCallback
 .text.HAL_TIM_TriggerCallback
                0x000000000800388c        0x4 ./Drivers/STM32H7xx_HAL_Driver/Src/stm32h7xx_hal_tim.o
                0x000000000800388c                HAL_TIM_TriggerCallback
 .text.HAL_TIM_IRQHandler
                0x0000000008003890      0x170 ./Drivers/STM32H7xx_HAL_Driver/Src/stm32h7xx_hal_tim.o
                0x0000000008003890                HAL_TIM_IRQHandler
 .text.TIM_OC2_SetConfig
                0x0000000008003a00       0x88 ./Drivers/STM32H7xx_HAL_Driver/Src/stm32h7xx_hal_tim.o
                0x0000000008003a00                TIM_OC2_SetConfig
 .text.HAL_TIM_PWM_ConfigChannel
                0x0000000008003a88      0x24c ./Drivers/STM32H7xx_HAL_Driver/Src/stm32h7xx_hal_tim.o
                0x0000000008003a88                HAL_TIM_PWM_ConfigChannel
 .text.HAL_TIMEx_MasterConfigSynchronization
                0x0000000008003cd4       0xa8 ./Drivers/STM32H7xx_HAL_Driver/Src/stm32h7xx_hal_tim_ex.o
                0x0000000008003cd4                HAL_TIMEx_MasterConfigSynchronization
 .text.HAL_TIMEx_CommutCallback
                0x0000000008003d7c        0x4 ./Drivers/STM32H7xx_HAL_Driver/Src/stm32h7xx_hal_tim_ex.o
                0x0000000008003d7c                HAL_TIMEx_CommutCallback
 .text.HAL_TIMEx_BreakCallback
                0x0000000008003d80        0x4 ./Drivers/STM32H7xx_HAL_Driver/Src/stm32h7xx_hal_tim_ex.o
                0x0000000008003d80                HAL_TIMEx_BreakCallback
 .text.HAL_TIMEx_Break2Callback
                0x0000000008003d84        0x4 ./Drivers/STM32H7xx_HAL_Driver/Src/stm32h7xx_hal_tim_ex.o
                0x0000000008003d84                HAL_TIMEx_Break2Callback
 .text.MX_ADC1_Init
                0x0000000008003d88       0xac ./Src/adc.o
                0x0000000008003d88                MX_ADC1_Init
 .text.MX_ADC3_Init
                0x0000000008003e34       0x8c ./Src/adc.o
                0x0000000008003e34                MX_ADC3_Init
 .text.HAL_ADC_MspInit
                0x0000000008003ec0       0xc0 ./Src/adc.o
                0x0000000008003ec0                HAL_ADC_MspInit
 .text.MX_DAC1_Init
                0x0000000008003f80       0x64 ./Src/dac.o
                0x0000000008003f80                MX_DAC1_Init
 .text.HAL_DAC_MspInit
                0x0000000008003fe4       0x70 ./Src/dac.o
                0x0000000008003fe4                HAL_DAC_MspInit
 .text.MX_GPIO_Init
                0x0000000008004054      0x238 ./Src/gpio.o
                0x0000000008004054                MX_GPIO_Init
 *fill*         0x000000000800428c        0x4 
 .text.PID_vInit
                0x0000000008004290       0x9c ./Src/main.o
                0x0000000008004290                PID_vInit
 .text.SPI1_start
                0x000000000800432c       0x28 ./Src/main.o
                0x000000000800432c                SPI1_start
 *fill*         0x0000000008004354        0x4 
 .text.HAL_TIM_PeriodElapsedCallback
                0x0000000008004358      0x268 ./Src/main.o
                0x0000000008004358                HAL_TIM_PeriodElapsedCallback
 .text.SystemClock_Config
                0x00000000080045c0       0xd4 ./Src/main.o
                0x00000000080045c0                SystemClock_Config
 .text.PeriphCommonClock_Config
                0x0000000008004694       0x58 ./Src/main.o
                0x0000000008004694                PeriphCommonClock_Config
 *fill*         0x00000000080046ec        0x4 
 .text.startup.main
                0x00000000080046f0       0x9c ./Src/main.o
                0x00000000080046f0                main
 .text.Error_Handler
                0x000000000800478c        0x4 ./Src/main.o
                0x000000000800478c                Error_Handler
 .text.MX_SPI1_Init
                0x0000000008004790       0x60 ./Src/spi.o
                0x0000000008004790                MX_SPI1_Init
 .text.MX_SPI4_Init
                0x00000000080047f0       0x64 ./Src/spi.o
                0x00000000080047f0                MX_SPI4_Init
 .text.HAL_SPI_MspInit
                0x0000000008004854       0xdc ./Src/spi.o
                0x0000000008004854                HAL_SPI_MspInit
 .text.HAL_MspInit
                0x0000000008004930       0x24 ./Src/stm32h7xx_hal_msp.o
                0x0000000008004930                HAL_MspInit
 .text.NMI_Handler
                0x0000000008004954        0x4 ./Src/stm32h7xx_it.o
                0x0000000008004954                NMI_Handler
 .text.HardFault_Handler
                0x0000000008004958        0x4 ./Src/stm32h7xx_it.o
                0x0000000008004958                HardFault_Handler
 .text.MemManage_Handler
                0x000000000800495c        0x4 ./Src/stm32h7xx_it.o
                0x000000000800495c                MemManage_Handler
 .text.BusFault_Handler
                0x0000000008004960        0x4 ./Src/stm32h7xx_it.o
                0x0000000008004960                BusFault_Handler
 .text.UsageFault_Handler
                0x0000000008004964        0x4 ./Src/stm32h7xx_it.o
                0x0000000008004964                UsageFault_Handler
 .text.SVC_Handler
                0x0000000008004968        0x4 ./Src/stm32h7xx_it.o
                0x0000000008004968                SVC_Handler
 .text.DebugMon_Handler
                0x000000000800496c        0x4 ./Src/stm32h7xx_it.o
                0x000000000800496c                DebugMon_Handler
 .text.PendSV_Handler
                0x0000000008004970        0x4 ./Src/stm32h7xx_it.o
                0x0000000008004970                PendSV_Handler
 .text.SysTick_Handler
                0x0000000008004974        0x4 ./Src/stm32h7xx_it.o
                0x0000000008004974                SysTick_Handler
 .text.TIM2_IRQHandler
                0x0000000008004978        0xc ./Src/stm32h7xx_it.o
                0x0000000008004978                TIM2_IRQHandler
 .text.SystemInit
                0x0000000008004984       0xd4 ./Src/system_stm32h7xx.o
                0x0000000008004984                SystemInit
 .text.MX_TIM2_Init
                0x0000000008004a58       0xfc ./Src/tim.o
                0x0000000008004a58                MX_TIM2_Init
 .text.HAL_TIM_Base_MspInit
                0x0000000008004b54       0x44 ./Src/tim.o
                0x0000000008004b54                HAL_TIM_Base_MspInit
 .text.Reset_Handler
                0x0000000008004b98       0x50 ./startup/startup_stm32h743xx.o
                0x0000000008004b98                Reset_Handler
 .text.Default_Handler
                0x0000000008004be8        0x2 ./startup/startup_stm32h743xx.o
                0x0000000008004be8                RTC_Alarm_IRQHandler
                0x0000000008004be8                EXTI2_IRQHandler
                0x0000000008004be8                TIM8_CC_IRQHandler
                0x0000000008004be8                HRTIM1_Master_IRQHandler
                0x0000000008004be8                UART8_IRQHandler
                0x0000000008004be8                SPI4_IRQHandler
                0x0000000008004be8                TIM1_CC_IRQHandler
                0x0000000008004be8                BDMA_Channel6_IRQHandler
                0x0000000008004be8                DMA2_Stream5_IRQHandler
                0x0000000008004be8                HRTIM1_FLT_IRQHandler
                0x0000000008004be8                JPEG_IRQHandler
                0x0000000008004be8                DMA1_Stream5_IRQHandler
                0x0000000008004be8                BDMA_Channel1_IRQHandler
                0x0000000008004be8                HRTIM1_TIMD_IRQHandler
                0x0000000008004be8                TAMP_STAMP_IRQHandler
                0x0000000008004be8                EXTI3_IRQHandler
                0x0000000008004be8                LPTIM4_IRQHandler
                0x0000000008004be8                TIM8_TRG_COM_TIM14_IRQHandler
                0x0000000008004be8                LPTIM2_IRQHandler
                0x0000000008004be8                DFSDM1_FLT1_IRQHandler
                0x0000000008004be8                DMAMUX2_OVR_IRQHandler
                0x0000000008004be8                TIM8_UP_TIM13_IRQHandler
                0x0000000008004be8                I2C3_ER_IRQHandler
                0x0000000008004be8                DFSDM1_FLT2_IRQHandler
                0x0000000008004be8                MDMA_IRQHandler
                0x0000000008004be8                LPTIM3_IRQHandler
                0x0000000008004be8                HSEM1_IRQHandler
                0x0000000008004be8                EXTI0_IRQHandler
                0x0000000008004be8                I2C2_EV_IRQHandler
                0x0000000008004be8                DMA1_Stream2_IRQHandler
                0x0000000008004be8                FPU_IRQHandler
                0x0000000008004be8                OTG_HS_WKUP_IRQHandler
                0x0000000008004be8                FDCAN1_IT1_IRQHandler
                0x0000000008004be8                LTDC_ER_IRQHandler
                0x0000000008004be8                DMA2_Stream2_IRQHandler
                0x0000000008004be8                HRTIM1_TIME_IRQHandler
                0x0000000008004be8                SPI1_IRQHandler
                0x0000000008004be8                TIM6_DAC_IRQHandler
                0x0000000008004be8                DCMI_IRQHandler
                0x0000000008004be8                HRTIM1_TIMC_IRQHandler
                0x0000000008004be8                DMA2_Stream3_IRQHandler
                0x0000000008004be8                SAI2_IRQHandler
                0x0000000008004be8                DFSDM1_FLT3_IRQHandler
                0x0000000008004be8                USART6_IRQHandler
                0x0000000008004be8                TIM17_IRQHandler
                0x0000000008004be8                USART3_IRQHandler
                0x0000000008004be8                BDMA_Channel7_IRQHandler
                0x0000000008004be8                LPTIM5_IRQHandler
                0x0000000008004be8                UART5_IRQHandler
                0x0000000008004be8                ADC3_IRQHandler
                0x0000000008004be8                DMA2_Stream0_IRQHandler
                0x0000000008004be8                TIM4_IRQHandler
                0x0000000008004be8                BDMA_Channel2_IRQHandler
                0x0000000008004be8                QUADSPI_IRQHandler
                0x0000000008004be8                I2C1_EV_IRQHandler
                0x0000000008004be8                DMA1_Stream6_IRQHandler
                0x0000000008004be8                DMAMUX1_OVR_IRQHandler
                0x0000000008004be8                DMA1_Stream1_IRQHandler
                0x0000000008004be8                TIM16_IRQHandler
                0x0000000008004be8                UART4_IRQHandler
                0x0000000008004be8                BDMA_Channel5_IRQHandler
                0x0000000008004be8                TIM3_IRQHandler
                0x0000000008004be8                RCC_IRQHandler
                0x0000000008004be8                TIM8_BRK_TIM12_IRQHandler
                0x0000000008004be8                TIM1_TRG_COM_IRQHandler
                0x0000000008004be8                Default_Handler
                0x0000000008004be8                ECC_IRQHandler
                0x0000000008004be8                CEC_IRQHandler
                0x0000000008004be8                EXTI15_10_IRQHandler
                0x0000000008004be8                BDMA_Channel0_IRQHandler
                0x0000000008004be8                ADC_IRQHandler
                0x0000000008004be8                DMA1_Stream7_IRQHandler
                0x0000000008004be8                HRTIM1_TIMA_IRQHandler
                0x0000000008004be8                SPI5_IRQHandler
                0x0000000008004be8                TIM7_IRQHandler
                0x0000000008004be8                SDMMC1_IRQHandler
                0x0000000008004be8                TIM5_IRQHandler
                0x0000000008004be8                DMA2_Stream7_IRQHandler
                0x0000000008004be8                TIM15_IRQHandler
                0x0000000008004be8                PVD_AVD_IRQHandler
                0x0000000008004be8                I2C3_EV_IRQHandler
                0x0000000008004be8                EXTI9_5_IRQHandler
                0x0000000008004be8                RTC_WKUP_IRQHandler
                0x0000000008004be8                LTDC_IRQHandler
                0x0000000008004be8                SAI3_IRQHandler
                0x0000000008004be8                ETH_WKUP_IRQHandler
                0x0000000008004be8                SPDIF_RX_IRQHandler
                0x0000000008004be8                SPI2_IRQHandler
                0x0000000008004be8                OTG_HS_EP1_IN_IRQHandler
                0x0000000008004be8                DMA1_Stream0_IRQHandler
                0x0000000008004be8                CRS_IRQHandler
                0x0000000008004be8                EXTI4_IRQHandler
                0x0000000008004be8                RNG_IRQHandler
                0x0000000008004be8                HRTIM1_TIMB_IRQHandler
                0x0000000008004be8                FDCAN2_IT1_IRQHandler
                0x0000000008004be8                ETH_IRQHandler
                0x0000000008004be8                TIM1_UP_IRQHandler
                0x0000000008004be8                BDMA_Channel4_IRQHandler
                0x0000000008004be8                OTG_HS_EP1_OUT_IRQHandler
                0x0000000008004be8                WWDG_IRQHandler
                0x0000000008004be8                SPI6_IRQHandler
                0x0000000008004be8                MDIOS_IRQHandler
                0x0000000008004be8                I2C4_EV_IRQHandler
                0x0000000008004be8                FDCAN2_IT0_IRQHandler
                0x0000000008004be8                LPUART1_IRQHandler
                0x0000000008004be8                FDCAN1_IT0_IRQHandler
                0x0000000008004be8                OTG_FS_WKUP_IRQHandler
                0x0000000008004be8                OTG_HS_IRQHandler
                0x0000000008004be8                DMA2D_IRQHandler
                0x0000000008004be8                TIM1_BRK_IRQHandler
                0x0000000008004be8                EXTI1_IRQHandler
                0x0000000008004be8                SDMMC2_IRQHandler
                0x0000000008004be8                OTG_FS_EP1_OUT_IRQHandler
                0x0000000008004be8                BDMA_Channel3_IRQHandler
                0x0000000008004be8                UART7_IRQHandler
                0x0000000008004be8                MDIOS_WKUP_IRQHandler
                0x0000000008004be8                USART2_IRQHandler
                0x0000000008004be8                DFSDM1_FLT0_IRQHandler
                0x0000000008004be8                SAI4_IRQHandler
                0x0000000008004be8                I2C2_ER_IRQHandler
                0x0000000008004be8                DMA2_Stream1_IRQHandler
                0x0000000008004be8                FLASH_IRQHandler
                0x0000000008004be8                DMA2_Stream4_IRQHandler
                0x0000000008004be8                USART1_IRQHandler
                0x0000000008004be8                OTG_FS_IRQHandler
                0x0000000008004be8                SPI3_IRQHandler
                0x0000000008004be8                WAKEUP_PIN_IRQHandler
                0x0000000008004be8                DMA1_Stream4_IRQHandler
                0x0000000008004be8                OTG_FS_EP1_IN_IRQHandler
                0x0000000008004be8                I2C1_ER_IRQHandler
                0x0000000008004be8                FMC_IRQHandler
                0x0000000008004be8                FDCAN_CAL_IRQHandler
                0x0000000008004be8                SWPMI1_IRQHandler
                0x0000000008004be8                COMP1_IRQHandler
                0x0000000008004be8                LPTIM1_IRQHandler
                0x0000000008004be8                I2C4_ER_IRQHandler
                0x0000000008004be8                DMA2_Stream6_IRQHandler
                0x0000000008004be8                SAI1_IRQHandler
                0x0000000008004be8                DMA1_Stream3_IRQHandler
 *fill*         0x0000000008004bea        0x2 
 .text.__libc_init_array
                0x0000000008004bec       0x48 c:/st/stm32cubeide_1.7.0/stm32cubeide/plugins/com.st.stm32cube.ide.mcu.externaltools.gnu-tools-for-stm32.9-2020-q2-update.win32_2.0.0.202105311346/tools/bin/../lib/gcc/arm-none-eabi/9.3.1/../../../../arm-none-eabi/lib/thumb/v7e-m+dp/hard\libc_nano.a(lib_a-init.o)
                0x0000000008004bec                __libc_init_array
 .text.memset   0x0000000008004c34       0x10 c:/st/stm32cubeide_1.7.0/stm32cubeide/plugins/com.st.stm32cube.ide.mcu.externaltools.gnu-tools-for-stm32.9-2020-q2-update.win32_2.0.0.202105311346/tools/bin/../lib/gcc/arm-none-eabi/9.3.1/../../../../arm-none-eabi/lib/thumb/v7e-m+dp/hard\libc_nano.a(lib_a-memset.o)
                0x0000000008004c34                memset
 *(.glue_7)
 .glue_7        0x0000000008004c44        0x0 linker stubs
 *(.glue_7t)
 .glue_7t       0x0000000008004c44        0x0 linker stubs
 *(.eh_frame)
 .eh_frame      0x0000000008004c44        0x0 c:/st/stm32cubeide_1.7.0/stm32cubeide/plugins/com.st.stm32cube.ide.mcu.externaltools.gnu-tools-for-stm32.9-2020-q2-update.win32_2.0.0.202105311346/tools/bin/../lib/gcc/arm-none-eabi/9.3.1/thumb/v7e-m+dp/hard/crtbegin.o
 *(.init)
 .init          0x0000000008004c44        0x4 c:/st/stm32cubeide_1.7.0/stm32cubeide/plugins/com.st.stm32cube.ide.mcu.externaltools.gnu-tools-for-stm32.9-2020-q2-update.win32_2.0.0.202105311346/tools/bin/../lib/gcc/arm-none-eabi/9.3.1/thumb/v7e-m+dp/hard/crti.o
                0x0000000008004c44                _init
 .init          0x0000000008004c48        0x8 c:/st/stm32cubeide_1.7.0/stm32cubeide/plugins/com.st.stm32cube.ide.mcu.externaltools.gnu-tools-for-stm32.9-2020-q2-update.win32_2.0.0.202105311346/tools/bin/../lib/gcc/arm-none-eabi/9.3.1/thumb/v7e-m+dp/hard/crtn.o
 *(.fini)
 .fini          0x0000000008004c50        0x4 c:/st/stm32cubeide_1.7.0/stm32cubeide/plugins/com.st.stm32cube.ide.mcu.externaltools.gnu-tools-for-stm32.9-2020-q2-update.win32_2.0.0.202105311346/tools/bin/../lib/gcc/arm-none-eabi/9.3.1/thumb/v7e-m+dp/hard/crti.o
                0x0000000008004c50                _fini
 .fini          0x0000000008004c54        0x8 c:/st/stm32cubeide_1.7.0/stm32cubeide/plugins/com.st.stm32cube.ide.mcu.externaltools.gnu-tools-for-stm32.9-2020-q2-update.win32_2.0.0.202105311346/tools/bin/../lib/gcc/arm-none-eabi/9.3.1/thumb/v7e-m+dp/hard/crtn.o
                0x0000000008004c5c                . = ALIGN (0x4)
                0x0000000008004c5c                _etext = .

.vfp11_veneer   0x0000000008004c5c        0x0
 .vfp11_veneer  0x0000000008004c5c        0x0 linker stubs

.v4_bx          0x0000000008004c5c        0x0
 .v4_bx         0x0000000008004c5c        0x0 linker stubs

.iplt           0x0000000008004c5c        0x0
 .iplt          0x0000000008004c5c        0x0 c:/st/stm32cubeide_1.7.0/stm32cubeide/plugins/com.st.stm32cube.ide.mcu.externaltools.gnu-tools-for-stm32.9-2020-q2-update.win32_2.0.0.202105311346/tools/bin/../lib/gcc/arm-none-eabi/9.3.1/thumb/v7e-m+dp/hard/crtbegin.o

.rodata         0x0000000008004c5c       0x10
                0x0000000008004c5c                . = ALIGN (0x4)
 *(.rodata)
 *(.rodata*)
 .rodata.D1CorePrescTable
                0x0000000008004c5c       0x10 ./Src/system_stm32h7xx.o
                0x0000000008004c5c                D1CorePrescTable
                0x0000000008004c6c                . = ALIGN (0x4)

.rel.dyn        0x0000000008004c6c        0x0
 .rel.iplt      0x0000000008004c6c        0x0 c:/st/stm32cubeide_1.7.0/stm32cubeide/plugins/com.st.stm32cube.ide.mcu.externaltools.gnu-tools-for-stm32.9-2020-q2-update.win32_2.0.0.202105311346/tools/bin/../lib/gcc/arm-none-eabi/9.3.1/thumb/v7e-m+dp/hard/crtbegin.o

.ARM.extab
 *(.ARM.extab* .gnu.linkonce.armextab.*)

.ARM            0x0000000008004c6c        0x0
                0x0000000008004c6c                __exidx_start = .
 *(.ARM.exidx*)
                0x0000000008004c6c                __exidx_end = .

.preinit_array  0x0000000008004c6c        0x0
                0x0000000008004c6c                PROVIDE (__preinit_array_start = .)
 *(.preinit_array*)
                0x0000000008004c6c                PROVIDE (__preinit_array_end = .)

.init_array     0x0000000008004c6c        0x4
                0x0000000008004c6c                PROVIDE (__init_array_start = .)
 *(SORT_BY_NAME(.init_array.*))
 *(.init_array*)
 .init_array    0x0000000008004c6c        0x4 c:/st/stm32cubeide_1.7.0/stm32cubeide/plugins/com.st.stm32cube.ide.mcu.externaltools.gnu-tools-for-stm32.9-2020-q2-update.win32_2.0.0.202105311346/tools/bin/../lib/gcc/arm-none-eabi/9.3.1/thumb/v7e-m+dp/hard/crtbegin.o
                0x0000000008004c70                PROVIDE (__init_array_end = .)

.fini_array     0x0000000008004c70        0x4
                [!provide]                        PROVIDE (__fini_array_start = .)
 *(SORT_BY_NAME(.fini_array.*))
 *(.fini_array*)
 .fini_array    0x0000000008004c70        0x4 c:/st/stm32cubeide_1.7.0/stm32cubeide/plugins/com.st.stm32cube.ide.mcu.externaltools.gnu-tools-for-stm32.9-2020-q2-update.win32_2.0.0.202105311346/tools/bin/../lib/gcc/arm-none-eabi/9.3.1/thumb/v7e-m+dp/hard/crtbegin.o
                [!provide]                        PROVIDE (__fini_array_end = .)
                0x0000000008004c74                _sidata = LOADADDR (.data)

.data           0x0000000024000000       0x1c load address 0x0000000008004c74
                0x0000000024000000                . = ALIGN (0x4)
                0x0000000024000000                _sdata = .
 *(.data)
 *(.data*)
 .data.uwTickFreq
                0x0000000024000000        0x1 ./Drivers/STM32H7xx_HAL_Driver/Src/stm32h7xx_hal.o
                0x0000000024000000                uwTickFreq
 *fill*         0x0000000024000001        0x3 
 .data.uwTickPrio
                0x0000000024000004        0x4 ./Drivers/STM32H7xx_HAL_Driver/Src/stm32h7xx_hal.o
                0x0000000024000004                uwTickPrio
 .data.PIDInputOption
                0x0000000024000008        0x1 ./Src/main.o
                0x0000000024000008                PIDInputOption
 *fill*         0x0000000024000009        0x3 
 .data.pPID1    0x000000002400000c        0x4 ./Src/main.o
                0x000000002400000c                pPID1
 .data.ptxdr_16bits
                0x0000000024000010        0x4 ./Src/main.o
                0x0000000024000010                ptxdr_16bits
 .data.SystemCoreClock
                0x0000000024000014        0x4 ./Src/system_stm32h7xx.o
                0x0000000024000014                SystemCoreClock
 .data.SystemD2Clock
                0x0000000024000018        0x4 ./Src/system_stm32h7xx.o
                0x0000000024000018                SystemD2Clock
                0x000000002400001c                . = ALIGN (0x4)
                0x000000002400001c                _edata = .

.igot.plt       0x000000002400001c        0x0 load address 0x0000000008004c90
 .igot.plt      0x000000002400001c        0x0 c:/st/stm32cubeide_1.7.0/stm32cubeide/plugins/com.st.stm32cube.ide.mcu.externaltools.gnu-tools-for-stm32.9-2020-q2-update.win32_2.0.0.202105311346/tools/bin/../lib/gcc/arm-none-eabi/9.3.1/thumb/v7e-m+dp/hard/crtbegin.o
                0x000000002400001c                . = ALIGN (0x4)

.bss            0x0000000024000020      0x4cc load address 0x0000000008004c90
                0x0000000024000020                _sbss = .
                0x0000000024000020                __bss_start__ = _sbss
 *(.bss)
 .bss           0x0000000024000020       0x1c c:/st/stm32cubeide_1.7.0/stm32cubeide/plugins/com.st.stm32cube.ide.mcu.externaltools.gnu-tools-for-stm32.9-2020-q2-update.win32_2.0.0.202105311346/tools/bin/../lib/gcc/arm-none-eabi/9.3.1/thumb/v7e-m+dp/hard/crtbegin.o
 *(.bss*)
 .bss.ADC_End   0x000000002400003c        0x4 ./Src/main.o
                0x000000002400003c                ADC_End
 .bss.ADC_duration
                0x0000000024000040        0x8 ./Src/main.o
                0x0000000024000040                ADC_duration
 .bss.LockInOutput
                0x0000000024000048        0x8 ./Src/main.o
                0x0000000024000048                LockInOutput
 .bss.PID_End   0x0000000024000050        0x4 ./Src/main.o
                0x0000000024000050                PID_End
 *fill*         0x0000000024000054        0x4 
 .bss.PID_duration
                0x0000000024000058        0x8 ./Src/main.o
                0x0000000024000058                PID_duration
 .bss.PT_Anf    0x0000000024000060        0x4 ./Src/main.o
                0x0000000024000060                PT_Anf
 .bss.PT_End    0x0000000024000064        0x4 ./Src/main.o
                0x0000000024000064                PT_End
 .bss.SPI_Anf   0x0000000024000068        0x4 ./Src/main.o
                0x0000000024000068                SPI_Anf
 .bss.SPI_End   0x000000002400006c        0x4 ./Src/main.o
                0x000000002400006c                SPI_End
 .bss.SPI_duration
                0x0000000024000070        0x8 ./Src/main.o
                0x0000000024000070                SPI_duration
 .bss.adc_value
                0x0000000024000078        0x4 ./Src/main.o
                0x0000000024000078                adc_value
 *fill*         0x000000002400007c        0x4 
 .bss.duration  0x0000000024000080        0x8 ./Src/main.o
                0x0000000024000080                duration
 .bss.volt_value
                0x0000000024000088        0x8 ./Src/main.o
                0x0000000024000088                volt_value
 *(COMMON)
 COMMON         0x0000000024000090        0x4 ./Drivers/STM32H7xx_HAL_Driver/Src/stm32h7xx_hal.o
                0x0000000024000090                uwTick
 *fill*         0x0000000024000094        0x4 
 COMMON         0x0000000024000098      0x280 ./Src/adc.o
                0x0000000024000098                Switch2_ModulationEnable
                0x00000000240000a0                InstancePID2
                0x0000000024000160                tty4
                0x0000000024000168                Switch2_DACOffset
                0x0000000024000170                hadc1
                0x00000000240001d4                hadc3
                0x0000000024000238                InstancePID1
                0x00000000240002f8                tty2
                0x00000000240002fc                tty3
                0x0000000024000300                Switch1_offsetEnable
                0x0000000024000301                Switch1_PID1Enable
                0x0000000024000302                Switch2_PID1Enable
                0x0000000024000303                Switch1_PID2Enable
                0x0000000024000304                Switch2_PID2Enable
                0x0000000024000305                Switch2_offsetEnable
                0x0000000024000308                tty1
                0x000000002400030c                Switch1_ModulationEnable
                0x0000000024000310                Switch1_DACOffset
 COMMON         0x0000000024000318       0x14 ./Src/dac.o
                0x0000000024000318                hdac1
 *fill*         0x000000002400032c        0x4 
 COMMON         0x0000000024000330       0x60 ./Src/main.o
                0x0000000024000330                yout
                0x0000000024000338                li
                0x000000002400033c                charI
                0x000000002400035c                DACoutput1
                0x0000000024000360                ADCBuf
                0x0000000024000368                pData
                0x0000000024000370                duration_sum
                0x0000000024000378                paramFreq
                0x0000000024000380                DACoutput2
                0x0000000024000384                acValBuffer
                0x0000000024000388                Tim2ARR
                0x000000002400038c                hexString
                0x000000002400038e                pdata
 COMMON         0x0000000024000390      0x110 ./Src/spi.o
                0x0000000024000390                hspi4
                0x0000000024000418                hspi1
 COMMON         0x00000000240004a0       0x4c ./Src/tim.o
                0x00000000240004a0                htim2
                0x00000000240004ec                . = ALIGN (0x4)
                0x00000000240004ec                _ebss = .
                0x00000000240004ec                __bss_end__ = _ebss

._user_heap_stack
                0x00000000240004ec     0x3400 load address 0x0000000008004c90
                0x00000000240004ec                . = ALIGN (0x4)
                0x00000000240004ec                PROVIDE (end = .)
                [!provide]                        PROVIDE (_end = .)
                0x00000000240034ec                . = (. + _Min_Heap_Size)
 *fill*         0x00000000240004ec     0x3000 
                0x00000000240038ec                . = (. + _Min_Stack_Size)
 *fill*         0x00000000240034ec      0x400 
                0x00000000240038ec                . = ALIGN (0x4)

/DISCARD/
 libc.a(*)
 libm.a(*)
 libgcc.a(*)

.ARM.attributes
                0x0000000000000000       0x2e
 *(.ARM.attributes)
 .ARM.attributes
                0x0000000000000000       0x1e c:/st/stm32cubeide_1.7.0/stm32cubeide/plugins/com.st.stm32cube.ide.mcu.externaltools.gnu-tools-for-stm32.9-2020-q2-update.win32_2.0.0.202105311346/tools/bin/../lib/gcc/arm-none-eabi/9.3.1/thumb/v7e-m+dp/hard/crti.o
 .ARM.attributes
                0x000000000000001e       0x32 c:/st/stm32cubeide_1.7.0/stm32cubeide/plugins/com.st.stm32cube.ide.mcu.externaltools.gnu-tools-for-stm32.9-2020-q2-update.win32_2.0.0.202105311346/tools/bin/../lib/gcc/arm-none-eabi/9.3.1/thumb/v7e-m+dp/hard/crtbegin.o
 .ARM.attributes
                0x0000000000000050       0x2e ./Drivers/STM32H7xx_HAL_Driver/Src/stm32h7xx_hal.o
 .ARM.attributes
                0x000000000000007e       0x2e ./Drivers/STM32H7xx_HAL_Driver/Src/stm32h7xx_hal_adc.o
 .ARM.attributes
                0x00000000000000ac       0x2e ./Drivers/STM32H7xx_HAL_Driver/Src/stm32h7xx_hal_adc_ex.o
 .ARM.attributes
                0x00000000000000da       0x2e ./Drivers/STM32H7xx_HAL_Driver/Src/stm32h7xx_hal_cortex.o
 .ARM.attributes
                0x0000000000000108       0x2e ./Drivers/STM32H7xx_HAL_Driver/Src/stm32h7xx_hal_dac.o
 .ARM.attributes
                0x0000000000000136       0x2e ./Drivers/STM32H7xx_HAL_Driver/Src/stm32h7xx_hal_gpio.o
 .ARM.attributes
                0x0000000000000164       0x2e ./Drivers/STM32H7xx_HAL_Driver/Src/stm32h7xx_hal_pwr_ex.o
 .ARM.attributes
                0x0000000000000192       0x2e ./Drivers/STM32H7xx_HAL_Driver/Src/stm32h7xx_hal_rcc.o
 .ARM.attributes
                0x00000000000001c0       0x2e ./Drivers/STM32H7xx_HAL_Driver/Src/stm32h7xx_hal_rcc_ex.o
 .ARM.attributes
                0x00000000000001ee       0x2e ./Drivers/STM32H7xx_HAL_Driver/Src/stm32h7xx_hal_spi.o
 .ARM.attributes
                0x000000000000021c       0x2e ./Drivers/STM32H7xx_HAL_Driver/Src/stm32h7xx_hal_tim.o
 .ARM.attributes
                0x000000000000024a       0x2e ./Drivers/STM32H7xx_HAL_Driver/Src/stm32h7xx_hal_tim_ex.o
 .ARM.attributes
                0x0000000000000278       0x2e ./Src/adc.o
 .ARM.attributes
                0x00000000000002a6       0x2e ./Src/dac.o
 .ARM.attributes
                0x00000000000002d4       0x2e ./Src/gpio.o
 .ARM.attributes
                0x0000000000000302       0x2e ./Src/main.o
 .ARM.attributes
                0x0000000000000330       0x2e ./Src/spi.o
 .ARM.attributes
                0x000000000000035e       0x2e ./Src/stm32h7xx_hal_msp.o
 .ARM.attributes
                0x000000000000038c       0x2e ./Src/stm32h7xx_it.o
 .ARM.attributes
                0x00000000000003ba       0x2e ./Src/system_stm32h7xx.o
 .ARM.attributes
                0x00000000000003e8       0x2e ./Src/tim.o
 .ARM.attributes
                0x0000000000000416       0x21 ./startup/startup_stm32h743xx.o
 .ARM.attributes
                0x0000000000000437       0x32 c:/st/stm32cubeide_1.7.0/stm32cubeide/plugins/com.st.stm32cube.ide.mcu.externaltools.gnu-tools-for-stm32.9-2020-q2-update.win32_2.0.0.202105311346/tools/bin/../lib/gcc/arm-none-eabi/9.3.1/../../../../arm-none-eabi/lib/thumb/v7e-m+dp/hard\libc_nano.a(lib_a-init.o)
 .ARM.attributes
                0x0000000000000469       0x32 c:/st/stm32cubeide_1.7.0/stm32cubeide/plugins/com.st.stm32cube.ide.mcu.externaltools.gnu-tools-for-stm32.9-2020-q2-update.win32_2.0.0.202105311346/tools/bin/../lib/gcc/arm-none-eabi/9.3.1/../../../../arm-none-eabi/lib/thumb/v7e-m+dp/hard\libc_nano.a(lib_a-memset.o)
 .ARM.attributes
                0x000000000000049b       0x1e c:/st/stm32cubeide_1.7.0/stm32cubeide/plugins/com.st.stm32cube.ide.mcu.externaltools.gnu-tools-for-stm32.9-2020-q2-update.win32_2.0.0.202105311346/tools/bin/../lib/gcc/arm-none-eabi/9.3.1/thumb/v7e-m+dp/hard/crtn.o
OUTPUT(CBC_H7.elf elf32-littlearm)
LOAD linker stubs
LOAD c:/st/stm32cubeide_1.7.0/stm32cubeide/plugins/com.st.stm32cube.ide.mcu.externaltools.gnu-tools-for-stm32.9-2020-q2-update.win32_2.0.0.202105311346/tools/bin/../lib/gcc/arm-none-eabi/9.3.1/../../../../arm-none-eabi/lib/thumb/v7e-m+dp/hard\libc.a
LOAD c:/st/stm32cubeide_1.7.0/stm32cubeide/plugins/com.st.stm32cube.ide.mcu.externaltools.gnu-tools-for-stm32.9-2020-q2-update.win32_2.0.0.202105311346/tools/bin/../lib/gcc/arm-none-eabi/9.3.1/../../../../arm-none-eabi/lib/thumb/v7e-m+dp/hard\libm.a
LOAD c:/st/stm32cubeide_1.7.0/stm32cubeide/plugins/com.st.stm32cube.ide.mcu.externaltools.gnu-tools-for-stm32.9-2020-q2-update.win32_2.0.0.202105311346/tools/bin/../lib/gcc/arm-none-eabi/9.3.1/thumb/v7e-m+dp/hard\libgcc.a

.debug_info     0x0000000000000000    0x2f267
 .debug_info    0x0000000000000000     0x20fb ./Drivers/STM32H7xx_HAL_Driver/Src/stm32h7xx_hal.o
 .debug_info    0x00000000000020fb     0x3bf5 ./Drivers/STM32H7xx_HAL_Driver/Src/stm32h7xx_hal_adc.o
 .debug_info    0x0000000000005cf0     0x3e20 ./Drivers/STM32H7xx_HAL_Driver/Src/stm32h7xx_hal_adc_ex.o
 .debug_info    0x0000000000009b10     0x1e4d ./Drivers/STM32H7xx_HAL_Driver/Src/stm32h7xx_hal_cortex.o
 .debug_info    0x000000000000b95d     0x17b0 ./Drivers/STM32H7xx_HAL_Driver/Src/stm32h7xx_hal_dac.o
 .debug_info    0x000000000000d10d     0x17fd ./Drivers/STM32H7xx_HAL_Driver/Src/stm32h7xx_hal_gpio.o
 .debug_info    0x000000000000e90a     0x1c91 ./Drivers/STM32H7xx_HAL_Driver/Src/stm32h7xx_hal_pwr_ex.o
 .debug_info    0x000000000001059b     0x1e64 ./Drivers/STM32H7xx_HAL_Driver/Src/stm32h7xx_hal_rcc.o
 .debug_info    0x00000000000123ff     0x23cb ./Drivers/STM32H7xx_HAL_Driver/Src/stm32h7xx_hal_rcc_ex.o
 .debug_info    0x00000000000147ca     0x2718 ./Drivers/STM32H7xx_HAL_Driver/Src/stm32h7xx_hal_spi.o
 .debug_info    0x0000000000016ee2     0x598e ./Drivers/STM32H7xx_HAL_Driver/Src/stm32h7xx_hal_tim.o
 .debug_info    0x000000000001c870     0x2987 ./Drivers/STM32H7xx_HAL_Driver/Src/stm32h7xx_hal_tim_ex.o
 .debug_info    0x000000000001f1f7     0x1da6 ./Src/adc.o
 .debug_info    0x0000000000020f9d     0x1a3a ./Src/dac.o
 .debug_info    0x00000000000229d7     0x1598 ./Src/gpio.o
 .debug_info    0x0000000000023f6f     0x37a8 ./Src/main.o
 .debug_info    0x0000000000027717     0x1b82 ./Src/spi.o
 .debug_info    0x0000000000029299     0x11b6 ./Src/stm32h7xx_hal_msp.o
 .debug_info    0x000000000002a44f     0x1558 ./Src/stm32h7xx_it.o
 .debug_info    0x000000000002b9a7     0x1775 ./Src/system_stm32h7xx.o
 .debug_info    0x000000000002d11c     0x2129 ./Src/tim.o
 .debug_info    0x000000000002f245       0x22 ./startup/startup_stm32h743xx.o

.debug_abbrev   0x0000000000000000     0x47e6
 .debug_abbrev  0x0000000000000000      0x3b7 ./Drivers/STM32H7xx_HAL_Driver/Src/stm32h7xx_hal.o
 .debug_abbrev  0x00000000000003b7      0x3b7 ./Drivers/STM32H7xx_HAL_Driver/Src/stm32h7xx_hal_adc.o
 .debug_abbrev  0x000000000000076e      0x453 ./Drivers/STM32H7xx_HAL_Driver/Src/stm32h7xx_hal_adc_ex.o
 .debug_abbrev  0x0000000000000bc1      0x456 ./Drivers/STM32H7xx_HAL_Driver/Src/stm32h7xx_hal_cortex.o
 .debug_abbrev  0x0000000000001017      0x305 ./Drivers/STM32H7xx_HAL_Driver/Src/stm32h7xx_hal_dac.o
 .debug_abbrev  0x000000000000131c      0x319 ./Drivers/STM32H7xx_HAL_Driver/Src/stm32h7xx_hal_gpio.o
 .debug_abbrev  0x0000000000001635      0x3d3 ./Drivers/STM32H7xx_HAL_Driver/Src/stm32h7xx_hal_pwr_ex.o
 .debug_abbrev  0x0000000000001a08      0x38a ./Drivers/STM32H7xx_HAL_Driver/Src/stm32h7xx_hal_rcc.o
 .debug_abbrev  0x0000000000001d92      0x3ec ./Drivers/STM32H7xx_HAL_Driver/Src/stm32h7xx_hal_rcc_ex.o
 .debug_abbrev  0x000000000000217e      0x464 ./Drivers/STM32H7xx_HAL_Driver/Src/stm32h7xx_hal_spi.o
 .debug_abbrev  0x00000000000025e2      0x444 ./Drivers/STM32H7xx_HAL_Driver/Src/stm32h7xx_hal_tim.o
 .debug_abbrev  0x0000000000002a26      0x3f0 ./Drivers/STM32H7xx_HAL_Driver/Src/stm32h7xx_hal_tim_ex.o
 .debug_abbrev  0x0000000000002e16      0x2c4 ./Src/adc.o
 .debug_abbrev  0x00000000000030da      0x2ca ./Src/dac.o
 .debug_abbrev  0x00000000000033a4      0x275 ./Src/gpio.o
 .debug_abbrev  0x0000000000003619      0x499 ./Src/main.o
 .debug_abbrev  0x0000000000003ab2      0x2cc ./Src/spi.o
 .debug_abbrev  0x0000000000003d7e      0x220 ./Src/stm32h7xx_hal_msp.o
 .debug_abbrev  0x0000000000003f9e      0x27b ./Src/stm32h7xx_it.o
 .debug_abbrev  0x0000000000004219      0x268 ./Src/system_stm32h7xx.o
 .debug_abbrev  0x0000000000004481      0x353 ./Src/tim.o
 .debug_abbrev  0x00000000000047d4       0x12 ./startup/startup_stm32h743xx.o

.debug_loc      0x0000000000000000    0x149d3
 .debug_loc     0x0000000000000000      0x5d9 ./Drivers/STM32H7xx_HAL_Driver/Src/stm32h7xx_hal.o
 .debug_loc     0x00000000000005d9     0x25ff ./Drivers/STM32H7xx_HAL_Driver/Src/stm32h7xx_hal_adc.o
 .debug_loc     0x0000000000002bd8     0x2d35 ./Drivers/STM32H7xx_HAL_Driver/Src/stm32h7xx_hal_adc_ex.o
 .debug_loc     0x000000000000590d      0x786 ./Drivers/STM32H7xx_HAL_Driver/Src/stm32h7xx_hal_cortex.o
 .debug_loc     0x0000000000006093      0x9b7 ./Drivers/STM32H7xx_HAL_Driver/Src/stm32h7xx_hal_dac.o
 .debug_loc     0x0000000000006a4a      0x4ad ./Drivers/STM32H7xx_HAL_Driver/Src/stm32h7xx_hal_gpio.o
 .debug_loc     0x0000000000006ef7      0x51c ./Drivers/STM32H7xx_HAL_Driver/Src/stm32h7xx_hal_pwr_ex.o
 .debug_loc     0x0000000000007413      0xa68 ./Drivers/STM32H7xx_HAL_Driver/Src/stm32h7xx_hal_rcc.o
 .debug_loc     0x0000000000007e7b     0x127b ./Drivers/STM32H7xx_HAL_Driver/Src/stm32h7xx_hal_rcc_ex.o
 .debug_loc     0x00000000000090f6     0x20f4 ./Drivers/STM32H7xx_HAL_Driver/Src/stm32h7xx_hal_spi.o
 .debug_loc     0x000000000000b1ea     0x6fdf ./Drivers/STM32H7xx_HAL_Driver/Src/stm32h7xx_hal_tim.o
 .debug_loc     0x00000000000121c9     0x1f2e ./Drivers/STM32H7xx_HAL_Driver/Src/stm32h7xx_hal_tim_ex.o
 .debug_loc     0x00000000000140f7       0x67 ./Src/adc.o
 .debug_loc     0x000000000001415e       0x4a ./Src/dac.o
 .debug_loc     0x00000000000141a8      0x56a ./Src/main.o
 .debug_loc     0x0000000000014712       0x84 ./Src/spi.o
 .debug_loc     0x0000000000014796      0x1a2 ./Src/system_stm32h7xx.o
 .debug_loc     0x0000000000014938       0x9b ./Src/tim.o

.debug_aranges  0x0000000000000000      0xec0
 .debug_aranges
                0x0000000000000000      0x190 ./Drivers/STM32H7xx_HAL_Driver/Src/stm32h7xx_hal.o
 .debug_aranges
                0x0000000000000190       0xd8 ./Drivers/STM32H7xx_HAL_Driver/Src/stm32h7xx_hal_adc.o
 .debug_aranges
                0x0000000000000268       0xe8 ./Drivers/STM32H7xx_HAL_Driver/Src/stm32h7xx_hal_adc_ex.o
 .debug_aranges
                0x0000000000000350       0xb0 ./Drivers/STM32H7xx_HAL_Driver/Src/stm32h7xx_hal_cortex.o
 .debug_aranges
                0x0000000000000400       0x98 ./Drivers/STM32H7xx_HAL_Driver/Src/stm32h7xx_hal_dac.o
 .debug_aranges
                0x0000000000000498       0x58 ./Drivers/STM32H7xx_HAL_Driver/Src/stm32h7xx_hal_gpio.o
 .debug_aranges
                0x00000000000004f0      0x128 ./Drivers/STM32H7xx_HAL_Driver/Src/stm32h7xx_hal_pwr_ex.o
 .debug_aranges
                0x0000000000000618       0x90 ./Drivers/STM32H7xx_HAL_Driver/Src/stm32h7xx_hal_rcc.o
 .debug_aranges
                0x00000000000006a8       0xe0 ./Drivers/STM32H7xx_HAL_Driver/Src/stm32h7xx_hal_rcc_ex.o
 .debug_aranges
                0x0000000000000788      0x138 ./Drivers/STM32H7xx_HAL_Driver/Src/stm32h7xx_hal_spi.o
 .debug_aranges
                0x00000000000008c0      0x288 ./Drivers/STM32H7xx_HAL_Driver/Src/stm32h7xx_hal_tim.o
 .debug_aranges
                0x0000000000000b48      0x128 ./Drivers/STM32H7xx_HAL_Driver/Src/stm32h7xx_hal_tim_ex.o
 .debug_aranges
                0x0000000000000c70       0x38 ./Src/adc.o
 .debug_aranges
                0x0000000000000ca8       0x30 ./Src/dac.o
 .debug_aranges
                0x0000000000000cd8       0x20 ./Src/gpio.o
 .debug_aranges
                0x0000000000000cf8       0x90 ./Src/main.o
 .debug_aranges
                0x0000000000000d88       0x38 ./Src/spi.o
 .debug_aranges
                0x0000000000000dc0       0x20 ./Src/stm32h7xx_hal_msp.o
 .debug_aranges
                0x0000000000000de0       0x58 ./Src/stm32h7xx_it.o
 .debug_aranges
                0x0000000000000e38       0x28 ./Src/system_stm32h7xx.o
 .debug_aranges
                0x0000000000000e60       0x38 ./Src/tim.o
 .debug_aranges
                0x0000000000000e98       0x28 ./startup/startup_stm32h743xx.o

.debug_ranges   0x0000000000000000     0x2c68
 .debug_ranges  0x0000000000000000      0x180 ./Drivers/STM32H7xx_HAL_Driver/Src/stm32h7xx_hal.o
 .debug_ranges  0x0000000000000180      0x7b8 ./Drivers/STM32H7xx_HAL_Driver/Src/stm32h7xx_hal_adc.o
 .debug_ranges  0x0000000000000938      0x6d8 ./Drivers/STM32H7xx_HAL_Driver/Src/stm32h7xx_hal_adc_ex.o
 .debug_ranges  0x0000000000001010      0x180 ./Drivers/STM32H7xx_HAL_Driver/Src/stm32h7xx_hal_cortex.o
 .debug_ranges  0x0000000000001190       0x88 ./Drivers/STM32H7xx_HAL_Driver/Src/stm32h7xx_hal_dac.o
 .debug_ranges  0x0000000000001218       0x80 ./Drivers/STM32H7xx_HAL_Driver/Src/stm32h7xx_hal_gpio.o
 .debug_ranges  0x0000000000001298      0x1a8 ./Drivers/STM32H7xx_HAL_Driver/Src/stm32h7xx_hal_pwr_ex.o
 .debug_ranges  0x0000000000001440      0x250 ./Drivers/STM32H7xx_HAL_Driver/Src/stm32h7xx_hal_rcc.o
 .debug_ranges  0x0000000000001690      0x100 ./Drivers/STM32H7xx_HAL_Driver/Src/stm32h7xx_hal_rcc_ex.o
 .debug_ranges  0x0000000000001790      0x208 ./Drivers/STM32H7xx_HAL_Driver/Src/stm32h7xx_hal_spi.o
 .debug_ranges  0x0000000000001998      0xb18 ./Drivers/STM32H7xx_HAL_Driver/Src/stm32h7xx_hal_tim.o
 .debug_ranges  0x00000000000024b0      0x2c0 ./Drivers/STM32H7xx_HAL_Driver/Src/stm32h7xx_hal_tim_ex.o
 .debug_ranges  0x0000000000002770       0x80 ./Src/adc.o
 .debug_ranges  0x00000000000027f0       0x58 ./Src/dac.o
 .debug_ranges  0x0000000000002848       0x38 ./Src/gpio.o
 .debug_ranges  0x0000000000002880      0x1e8 ./Src/main.o
 .debug_ranges  0x0000000000002a68       0x98 ./Src/spi.o
 .debug_ranges  0x0000000000002b00       0x28 ./Src/stm32h7xx_hal_msp.o
 .debug_ranges  0x0000000000002b28       0x48 ./Src/stm32h7xx_it.o
 .debug_ranges  0x0000000000002b70       0x18 ./Src/system_stm32h7xx.o
 .debug_ranges  0x0000000000002b88       0xc0 ./Src/tim.o
 .debug_ranges  0x0000000000002c48       0x20 ./startup/startup_stm32h743xx.o

.debug_macro    0x0000000000000000    0x39651
 .debug_macro   0x0000000000000000      0x313 ./Drivers/STM32H7xx_HAL_Driver/Src/stm32h7xx_hal.o
 .debug_macro   0x0000000000000313      0xac6 ./Drivers/STM32H7xx_HAL_Driver/Src/stm32h7xx_hal.o
 .debug_macro   0x0000000000000dd9      0x244 ./Drivers/STM32H7xx_HAL_Driver/Src/stm32h7xx_hal.o
 .debug_macro   0x000000000000101d       0x2e ./Drivers/STM32H7xx_HAL_Driver/Src/stm32h7xx_hal.o
 .debug_macro   0x000000000000104b       0x3b ./Drivers/STM32H7xx_HAL_Driver/Src/stm32h7xx_hal.o
 .debug_macro   0x0000000000001086       0x22 ./Drivers/STM32H7xx_HAL_Driver/Src/stm32h7xx_hal.o
 .debug_macro   0x00000000000010a8       0x8e ./Drivers/STM32H7xx_HAL_Driver/Src/stm32h7xx_hal.o
 .debug_macro   0x0000000000001136       0x51 ./Drivers/STM32H7xx_HAL_Driver/Src/stm32h7xx_hal.o
 .debug_macro   0x0000000000001187      0x103 ./Drivers/STM32H7xx_HAL_Driver/Src/stm32h7xx_hal.o
 .debug_macro   0x000000000000128a       0x6a ./Drivers/STM32H7xx_HAL_Driver/Src/stm32h7xx_hal.o
 .debug_macro   0x00000000000012f4      0x1df ./Drivers/STM32H7xx_HAL_Driver/Src/stm32h7xx_hal.o
 .debug_macro   0x00000000000014d3       0x1c ./Drivers/STM32H7xx_HAL_Driver/Src/stm32h7xx_hal.o
 .debug_macro   0x00000000000014ef       0x22 ./Drivers/STM32H7xx_HAL_Driver/Src/stm32h7xx_hal.o
 .debug_macro   0x0000000000001511      0x101 ./Drivers/STM32H7xx_HAL_Driver/Src/stm32h7xx_hal.o
 .debug_macro   0x0000000000001612     0x1305 ./Drivers/STM32H7xx_HAL_Driver/Src/stm32h7xx_hal.o
 .debug_macro   0x0000000000002917      0x11f ./Drivers/STM32H7xx_HAL_Driver/Src/stm32h7xx_hal.o
 .debug_macro   0x0000000000002a36       0x27 ./Drivers/STM32H7xx_HAL_Driver/Src/stm32h7xx_hal.o
 .debug_macro   0x0000000000002a5d    0x253d1 ./Drivers/STM32H7xx_HAL_Driver/Src/stm32h7xx_hal.o
 .debug_macro   0x0000000000027e2e       0x43 ./Drivers/STM32H7xx_HAL_Driver/Src/stm32h7xx_hal.o
 .debug_macro   0x0000000000027e71     0x3cd3 ./Drivers/STM32H7xx_HAL_Driver/Src/stm32h7xx_hal.o
 .debug_macro   0x000000000002bb44      0x174 ./Drivers/STM32H7xx_HAL_Driver/Src/stm32h7xx_hal.o
 .debug_macro   0x000000000002bcb8       0x52 ./Drivers/STM32H7xx_HAL_Driver/Src/stm32h7xx_hal.o
 .debug_macro   0x000000000002bd0a       0x17 ./Drivers/STM32H7xx_HAL_Driver/Src/stm32h7xx_hal.o
 .debug_macro   0x000000000002bd21       0x3c ./Drivers/STM32H7xx_HAL_Driver/Src/stm32h7xx_hal.o
 .debug_macro   0x000000000002bd5d       0x34 ./Drivers/STM32H7xx_HAL_Driver/Src/stm32h7xx_hal.o
 .debug_macro   0x000000000002bd91       0x16 ./Drivers/STM32H7xx_HAL_Driver/Src/stm32h7xx_hal.o
 .debug_macro   0x000000000002bda7       0x43 ./Drivers/STM32H7xx_HAL_Driver/Src/stm32h7xx_hal.o
 .debug_macro   0x000000000002bdea       0x34 ./Drivers/STM32H7xx_HAL_Driver/Src/stm32h7xx_hal.o
 .debug_macro   0x000000000002be1e       0x10 ./Drivers/STM32H7xx_HAL_Driver/Src/stm32h7xx_hal.o
 .debug_macro   0x000000000002be2e       0x58 ./Drivers/STM32H7xx_HAL_Driver/Src/stm32h7xx_hal.o
 .debug_macro   0x000000000002be86       0x71 ./Drivers/STM32H7xx_HAL_Driver/Src/stm32h7xx_hal.o
 .debug_macro   0x000000000002bef7       0x1c ./Drivers/STM32H7xx_HAL_Driver/Src/stm32h7xx_hal.o
 .debug_macro   0x000000000002bf13      0x12a ./Drivers/STM32H7xx_HAL_Driver/Src/stm32h7xx_hal.o
 .debug_macro   0x000000000002c03d      0x333 ./Drivers/STM32H7xx_HAL_Driver/Src/stm32h7xx_hal.o
 .debug_macro   0x000000000002c370      0x1a9 ./Drivers/STM32H7xx_HAL_Driver/Src/stm32h7xx_hal.o
 .debug_macro   0x000000000002c519       0x5d ./Drivers/STM32H7xx_HAL_Driver/Src/stm32h7xx_hal.o
 .debug_macro   0x000000000002c576     0x2382 ./Drivers/STM32H7xx_HAL_Driver/Src/stm32h7xx_hal.o
 .debug_macro   0x000000000002e8f8     0x1002 ./Drivers/STM32H7xx_HAL_Driver/Src/stm32h7xx_hal.o
 .debug_macro   0x000000000002f8fa      0x14d ./Drivers/STM32H7xx_HAL_Driver/Src/stm32h7xx_hal.o
 .debug_macro   0x000000000002fa47      0x117 ./Drivers/STM32H7xx_HAL_Driver/Src/stm32h7xx_hal.o
 .debug_macro   0x000000000002fb5e      0x3b2 ./Drivers/STM32H7xx_HAL_Driver/Src/stm32h7xx_hal.o
 .debug_macro   0x000000000002ff10       0x27 ./Drivers/STM32H7xx_HAL_Driver/Src/stm32h7xx_hal.o
 .debug_macro   0x000000000002ff37      0x72d ./Drivers/STM32H7xx_HAL_Driver/Src/stm32h7xx_hal.o
 .debug_macro   0x0000000000030664      0x229 ./Drivers/STM32H7xx_HAL_Driver/Src/stm32h7xx_hal.o
 .debug_macro   0x000000000003088d       0x66 ./Drivers/STM32H7xx_HAL_Driver/Src/stm32h7xx_hal.o
 .debug_macro   0x00000000000308f3      0x3bb ./Drivers/STM32H7xx_HAL_Driver/Src/stm32h7xx_hal.o
 .debug_macro   0x0000000000030cae      0x3e5 ./Drivers/STM32H7xx_HAL_Driver/Src/stm32h7xx_hal.o
 .debug_macro   0x0000000000031093      0x275 ./Drivers/STM32H7xx_HAL_Driver/Src/stm32h7xx_hal.o
 .debug_macro   0x0000000000031308     0x1036 ./Drivers/STM32H7xx_HAL_Driver/Src/stm32h7xx_hal.o
 .debug_macro   0x000000000003233e      0x6c5 ./Drivers/STM32H7xx_HAL_Driver/Src/stm32h7xx_hal.o
 .debug_macro   0x0000000000032a03      0x36e ./Drivers/STM32H7xx_HAL_Driver/Src/stm32h7xx_hal.o
 .debug_macro   0x0000000000032d71      0x184 ./Drivers/STM32H7xx_HAL_Driver/Src/stm32h7xx_hal.o
 .debug_macro   0x0000000000032ef5       0xd8 ./Drivers/STM32H7xx_HAL_Driver/Src/stm32h7xx_hal.o
 .debug_macro   0x0000000000032fcd      0x3cb ./Drivers/STM32H7xx_HAL_Driver/Src/stm32h7xx_hal.o
 .debug_macro   0x0000000000033398      0x408 ./Drivers/STM32H7xx_HAL_Driver/Src/stm32h7xx_hal.o
 .debug_macro   0x00000000000337a0       0x51 ./Drivers/STM32H7xx_HAL_Driver/Src/stm32h7xx_hal.o
 .debug_macro   0x00000000000337f1       0x4a ./Drivers/STM32H7xx_HAL_Driver/Src/stm32h7xx_hal.o
 .debug_macro   0x000000000003383b      0x22c ./Drivers/STM32H7xx_HAL_Driver/Src/stm32h7xx_hal.o
 .debug_macro   0x0000000000033a67       0x67 ./Drivers/STM32H7xx_HAL_Driver/Src/stm32h7xx_hal.o
 .debug_macro   0x0000000000033ace       0xa5 ./Drivers/STM32H7xx_HAL_Driver/Src/stm32h7xx_hal.o
 .debug_macro   0x0000000000033b73      0x1c5 ./Drivers/STM32H7xx_HAL_Driver/Src/stm32h7xx_hal.o
 .debug_macro   0x0000000000033d38      0x25f ./Drivers/STM32H7xx_HAL_Driver/Src/stm32h7xx_hal.o
 .debug_macro   0x0000000000033f97       0x35 ./Drivers/STM32H7xx_HAL_Driver/Src/stm32h7xx_hal.o
 .debug_macro   0x0000000000033fcc      0x5dd ./Drivers/STM32H7xx_HAL_Driver/Src/stm32h7xx_hal.o
 .debug_macro   0x00000000000345a9       0x9e ./Drivers/STM32H7xx_HAL_Driver/Src/stm32h7xx_hal.o
 .debug_macro   0x0000000000034647      0xad7 ./Drivers/STM32H7xx_HAL_Driver/Src/stm32h7xx_hal.o
 .debug_macro   0x000000000003511e      0x2a0 ./Drivers/STM32H7xx_HAL_Driver/Src/stm32h7xx_hal.o
 .debug_macro   0x00000000000353be      0x5a0 ./Drivers/STM32H7xx_HAL_Driver/Src/stm32h7xx_hal.o
 .debug_macro   0x000000000003595e      0x30d ./Drivers/STM32H7xx_HAL_Driver/Src/stm32h7xx_hal_adc.o
 .debug_macro   0x0000000000035c6b      0x2f5 ./Drivers/STM32H7xx_HAL_Driver/Src/stm32h7xx_hal_adc_ex.o
 .debug_macro   0x0000000000035f60      0x2e9 ./Drivers/STM32H7xx_HAL_Driver/Src/stm32h7xx_hal_cortex.o
 .debug_macro   0x0000000000036249      0x2f1 ./Drivers/STM32H7xx_HAL_Driver/Src/stm32h7xx_hal_dac.o
 .debug_macro   0x000000000003653a      0x325 ./Drivers/STM32H7xx_HAL_Driver/Src/stm32h7xx_hal_gpio.o
 .debug_macro   0x000000000003685f      0x322 ./Drivers/STM32H7xx_HAL_Driver/Src/stm32h7xx_hal_pwr_ex.o
 .debug_macro   0x0000000000036b81      0x30d ./Drivers/STM32H7xx_HAL_Driver/Src/stm32h7xx_hal_rcc.o
 .debug_macro   0x0000000000036e8e      0x307 ./Drivers/STM32H7xx_HAL_Driver/Src/stm32h7xx_hal_rcc_ex.o
 .debug_macro   0x0000000000037195      0x2f8 ./Drivers/STM32H7xx_HAL_Driver/Src/stm32h7xx_hal_spi.o
 .debug_macro   0x000000000003748d      0x2ea ./Drivers/STM32H7xx_HAL_Driver/Src/stm32h7xx_hal_tim.o
 .debug_macro   0x0000000000037777      0x2e9 ./Drivers/STM32H7xx_HAL_Driver/Src/stm32h7xx_hal_tim_ex.o
 .debug_macro   0x0000000000037a60      0x302 ./Src/adc.o
 .debug_macro   0x0000000000037d62       0xbe ./Src/adc.o
 .debug_macro   0x0000000000037e20      0x302 ./Src/dac.o
 .debug_macro   0x0000000000038122      0x302 ./Src/gpio.o
 .debug_macro   0x0000000000038424      0x340 ./Src/main.o
 .debug_macro   0x0000000000038764      0x302 ./Src/spi.o
 .debug_macro   0x0000000000038a66      0x2f8 ./Src/stm32h7xx_hal_msp.o
 .debug_macro   0x0000000000038d5e      0x302 ./Src/stm32h7xx_it.o
 .debug_macro   0x0000000000039060      0x2ef ./Src/system_stm32h7xx.o
 .debug_macro   0x000000000003934f      0x302 ./Src/tim.o

.debug_line     0x0000000000000000    0x21e2d
 .debug_line    0x0000000000000000     0x1079 ./Drivers/STM32H7xx_HAL_Driver/Src/stm32h7xx_hal.o
 .debug_line    0x0000000000001079     0x332b ./Drivers/STM32H7xx_HAL_Driver/Src/stm32h7xx_hal_adc.o
 .debug_line    0x00000000000043a4     0x3212 ./Drivers/STM32H7xx_HAL_Driver/Src/stm32h7xx_hal_adc_ex.o
 .debug_line    0x00000000000075b6      0xf2a ./Drivers/STM32H7xx_HAL_Driver/Src/stm32h7xx_hal_cortex.o
 .debug_line    0x00000000000084e0     0x10ed ./Drivers/STM32H7xx_HAL_Driver/Src/stm32h7xx_hal_dac.o
 .debug_line    0x00000000000095cd      0xed4 ./Drivers/STM32H7xx_HAL_Driver/Src/stm32h7xx_hal_gpio.o
 .debug_line    0x000000000000a4a1     0x11bc ./Drivers/STM32H7xx_HAL_Driver/Src/stm32h7xx_hal_pwr_ex.o
 .debug_line    0x000000000000b65d     0x1cf3 ./Drivers/STM32H7xx_HAL_Driver/Src/stm32h7xx_hal_rcc.o
 .debug_line    0x000000000000d350     0x216f ./Drivers/STM32H7xx_HAL_Driver/Src/stm32h7xx_hal_rcc_ex.o
 .debug_line    0x000000000000f4bf     0x3313 ./Drivers/STM32H7xx_HAL_Driver/Src/stm32h7xx_hal_spi.o
 .debug_line    0x00000000000127d2     0x6b89 ./Drivers/STM32H7xx_HAL_Driver/Src/stm32h7xx_hal_tim.o
 .debug_line    0x000000000001935b     0x24eb ./Drivers/STM32H7xx_HAL_Driver/Src/stm32h7xx_hal_tim_ex.o
 .debug_line    0x000000000001b846      0xb3f ./Src/adc.o
 .debug_line    0x000000000001c385      0x9da ./Src/dac.o
 .debug_line    0x000000000001cd5f      0xa3c ./Src/gpio.o
 .debug_line    0x000000000001d79b     0x11f3 ./Src/main.o
 .debug_line    0x000000000001e98e      0xb3c ./Src/spi.o
 .debug_line    0x000000000001f4ca      0x8e1 ./Src/stm32h7xx_hal_msp.o
 .debug_line    0x000000000001fdab      0x9be ./Src/stm32h7xx_it.o
 .debug_line    0x0000000000020769      0xb52 ./Src/system_stm32h7xx.o
 .debug_line    0x00000000000212bb      0xaf1 ./Src/tim.o
 .debug_line    0x0000000000021dac       0x81 ./startup/startup_stm32h743xx.o

.debug_str      0x0000000000000000   0x17341e
 .debug_str     0x0000000000000000   0x16d378 ./Drivers/STM32H7xx_HAL_Driver/Src/stm32h7xx_hal.o
                                     0x16dbfd (size before relaxing)
 .debug_str     0x000000000016d378     0x104f ./Drivers/STM32H7xx_HAL_Driver/Src/stm32h7xx_hal_adc.o
                                     0x16dae5 (size before relaxing)
 .debug_str     0x000000000016e3c7      0x822 ./Drivers/STM32H7xx_HAL_Driver/Src/stm32h7xx_hal_adc_ex.o
                                     0x16db07 (size before relaxing)
 .debug_str     0x000000000016ebe9      0x460 ./Drivers/STM32H7xx_HAL_Driver/Src/stm32h7xx_hal_cortex.o
                                     0x16d6a8 (size before relaxing)
 .debug_str     0x000000000016f049      0x438 ./Drivers/STM32H7xx_HAL_Driver/Src/stm32h7xx_hal_dac.o
                                     0x16cfdf (size before relaxing)
 .debug_str     0x000000000016f481      0x27e ./Drivers/STM32H7xx_HAL_Driver/Src/stm32h7xx_hal_gpio.o
                                     0x16ce3f (size before relaxing)
 .debug_str     0x000000000016f6ff      0x668 ./Drivers/STM32H7xx_HAL_Driver/Src/stm32h7xx_hal_pwr_ex.o
                                     0x16d219 (size before relaxing)
 .debug_str     0x000000000016fd67      0x529 ./Drivers/STM32H7xx_HAL_Driver/Src/stm32h7xx_hal_rcc.o
                                     0x16d102 (size before relaxing)
 .debug_str     0x0000000000170290      0x931 ./Drivers/STM32H7xx_HAL_Driver/Src/stm32h7xx_hal_rcc_ex.o
                                     0x16d5c5 (size before relaxing)
 .debug_str     0x0000000000170bc1      0x81a ./Drivers/STM32H7xx_HAL_Driver/Src/stm32h7xx_hal_spi.o
                                     0x16d40b (size before relaxing)
 .debug_str     0x00000000001713db     0x1144 ./Drivers/STM32H7xx_HAL_Driver/Src/stm32h7xx_hal_tim.o
                                     0x16de69 (size before relaxing)
 .debug_str     0x000000000017251f      0x629 ./Drivers/STM32H7xx_HAL_Driver/Src/stm32h7xx_hal_tim_ex.o
                                     0x16d78d (size before relaxing)
 .debug_str     0x0000000000172b48      0x38f ./Src/adc.o
                                     0x16d55f (size before relaxing)
 .debug_str     0x0000000000172ed7       0x40 ./Src/dac.o
                                     0x16d3d1 (size before relaxing)
 .debug_str     0x0000000000172f17       0x27 ./Src/gpio.o
                                     0x16ce72 (size before relaxing)
 .debug_str     0x0000000000172f3e      0x31b ./Src/main.o
                                     0x16e4e3 (size before relaxing)
 .debug_str     0x0000000000173259       0x17 ./Src/spi.o
                                     0x16d46e (size before relaxing)
 .debug_str     0x0000000000173270       0x1b ./Src/stm32h7xx_hal_msp.o
                                     0x16cdb5 (size before relaxing)
 .debug_str     0x000000000017328b       0xc8 ./Src/stm32h7xx_it.o
                                     0x16d258 (size before relaxing)
 .debug_str     0x0000000000173353       0x58 ./Src/system_stm32h7xx.o
                                     0x16cd8a (size before relaxing)
 .debug_str     0x00000000001733ab       0x44 ./Src/tim.o
                                     0x16dec6 (size before relaxing)
 .debug_str     0x00000000001733ef       0x2f ./startup/startup_stm32h743xx.o
                                         0x71 (size before relaxing)

.comment        0x0000000000000000       0x53
 .comment       0x0000000000000000       0x53 ./Drivers/STM32H7xx_HAL_Driver/Src/stm32h7xx_hal.o
                                         0x54 (size before relaxing)
 .comment       0x0000000000000053       0x54 ./Drivers/STM32H7xx_HAL_Driver/Src/stm32h7xx_hal_adc.o
 .comment       0x0000000000000053       0x54 ./Drivers/STM32H7xx_HAL_Driver/Src/stm32h7xx_hal_adc_ex.o
 .comment       0x0000000000000053       0x54 ./Drivers/STM32H7xx_HAL_Driver/Src/stm32h7xx_hal_cortex.o
 .comment       0x0000000000000053       0x54 ./Drivers/STM32H7xx_HAL_Driver/Src/stm32h7xx_hal_dac.o
 .comment       0x0000000000000053       0x54 ./Drivers/STM32H7xx_HAL_Driver/Src/stm32h7xx_hal_gpio.o
 .comment       0x0000000000000053       0x54 ./Drivers/STM32H7xx_HAL_Driver/Src/stm32h7xx_hal_pwr_ex.o
 .comment       0x0000000000000053       0x54 ./Drivers/STM32H7xx_HAL_Driver/Src/stm32h7xx_hal_rcc.o
 .comment       0x0000000000000053       0x54 ./Drivers/STM32H7xx_HAL_Driver/Src/stm32h7xx_hal_rcc_ex.o
 .comment       0x0000000000000053       0x54 ./Drivers/STM32H7xx_HAL_Driver/Src/stm32h7xx_hal_spi.o
 .comment       0x0000000000000053       0x54 ./Drivers/STM32H7xx_HAL_Driver/Src/stm32h7xx_hal_tim.o
 .comment       0x0000000000000053       0x54 ./Drivers/STM32H7xx_HAL_Driver/Src/stm32h7xx_hal_tim_ex.o
 .comment       0x0000000000000053       0x54 ./Src/adc.o
 .comment       0x0000000000000053       0x54 ./Src/dac.o
 .comment       0x0000000000000053       0x54 ./Src/gpio.o
 .comment       0x0000000000000053       0x54 ./Src/main.o
 .comment       0x0000000000000053       0x54 ./Src/spi.o
 .comment       0x0000000000000053       0x54 ./Src/stm32h7xx_hal_msp.o
 .comment       0x0000000000000053       0x54 ./Src/stm32h7xx_it.o
 .comment       0x0000000000000053       0x54 ./Src/system_stm32h7xx.o
 .comment       0x0000000000000053       0x54 ./Src/tim.o

.debug_frame    0x0000000000000000     0x3524
 .debug_frame   0x0000000000000000      0x398 ./Drivers/STM32H7xx_HAL_Driver/Src/stm32h7xx_hal.o
 .debug_frame   0x0000000000000398      0x350 ./Drivers/STM32H7xx_HAL_Driver/Src/stm32h7xx_hal_adc.o
 .debug_frame   0x00000000000006e8      0x3d8 ./Drivers/STM32H7xx_HAL_Driver/Src/stm32h7xx_hal_adc_ex.o
 .debug_frame   0x0000000000000ac0      0x194 ./Drivers/STM32H7xx_HAL_Driver/Src/stm32h7xx_hal_cortex.o
 .debug_frame   0x0000000000000c54      0x204 ./Drivers/STM32H7xx_HAL_Driver/Src/stm32h7xx_hal_dac.o
 .debug_frame   0x0000000000000e58      0x100 ./Drivers/STM32H7xx_HAL_Driver/Src/stm32h7xx_hal_gpio.o
 .debug_frame   0x0000000000000f58      0x320 ./Drivers/STM32H7xx_HAL_Driver/Src/stm32h7xx_hal_pwr_ex.o
 .debug_frame   0x0000000000001278      0x1f4 ./Drivers/STM32H7xx_HAL_Driver/Src/stm32h7xx_hal_rcc.o
 .debug_frame   0x000000000000146c      0x2b4 ./Drivers/STM32H7xx_HAL_Driver/Src/stm32h7xx_hal_rcc_ex.o
 .debug_frame   0x0000000000001720      0x4fc ./Drivers/STM32H7xx_HAL_Driver/Src/stm32h7xx_hal_spi.o
 .debug_frame   0x0000000000001c1c      0xdc8 ./Drivers/STM32H7xx_HAL_Driver/Src/stm32h7xx_hal_tim.o
 .debug_frame   0x00000000000029e4      0x5a4 ./Drivers/STM32H7xx_HAL_Driver/Src/stm32h7xx_hal_tim_ex.o
 .debug_frame   0x0000000000002f88       0xa8 ./Src/adc.o
 .debug_frame   0x0000000000003030       0x74 ./Src/dac.o
 .debug_frame   0x00000000000030a4       0x40 ./Src/gpio.o
 .debug_frame   0x00000000000030e4      0x19c ./Src/main.o
 .debug_frame   0x0000000000003280       0x98 ./Src/spi.o
 .debug_frame   0x0000000000003318       0x28 ./Src/stm32h7xx_hal_msp.o
 .debug_frame   0x0000000000003340       0xb0 ./Src/stm32h7xx_it.o
 .debug_frame   0x00000000000033f0       0x4c ./Src/system_stm32h7xx.o
 .debug_frame   0x000000000000343c       0x9c ./Src/tim.o
 .debug_frame   0x00000000000034d8       0x2c c:/st/stm32cubeide_1.7.0/stm32cubeide/plugins/com.st.stm32cube.ide.mcu.externaltools.gnu-tools-for-stm32.9-2020-q2-update.win32_2.0.0.202105311346/tools/bin/../lib/gcc/arm-none-eabi/9.3.1/../../../../arm-none-eabi/lib/thumb/v7e-m+dp/hard\libc_nano.a(lib_a-init.o)
 .debug_frame   0x0000000000003504       0x20 c:/st/stm32cubeide_1.7.0/stm32cubeide/plugins/com.st.stm32cube.ide.mcu.externaltools.gnu-tools-for-stm32.9-2020-q2-update.win32_2.0.0.202105311346/tools/bin/../lib/gcc/arm-none-eabi/9.3.1/../../../../arm-none-eabi/lib/thumb/v7e-m+dp/hard\libc_nano.a(lib_a-memset.o)
