main.c:98:7:PIDInputSWitch	0	static
main.c:111:6:PID_vInit	16	static
main.c:141:6:PID_Calc	8	static
main.c:189:6:SPI1_start	8	static
main.c:196:6:SPI1_transmit	0	static
main.c:204:10:ADC_read	0	static
main.c:221:19:HAL_ADC_Stop1	8	static
main.c:228:19:HAL_ADC_PollForConversion1	0	static
main.c:254:6:HAL_ADC_ConvCpltCallback	0	static
main.c:265:6:HAL_TIM_PeriodElapsedCallback	40	static
main.c:237:6:HAL_TIM_IRQHandler1	8	static
main.c:464:6:Error_Handler	0	static
main.c:371:6:SystemClock_Config	120	static
main.c:429:6:PeriphCommonClock_Config	200	static
main.c:298:5:main	8	static
